Product: MDK-ARM Standard 5.10
Component: ARM Compiler 5.04 update 1 (build 49)
Tool: armlink [5040049]

==============================================================================

Section Cross References

    main.o(.text) refers to usart.o(.text) for USART1_Config
    main.o(.text) refers to tasks.o(.text) for vTaskStartScheduler
    main.o(.text) refers to printf8.o(i.__0printf$8) for __2printf
    stm32f10x_adc.o(.text) refers to stm32f10x_rcc.o(.text) for RCC_APB2PeriphResetCmd
    stm32f10x_bkp.o(.text) refers to stm32f10x_rcc.o(.text) for RCC_BackupResetCmd
    stm32f10x_can.o(.text) refers to stm32f10x_rcc.o(.text) for RCC_APB1PeriphResetCmd
    stm32f10x_cec.o(.text) refers to stm32f10x_rcc.o(.text) for RCC_APB1PeriphResetCmd
    stm32f10x_dac.o(.text) refers to stm32f10x_rcc.o(.text) for RCC_APB1PeriphResetCmd
    stm32f10x_gpio.o(.text) refers to stm32f10x_rcc.o(.text) for RCC_APB2PeriphResetCmd
    stm32f10x_i2c.o(.text) refers to stm32f10x_rcc.o(.text) for RCC_APB1PeriphResetCmd
    stm32f10x_pwr.o(.text) refers to stm32f10x_rcc.o(.text) for RCC_APB1PeriphResetCmd
    stm32f10x_rcc.o(.text) refers to stm32f10x_rcc.o(.data) for APBAHBPrescTable
    stm32f10x_spi.o(.text) refers to stm32f10x_rcc.o(.text) for RCC_APB2PeriphResetCmd
    stm32f10x_tim.o(.text) refers to stm32f10x_rcc.o(.text) for RCC_APB2PeriphResetCmd
    stm32f10x_usart.o(.text) refers to stm32f10x_rcc.o(.text) for RCC_APB2PeriphResetCmd
    stm32f10x_wwdg.o(.text) refers to stm32f10x_rcc.o(.text) for RCC_APB1PeriphResetCmd
    event_groups.o(.text) refers to heap_4.o(.text) for pvPortMalloc
    event_groups.o(.text) refers to list.o(.text) for vListInitialise
    event_groups.o(.text) refers to tasks.o(.text) for vTaskSuspendAll
    event_groups.o(.text) refers to port.o(.text) for vPortEnterCritical
    queue.o(.text) refers to port.o(.text) for vPortEnterCritical
    queue.o(.text) refers to tasks.o(.text) for xTaskRemoveFromEventList
    queue.o(.text) refers to list.o(.text) for vListInitialise
    queue.o(.text) refers to heap_4.o(.text) for pvPortMalloc
    queue.o(.text) refers to memcpya.o(.text) for __aeabi_memcpy
    stream_buffer.o(.text) refers to memseta.o(.text) for __aeabi_memclr4
    stream_buffer.o(.text) refers to heap_4.o(.text) for pvPortMalloc
    stream_buffer.o(.text) refers to port.o(.text) for vPortEnterCritical
    stream_buffer.o(.text) refers to memcpya.o(.text) for __aeabi_memcpy
    stream_buffer.o(.text) refers to tasks.o(.text) for vTaskSetTimeOutState
    tasks.o(.text) refers to list.o(.text) for vListInitialise
    tasks.o(.text) refers to port.o(.text) for vPortEnterCritical
    tasks.o(.text) refers to heap_4.o(.text) for pvPortMalloc
    tasks.o(.text) refers to memseta.o(.text) for __aeabi_memclr4
    tasks.o(.text) refers to tasks.o(.bss) for pxReadyTasksLists
    tasks.o(.text) refers to tasks.o(.data) for pxDelayedTaskList
    heap_4.o(.text) refers to tasks.o(.text) for vTaskSuspendAll
    heap_4.o(.text) refers to memseta.o(.text) for __aeabi_memclr
    heap_4.o(.text) refers to port.o(.text) for vPortEnterCritical
    heap_4.o(.text) refers to heap_4.o(.data) for xStart
    heap_4.o(.text) refers to heap_4.o(.bss) for ucHeap
    port.o(.emb_text) refers to tasks.o(.text) for vTaskSwitchContext
    port.o(.emb_text) refers to tasks.o(.data) for pxCurrentTCB
    port.o(.text) refers to port.o(.emb_text) for __asm___6_port_c_39a90d8d__prvStartFirstTask
    port.o(.text) refers to tasks.o(.text) for xTaskIncrementTick
    port.o(.text) refers to port.o(.data) for uxCriticalNesting
    system_stm32f10x.o(.text) refers to system_stm32f10x.o(.data) for SystemCoreClock
    startup_stm32f10x_hd.o(RESET) refers to startup_stm32f10x_hd.o(STACK) for __initial_sp
    startup_stm32f10x_hd.o(RESET) refers to startup_stm32f10x_hd.o(.text) for Reset_Handler
    startup_stm32f10x_hd.o(RESET) refers to stm32f10x_it.o(.text) for NMI_Handler
    startup_stm32f10x_hd.o(RESET) refers to port.o(.emb_text) for SVC_Handler
    startup_stm32f10x_hd.o(RESET) refers to port.o(.text) for SysTick_Handler
    startup_stm32f10x_hd.o(RESET) refers to usart.o(.text) for USART3_IRQHandler
    startup_stm32f10x_hd.o(.text) refers to system_stm32f10x.o(.text) for SystemInit
    startup_stm32f10x_hd.o(.text) refers to entry.o(.ARM.Collect$$$$00000000) for __main
    usart.o(.text) refers to stm32f10x_rcc.o(.text) for RCC_APB2PeriphClockCmd
    usart.o(.text) refers to stm32f10x_gpio.o(.text) for GPIO_Init
    usart.o(.text) refers to stm32f10x_usart.o(.text) for USART_ITConfig
    usart.o(.text) refers to misc.o(.text) for NVIC_Init
    usart.o(.text) refers to ringbuf.o(.text) for ringbuf_init
    usart.o(.text) refers to usart.o(.bss) for USART3_RingBuf
    ringbuf.o(.text) refers to memseta.o(.text) for __aeabi_memclr
    random.o(.text) refers to rand.o(.text) for srand
    random.o(.text) refers to platform_timer.o(.text) for platform_timer_now
    random.o(.text) refers to platform_memory.o(.text) for platform_memory_alloc
    random.o(.text) refers to random.o(.data) for last_seed
    mqttconnectclient.o(.text) refers to mqttpacket.o(.text) for MQTTstrlen
    mqttconnectserver.o(.text) refers to memcmp.o(.text) for memcmp
    mqttconnectserver.o(.text) refers to mqttpacket.o(.text) for readChar
    mqttdeserializepublish.o(.text) refers to mqttpacket.o(.text) for readChar
    mqttformat.o(.text) refers to printf8.o(i.__0snprintf$8) for __2snprintf
    mqttformat.o(.text) refers to mqttformat.o(.data) for MQTTPacket_names
    mqttformat.o(.text) refers to mqttformat.o(.conststring) for .conststring
    mqttformat.o(.data) refers to mqttformat.o(.conststring) for .conststring
    mqttpacket.o(.text) refers to strlen.o(.text) for strlen
    mqttpacket.o(.text) refers to memcpya.o(.text) for __aeabi_memcpy
    mqttpacket.o(.text) refers to strncmp.o(.text) for strncmp
    mqttpacket.o(.text) refers to mqttpacket.o(.data) for bufptr
    mqttserializepublish.o(.text) refers to mqttpacket.o(.text) for MQTTstrlen
    mqttserializepublish.o(.text) refers to memcpya.o(.text) for __aeabi_memcpy
    mqttsubscribeclient.o(.text) refers to mqttpacket.o(.text) for MQTTstrlen
    mqttsubscribeserver.o(.text) refers to mqttpacket.o(.text) for readChar
    mqttunsubscribeclient.o(.text) refers to mqttpacket.o(.text) for MQTTstrlen
    mqttunsubscribeclient.o(.text) refers to mqttdeserializepublish.o(.text) for MQTTDeserialize_ack
    mqttunsubscribeserver.o(.text) refers to mqttpacket.o(.text) for readChar
    mqttclient.o(.text) refers to printf8.o(i.__0printf$8) for __2printf
    mqttclient.o(.text) refers to platform_mutex.o(.text) for platform_mutex_lock
    mqttclient.o(.text) refers to mqttpacket.o(.text) for readChar
    mqttclient.o(.text) refers to network.o(.text) for network_read
    mqttclient.o(.text) refers to platform_timer.o(.text) for platform_timer_remain
    mqttclient.o(.text) refers to strlen.o(.text) for strlen
    mqttclient.o(.text) refers to strncmp.o(.text) for strncmp
    mqttclient.o(.text) refers to mqttclient.o(.constdata) for __FUNCTION__
    mqttclient.o(.text) refers to mqttclient.o(.data) for g_remain_len
    mqttclient.o(.text) refers to memcpya.o(.text) for __aeabi_memcpy
    mqttclient.o(.text) refers to memseta.o(.text) for __aeabi_memclr
    mqttclient.o(.text) refers to platform_memory.o(.text) for platform_memory_alloc
    mqttclient.o(.text) refers to mqtt_list.o(.text) for mqtt_list_init
    mqttclient.o(.text) refers to mqttsubscribeclient.o(.text) for MQTTSerialize_subscribe
    mqttclient.o(.text) refers to mqttclient.o(.conststring) for .conststring
    mqttclient.o(.text) refers to mqttconnectclient.o(.text) for MQTTSerialize_pingreq
    mqttclient.o(.text) refers to mqttserializepublish.o(.text) for MQTTSerialize_ack
    mqttclient.o(.text) refers to mqttdeserializepublish.o(.text) for MQTTDeserialize_ack
    mqttclient.o(.text) refers to mqttunsubscribeclient.o(.text) for MQTTDeserialize_unsuback
    mqttclient.o(.text) refers to platform_thread.o(.text) for platform_thread_stop
    nettype_tcp.o(.text) refers to platform_net_socket.o(.text) for platform_net_socket_recv_timeout
    network.o(.text) refers to nettype_tcp.o(.text) for nettype_tcp_read
    platform_memory.o(.text) refers to heap_4.o(.text) for pvPortMalloc
    platform_memory.o(.text) refers to memseta.o(.text) for __aeabi_memclr
    platform_memory.o(.text) refers to printf8.o(i.__0printf$8) for __2printf
    platform_mutex.o(.text) refers to queue.o(.text) for xQueueCreateMutex
    platform_thread.o(.text) refers to platform_memory.o(.text) for platform_memory_alloc
    platform_thread.o(.text) refers to tasks.o(.text) for xTaskCreate
    platform_timer.o(.text) refers to tasks.o(.text) for xTaskGetTickCount
    entry.o(.ARM.Collect$$$$00000000) refers (Special) to entry10a.o(.ARM.Collect$$$$0000000D) for __rt_final_cpp
    entry.o(.ARM.Collect$$$$00000000) refers (Special) to entry11a.o(.ARM.Collect$$$$0000000F) for __rt_final_exit
    entry.o(.ARM.Collect$$$$00000000) refers (Special) to entry7b.o(.ARM.Collect$$$$00000008) for _main_clock
    entry.o(.ARM.Collect$$$$00000000) refers (Special) to entry8b.o(.ARM.Collect$$$$0000000A) for _main_cpp_init
    entry.o(.ARM.Collect$$$$00000000) refers (Special) to entry9a.o(.ARM.Collect$$$$0000000B) for _main_init
    entry.o(.ARM.Collect$$$$00000000) refers (Special) to entry5.o(.ARM.Collect$$$$00000004) for _main_scatterload
    entry.o(.ARM.Collect$$$$00000000) refers (Special) to entry2.o(.ARM.Collect$$$$00000001) for _main_stk
    rand.o(.text) refers to rand.o(.data) for .data
    printfb.o(i.__0fprintf$bare) refers to printfb.o(i._printf_core) for _printf_core
    printfb.o(i.__0fprintf$bare) refers to usart.o(.text) for fputc
    printfb.o(i.__0printf$bare) refers to printfb.o(i._printf_core) for _printf_core
    printfb.o(i.__0printf$bare) refers to usart.o(.text) for fputc
    printfb.o(i.__0printf$bare) refers to stdout.o(.data) for __stdout
    printfb.o(i.__0snprintf$bare) refers to printfb.o(i._printf_core) for _printf_core
    printfb.o(i.__0snprintf$bare) refers to printfb.o(i._snputc) for _snputc
    printfb.o(i.__0sprintf$bare) refers to printfb.o(i._printf_core) for _printf_core
    printfb.o(i.__0sprintf$bare) refers to printfb.o(i._sputc) for _sputc
    printfb.o(i.__0vfprintf$bare) refers to printfb.o(i._printf_core) for _printf_core
    printfb.o(i.__0vfprintf$bare) refers to usart.o(.text) for fputc
    printfb.o(i.__0vprintf$bare) refers to printfb.o(i._printf_core) for _printf_core
    printfb.o(i.__0vprintf$bare) refers to usart.o(.text) for fputc
    printfb.o(i.__0vprintf$bare) refers to stdout.o(.data) for __stdout
    printfb.o(i.__0vsnprintf$bare) refers to printfb.o(i._printf_core) for _printf_core
    printfb.o(i.__0vsnprintf$bare) refers to printfb.o(i._snputc) for _snputc
    printfb.o(i.__0vsprintf$bare) refers to printfb.o(i._printf_core) for _printf_core
    printfb.o(i.__0vsprintf$bare) refers to printfb.o(i._sputc) for _sputc
    printf0.o(i.__0fprintf$0) refers to printf0.o(i._printf_core) for _printf_core
    printf0.o(i.__0fprintf$0) refers to usart.o(.text) for fputc
    printf0.o(i.__0printf$0) refers to printf0.o(i._printf_core) for _printf_core
    printf0.o(i.__0printf$0) refers to usart.o(.text) for fputc
    printf0.o(i.__0printf$0) refers to stdout.o(.data) for __stdout
    printf0.o(i.__0snprintf$0) refers to printf0.o(i._printf_core) for _printf_core
    printf0.o(i.__0snprintf$0) refers to printf0.o(i._snputc) for _snputc
    printf0.o(i.__0sprintf$0) refers to printf0.o(i._printf_core) for _printf_core
    printf0.o(i.__0sprintf$0) refers to printf0.o(i._sputc) for _sputc
    printf0.o(i.__0vfprintf$0) refers to printf0.o(i._printf_core) for _printf_core
    printf0.o(i.__0vfprintf$0) refers to usart.o(.text) for fputc
    printf0.o(i.__0vprintf$0) refers to printf0.o(i._printf_core) for _printf_core
    printf0.o(i.__0vprintf$0) refers to usart.o(.text) for fputc
    printf0.o(i.__0vprintf$0) refers to stdout.o(.data) for __stdout
    printf0.o(i.__0vsnprintf$0) refers to printf0.o(i._printf_core) for _printf_core
    printf0.o(i.__0vsnprintf$0) refers to printf0.o(i._snputc) for _snputc
    printf0.o(i.__0vsprintf$0) refers to printf0.o(i._printf_core) for _printf_core
    printf0.o(i.__0vsprintf$0) refers to printf0.o(i._sputc) for _sputc
    printf1.o(i.__0fprintf$1) refers to printf1.o(i._printf_core) for _printf_core
    printf1.o(i.__0fprintf$1) refers to usart.o(.text) for fputc
    printf1.o(i.__0printf$1) refers to printf1.o(i._printf_core) for _printf_core
    printf1.o(i.__0printf$1) refers to usart.o(.text) for fputc
    printf1.o(i.__0printf$1) refers to stdout.o(.data) for __stdout
    printf1.o(i.__0snprintf$1) refers to printf1.o(i._printf_core) for _printf_core
    printf1.o(i.__0snprintf$1) refers to printf1.o(i._snputc) for _snputc
    printf1.o(i.__0sprintf$1) refers to printf1.o(i._printf_core) for _printf_core
    printf1.o(i.__0sprintf$1) refers to printf1.o(i._sputc) for _sputc
    printf1.o(i.__0vfprintf$1) refers to printf1.o(i._printf_core) for _printf_core
    printf1.o(i.__0vfprintf$1) refers to usart.o(.text) for fputc
    printf1.o(i.__0vprintf$1) refers to printf1.o(i._printf_core) for _printf_core
    printf1.o(i.__0vprintf$1) refers to usart.o(.text) for fputc
    printf1.o(i.__0vprintf$1) refers to stdout.o(.data) for __stdout
    printf1.o(i.__0vsnprintf$1) refers to printf1.o(i._printf_core) for _printf_core
    printf1.o(i.__0vsnprintf$1) refers to printf1.o(i._snputc) for _snputc
    printf1.o(i.__0vsprintf$1) refers to printf1.o(i._printf_core) for _printf_core
    printf1.o(i.__0vsprintf$1) refers to printf1.o(i._sputc) for _sputc
    printf1.o(i._printf_core) refers to uidiv.o(.text) for __aeabi_uidivmod
    printf2.o(i.__0fprintf$2) refers to printf2.o(i._printf_core) for _printf_core
    printf2.o(i.__0fprintf$2) refers to usart.o(.text) for fputc
    printf2.o(i.__0printf$2) refers to printf2.o(i._printf_core) for _printf_core
    printf2.o(i.__0printf$2) refers to usart.o(.text) for fputc
    printf2.o(i.__0printf$2) refers to stdout.o(.data) for __stdout
    printf2.o(i.__0snprintf$2) refers to printf2.o(i._printf_core) for _printf_core
    printf2.o(i.__0snprintf$2) refers to printf2.o(i._snputc) for _snputc
    printf2.o(i.__0sprintf$2) refers to printf2.o(i._printf_core) for _printf_core
    printf2.o(i.__0sprintf$2) refers to printf2.o(i._sputc) for _sputc
    printf2.o(i.__0vfprintf$2) refers to printf2.o(i._printf_core) for _printf_core
    printf2.o(i.__0vfprintf$2) refers to usart.o(.text) for fputc
    printf2.o(i.__0vprintf$2) refers to printf2.o(i._printf_core) for _printf_core
    printf2.o(i.__0vprintf$2) refers to usart.o(.text) for fputc
    printf2.o(i.__0vprintf$2) refers to stdout.o(.data) for __stdout
    printf2.o(i.__0vsnprintf$2) refers to printf2.o(i._printf_core) for _printf_core
    printf2.o(i.__0vsnprintf$2) refers to printf2.o(i._snputc) for _snputc
    printf2.o(i.__0vsprintf$2) refers to printf2.o(i._printf_core) for _printf_core
    printf2.o(i.__0vsprintf$2) refers to printf2.o(i._sputc) for _sputc
    printf3.o(i.__0fprintf$3) refers to printf3.o(i._printf_core) for _printf_core
    printf3.o(i.__0fprintf$3) refers to usart.o(.text) for fputc
    printf3.o(i.__0printf$3) refers to printf3.o(i._printf_core) for _printf_core
    printf3.o(i.__0printf$3) refers to usart.o(.text) for fputc
    printf3.o(i.__0printf$3) refers to stdout.o(.data) for __stdout
    printf3.o(i.__0snprintf$3) refers to printf3.o(i._printf_core) for _printf_core
    printf3.o(i.__0snprintf$3) refers to printf3.o(i._snputc) for _snputc
    printf3.o(i.__0sprintf$3) refers to printf3.o(i._printf_core) for _printf_core
    printf3.o(i.__0sprintf$3) refers to printf3.o(i._sputc) for _sputc
    printf3.o(i.__0vfprintf$3) refers to printf3.o(i._printf_core) for _printf_core
    printf3.o(i.__0vfprintf$3) refers to usart.o(.text) for fputc
    printf3.o(i.__0vprintf$3) refers to printf3.o(i._printf_core) for _printf_core
    printf3.o(i.__0vprintf$3) refers to usart.o(.text) for fputc
    printf3.o(i.__0vprintf$3) refers to stdout.o(.data) for __stdout
    printf3.o(i.__0vsnprintf$3) refers to printf3.o(i._printf_core) for _printf_core
    printf3.o(i.__0vsnprintf$3) refers to printf3.o(i._snputc) for _snputc
    printf3.o(i.__0vsprintf$3) refers to printf3.o(i._printf_core) for _printf_core
    printf3.o(i.__0vsprintf$3) refers to printf3.o(i._sputc) for _sputc
    printf3.o(i._printf_core) refers to uidiv.o(.text) for __aeabi_uidivmod
    printf4.o(i.__0fprintf$4) refers to printf4.o(i._printf_core) for _printf_core
    printf4.o(i.__0fprintf$4) refers to usart.o(.text) for fputc
    printf4.o(i.__0printf$4) refers to printf4.o(i._printf_core) for _printf_core
    printf4.o(i.__0printf$4) refers to usart.o(.text) for fputc
    printf4.o(i.__0printf$4) refers to stdout.o(.data) for __stdout
    printf4.o(i.__0snprintf$4) refers to printf4.o(i._printf_core) for _printf_core
    printf4.o(i.__0snprintf$4) refers to printf4.o(i._snputc) for _snputc
    printf4.o(i.__0sprintf$4) refers to printf4.o(i._printf_core) for _printf_core
    printf4.o(i.__0sprintf$4) refers to printf4.o(i._sputc) for _sputc
    printf4.o(i.__0vfprintf$4) refers to printf4.o(i._printf_core) for _printf_core
    printf4.o(i.__0vfprintf$4) refers to usart.o(.text) for fputc
    printf4.o(i.__0vprintf$4) refers to printf4.o(i._printf_core) for _printf_core
    printf4.o(i.__0vprintf$4) refers to usart.o(.text) for fputc
    printf4.o(i.__0vprintf$4) refers to stdout.o(.data) for __stdout
    printf4.o(i.__0vsnprintf$4) refers to printf4.o(i._printf_core) for _printf_core
    printf4.o(i.__0vsnprintf$4) refers to printf4.o(i._snputc) for _snputc
    printf4.o(i.__0vsprintf$4) refers to printf4.o(i._printf_core) for _printf_core
    printf4.o(i.__0vsprintf$4) refers to printf4.o(i._sputc) for _sputc
    printf4.o(i._printf_core) refers to uldiv.o(.text) for __aeabi_uldivmod
    printf5.o(i.__0fprintf$5) refers to printf5.o(i._printf_core) for _printf_core
    printf5.o(i.__0fprintf$5) refers to usart.o(.text) for fputc
    printf5.o(i.__0printf$5) refers to printf5.o(i._printf_core) for _printf_core
    printf5.o(i.__0printf$5) refers to usart.o(.text) for fputc
    printf5.o(i.__0printf$5) refers to stdout.o(.data) for __stdout
    printf5.o(i.__0snprintf$5) refers to printf5.o(i._printf_core) for _printf_core
    printf5.o(i.__0snprintf$5) refers to printf5.o(i._snputc) for _snputc
    printf5.o(i.__0sprintf$5) refers to printf5.o(i._printf_core) for _printf_core
    printf5.o(i.__0sprintf$5) refers to printf5.o(i._sputc) for _sputc
    printf5.o(i.__0vfprintf$5) refers to printf5.o(i._printf_core) for _printf_core
    printf5.o(i.__0vfprintf$5) refers to usart.o(.text) for fputc
    printf5.o(i.__0vprintf$5) refers to printf5.o(i._printf_core) for _printf_core
    printf5.o(i.__0vprintf$5) refers to usart.o(.text) for fputc
    printf5.o(i.__0vprintf$5) refers to stdout.o(.data) for __stdout
    printf5.o(i.__0vsnprintf$5) refers to printf5.o(i._printf_core) for _printf_core
    printf5.o(i.__0vsnprintf$5) refers to printf5.o(i._snputc) for _snputc
    printf5.o(i.__0vsprintf$5) refers to printf5.o(i._printf_core) for _printf_core
    printf5.o(i.__0vsprintf$5) refers to printf5.o(i._sputc) for _sputc
    printf5.o(i._printf_core) refers to uldiv.o(.text) for __aeabi_uldivmod
    printf6.o(i.__0fprintf$6) refers to printf6.o(i._printf_core) for _printf_core
    printf6.o(i.__0fprintf$6) refers to usart.o(.text) for fputc
    printf6.o(i.__0printf$6) refers to printf6.o(i._printf_core) for _printf_core
    printf6.o(i.__0printf$6) refers to usart.o(.text) for fputc
    printf6.o(i.__0printf$6) refers to stdout.o(.data) for __stdout
    printf6.o(i.__0snprintf$6) refers to printf6.o(i._printf_core) for _printf_core
    printf6.o(i.__0snprintf$6) refers to printf6.o(i._snputc) for _snputc
    printf6.o(i.__0sprintf$6) refers to printf6.o(i._printf_core) for _printf_core
    printf6.o(i.__0sprintf$6) refers to printf6.o(i._sputc) for _sputc
    printf6.o(i.__0vfprintf$6) refers to printf6.o(i._printf_core) for _printf_core
    printf6.o(i.__0vfprintf$6) refers to usart.o(.text) for fputc
    printf6.o(i.__0vprintf$6) refers to printf6.o(i._printf_core) for _printf_core
    printf6.o(i.__0vprintf$6) refers to usart.o(.text) for fputc
    printf6.o(i.__0vprintf$6) refers to stdout.o(.data) for __stdout
    printf6.o(i.__0vsnprintf$6) refers to printf6.o(i._printf_core) for _printf_core
    printf6.o(i.__0vsnprintf$6) refers to printf6.o(i._snputc) for _snputc
    printf6.o(i.__0vsprintf$6) refers to printf6.o(i._printf_core) for _printf_core
    printf6.o(i.__0vsprintf$6) refers to printf6.o(i._sputc) for _sputc
    printf6.o(i._printf_core) refers to printf6.o(i._printf_pre_padding) for _printf_pre_padding
    printf6.o(i._printf_core) refers to uidiv.o(.text) for __aeabi_uidivmod
    printf6.o(i._printf_core) refers to printf6.o(i._printf_post_padding) for _printf_post_padding
    printf7.o(i.__0fprintf$7) refers to printf7.o(i._printf_core) for _printf_core
    printf7.o(i.__0fprintf$7) refers to usart.o(.text) for fputc
    printf7.o(i.__0printf$7) refers to printf7.o(i._printf_core) for _printf_core
    printf7.o(i.__0printf$7) refers to usart.o(.text) for fputc
    printf7.o(i.__0printf$7) refers to stdout.o(.data) for __stdout
    printf7.o(i.__0snprintf$7) refers to printf7.o(i._printf_core) for _printf_core
    printf7.o(i.__0snprintf$7) refers to printf7.o(i._snputc) for _snputc
    printf7.o(i.__0sprintf$7) refers to printf7.o(i._printf_core) for _printf_core
    printf7.o(i.__0sprintf$7) refers to printf7.o(i._sputc) for _sputc
    printf7.o(i.__0vfprintf$7) refers to printf7.o(i._printf_core) for _printf_core
    printf7.o(i.__0vfprintf$7) refers to usart.o(.text) for fputc
    printf7.o(i.__0vprintf$7) refers to printf7.o(i._printf_core) for _printf_core
    printf7.o(i.__0vprintf$7) refers to usart.o(.text) for fputc
    printf7.o(i.__0vprintf$7) refers to stdout.o(.data) for __stdout
    printf7.o(i.__0vsnprintf$7) refers to printf7.o(i._printf_core) for _printf_core
    printf7.o(i.__0vsnprintf$7) refers to printf7.o(i._snputc) for _snputc
    printf7.o(i.__0vsprintf$7) refers to printf7.o(i._printf_core) for _printf_core
    printf7.o(i.__0vsprintf$7) refers to printf7.o(i._sputc) for _sputc
    printf7.o(i._printf_core) refers to printf7.o(i._printf_pre_padding) for _printf_pre_padding
    printf7.o(i._printf_core) refers to uldiv.o(.text) for __aeabi_uldivmod
    printf7.o(i._printf_core) refers to printf7.o(i._printf_post_padding) for _printf_post_padding
    printf8.o(i.__0fprintf$8) refers to printf8.o(i._printf_core) for _printf_core
    printf8.o(i.__0fprintf$8) refers to usart.o(.text) for fputc
    printf8.o(i.__0printf$8) refers to printf8.o(i._printf_core) for _printf_core
    printf8.o(i.__0printf$8) refers to usart.o(.text) for fputc
    printf8.o(i.__0printf$8) refers to stdout.o(.data) for __stdout
    printf8.o(i.__0snprintf$8) refers to printf8.o(i._printf_core) for _printf_core
    printf8.o(i.__0snprintf$8) refers to printf8.o(i._snputc) for _snputc
    printf8.o(i.__0sprintf$8) refers to printf8.o(i._printf_core) for _printf_core
    printf8.o(i.__0sprintf$8) refers to printf8.o(i._sputc) for _sputc
    printf8.o(i.__0vfprintf$8) refers to printf8.o(i._printf_core) for _printf_core
    printf8.o(i.__0vfprintf$8) refers to usart.o(.text) for fputc
    printf8.o(i.__0vprintf$8) refers to printf8.o(i._printf_core) for _printf_core
    printf8.o(i.__0vprintf$8) refers to usart.o(.text) for fputc
    printf8.o(i.__0vprintf$8) refers to stdout.o(.data) for __stdout
    printf8.o(i.__0vsnprintf$8) refers to printf8.o(i._printf_core) for _printf_core
    printf8.o(i.__0vsnprintf$8) refers to printf8.o(i._snputc) for _snputc
    printf8.o(i.__0vsprintf$8) refers to printf8.o(i._printf_core) for _printf_core
    printf8.o(i.__0vsprintf$8) refers to printf8.o(i._sputc) for _sputc
    printf8.o(i._printf_core) refers to printf8.o(i._printf_pre_padding) for _printf_pre_padding
    printf8.o(i._printf_core) refers to uldiv.o(.text) for __aeabi_uldivmod
    printf8.o(i._printf_core) refers to printf8.o(i._printf_post_padding) for _printf_post_padding
    printfa.o(i.__0fprintf) refers (Special) to iusefp.o(.text) for __I$use$fp
    printfa.o(i.__0fprintf) refers to printfa.o(i._printf_core) for _printf_core
    printfa.o(i.__0fprintf) refers to usart.o(.text) for fputc
    printfa.o(i.__0printf) refers (Special) to iusefp.o(.text) for __I$use$fp
    printfa.o(i.__0printf) refers to printfa.o(i._printf_core) for _printf_core
    printfa.o(i.__0printf) refers to usart.o(.text) for fputc
    printfa.o(i.__0printf) refers to stdout.o(.data) for __stdout
    printfa.o(i.__0snprintf) refers (Special) to iusefp.o(.text) for __I$use$fp
    printfa.o(i.__0snprintf) refers to printfa.o(i._printf_core) for _printf_core
    printfa.o(i.__0snprintf) refers to printfa.o(i._snputc) for _snputc
    printfa.o(i.__0sprintf) refers (Special) to iusefp.o(.text) for __I$use$fp
    printfa.o(i.__0sprintf) refers to printfa.o(i._printf_core) for _printf_core
    printfa.o(i.__0sprintf) refers to printfa.o(i._sputc) for _sputc
    printfa.o(i.__0vfprintf) refers (Special) to iusefp.o(.text) for __I$use$fp
    printfa.o(i.__0vfprintf) refers to printfa.o(i._printf_core) for _printf_core
    printfa.o(i.__0vfprintf) refers to usart.o(.text) for fputc
    printfa.o(i.__0vprintf) refers (Special) to iusefp.o(.text) for __I$use$fp
    printfa.o(i.__0vprintf) refers to printfa.o(i._printf_core) for _printf_core
    printfa.o(i.__0vprintf) refers to usart.o(.text) for fputc
    printfa.o(i.__0vprintf) refers to stdout.o(.data) for __stdout
    printfa.o(i.__0vsnprintf) refers (Special) to iusefp.o(.text) for __I$use$fp
    printfa.o(i.__0vsnprintf) refers to printfa.o(i._printf_core) for _printf_core
    printfa.o(i.__0vsnprintf) refers to printfa.o(i._snputc) for _snputc
    printfa.o(i.__0vsprintf) refers (Special) to iusefp.o(.text) for __I$use$fp
    printfa.o(i.__0vsprintf) refers to printfa.o(i._printf_core) for _printf_core
    printfa.o(i.__0vsprintf) refers to printfa.o(i._sputc) for _sputc
    printfa.o(i._fp_digits) refers (Special) to iusefp.o(.text) for __I$use$fp
    printfa.o(i._fp_digits) refers to dmul.o(.text) for __aeabi_dmul
    printfa.o(i._fp_digits) refers to ddiv.o(.text) for __aeabi_ddiv
    printfa.o(i._fp_digits) refers to cdrcmple.o(.text) for __aeabi_cdrcmple
    printfa.o(i._fp_digits) refers to dadd.o(.text) for __aeabi_dadd
    printfa.o(i._fp_digits) refers to dfixul.o(.text) for __aeabi_d2ulz
    printfa.o(i._fp_digits) refers to uldiv.o(.text) for __aeabi_uldivmod
    printfa.o(i._printf_core) refers (Special) to iusefp.o(.text) for __I$use$fp
    printfa.o(i._printf_core) refers to printfa.o(i._printf_pre_padding) for _printf_pre_padding
    printfa.o(i._printf_core) refers to uldiv.o(.text) for __aeabi_uldivmod
    printfa.o(i._printf_core) refers to printfa.o(i._printf_post_padding) for _printf_post_padding
    printfa.o(i._printf_core) refers to printfa.o(i._fp_digits) for _fp_digits
    printfa.o(i._printf_core) refers to uidiv.o(.text) for __aeabi_uidivmod
    printfa.o(i._printf_post_padding) refers (Special) to iusefp.o(.text) for __I$use$fp
    printfa.o(i._printf_pre_padding) refers (Special) to iusefp.o(.text) for __I$use$fp
    printfa.o(i._snputc) refers (Special) to iusefp.o(.text) for __I$use$fp
    printfa.o(i._sputc) refers (Special) to iusefp.o(.text) for __I$use$fp
    entry2.o(.ARM.Collect$$$$00000001) refers to entry2.o(.ARM.Collect$$$$00002712) for __lit__00000000
    entry2.o(.ARM.Collect$$$$00002712) refers to startup_stm32f10x_hd.o(STACK) for __initial_sp
    entry2.o(__vectab_stack_and_reset_area) refers to startup_stm32f10x_hd.o(STACK) for __initial_sp
    entry2.o(__vectab_stack_and_reset_area) refers to entry.o(.ARM.Collect$$$$00000000) for __main
    entry5.o(.ARM.Collect$$$$00000004) refers to init.o(.text) for __scatterload
    entry9a.o(.ARM.Collect$$$$0000000B) refers to main.o(.text) for main
    entry9b.o(.ARM.Collect$$$$0000000C) refers to main.o(.text) for main
    uldiv.o(.text) refers to llushr.o(.text) for __aeabi_llsr
    uldiv.o(.text) refers to llshl.o(.text) for __aeabi_llsl
    dadd.o(.text) refers to llshl.o(.text) for __aeabi_llsl
    dadd.o(.text) refers to llsshr.o(.text) for __aeabi_lasr
    dadd.o(.text) refers to depilogue.o(.text) for _double_epilogue
    dmul.o(.text) refers to depilogue.o(.text) for _double_epilogue
    ddiv.o(.text) refers to depilogue.o(.text) for _double_round
    dfixul.o(.text) refers to llushr.o(.text) for __aeabi_llsr
    dfixul.o(.text) refers to llshl.o(.text) for __aeabi_llsl
    init.o(.text) refers to entry5.o(.ARM.Collect$$$$00000004) for __main_after_scatterload
    depilogue.o(.text) refers to llshl.o(.text) for __aeabi_llsl
    depilogue.o(.text) refers to llushr.o(.text) for __aeabi_llsr


==============================================================================

Removing Unused input sections from the image.

    Removing stm32f10x_adc.o(.text), (1102 bytes).
    Removing stm32f10x_bkp.o(.text), (196 bytes).
    Removing stm32f10x_can.o(.text), (2544 bytes).
    Removing stm32f10x_cec.o(.text), (288 bytes).
    Removing stm32f10x_crc.o(.text), (72 bytes).
    Removing stm32f10x_dac.o(.text), (396 bytes).
    Removing stm32f10x_dbgmcu.o(.text), (48 bytes).
    Removing stm32f10x_dma.o(.text), (596 bytes).
    Removing stm32f10x_exti.o(.text), (284 bytes).
    Removing stm32f10x_flash.o(.text), (1468 bytes).
    Removing stm32f10x_fsmc.o(.text), (1548 bytes).
    Removing stm32f10x_i2c.o(.text), (1028 bytes).
    Removing stm32f10x_iwdg.o(.text), (64 bytes).
    Removing stm32f10x_pwr.o(.text), (204 bytes).
    Removing stm32f10x_rtc.o(.text), (328 bytes).
    Removing stm32f10x_sdio.o(.text), (468 bytes).
    Removing stm32f10x_spi.o(.text), (780 bytes).
    Removing stm32f10x_tim.o(.text), (3610 bytes).
    Removing stm32f10x_wwdg.o(.text), (136 bytes).
    Removing event_groups.o(.text), (716 bytes).
    Removing queue.o(.text), (2406 bytes).
    Removing stream_buffer.o(.text), (1592 bytes).
    Removing core_cm3.o(.emb_text), (32 bytes).
    Removing startup_stm32f10x_hd.o(HEAP), (512 bytes).
    Removing mqtt_list.o(.text), (164 bytes).
    Removing random.o(.text), (300 bytes).
    Removing random.o(.data), (4 bytes).
    Removing mqttconnectclient.o(.text), (708 bytes).
    Removing mqttconnectserver.o(.text), (508 bytes).
    Removing mqttdeserializepublish.o(.text), (276 bytes).
    Removing mqttformat.o(.text), (760 bytes).
    Removing mqttformat.o(.conststring), (383 bytes).
    Removing mqttformat.o(.data), (60 bytes).
    Removing mqttpacket.o(.text), (1020 bytes).
    Removing mqttpacket.o(.data), (4 bytes).
    Removing mqttserializepublish.o(.text), (398 bytes).
    Removing mqttsubscribeclient.o(.text), (368 bytes).
    Removing mqttsubscribeserver.o(.text), (286 bytes).
    Removing mqttunsubscribeclient.o(.text), (258 bytes).
    Removing mqttunsubscribeserver.o(.text), (230 bytes).
    Removing mqttclient.o(.text), (7796 bytes).
    Removing mqttclient.o(.constdata), (740 bytes).
    Removing mqttclient.o(.conststring), (70 bytes).
    Removing mqttclient.o(.data), (4 bytes).
    Removing nettype_tcp.o(.text), (106 bytes).
    Removing network.o(.text), (162 bytes).
    Removing platform_memory.o(.text), (96 bytes).
    Removing platform_mutex.o(.text), (78 bytes).
    Removing platform_net_socket.o(.text), (42 bytes).
    Removing platform_thread.o(.text), (110 bytes).
    Removing platform_timer.o(.text), (128 bytes).
    Removing dadd.o(.text), (334 bytes).
    Removing dmul.o(.text), (228 bytes).
    Removing ddiv.o(.text), (222 bytes).
    Removing dfixul.o(.text), (48 bytes).
    Removing cdrcmple.o(.text), (40 bytes).
    Removing depilogue.o(.text), (182 bytes).

57 unused section(s) (total 36531 bytes) removed from the image.

==============================================================================

Image Symbol Table

    Local Symbols

    Symbol Name                              Value     Ov Type        Size  Object(Section)

    ../clib/microlib/division.c              0x00000000   Number         0  uldiv.o ABSOLUTE
    ../clib/microlib/division.c              0x00000000   Number         0  uidiv.o ABSOLUTE
    ../clib/microlib/init/entry.s            0x00000000   Number         0  entry.o ABSOLUTE
    ../clib/microlib/init/entry.s            0x00000000   Number         0  entry8a.o ABSOLUTE
    ../clib/microlib/init/entry.s            0x00000000   Number         0  entry11a.o ABSOLUTE
    ../clib/microlib/init/entry.s            0x00000000   Number         0  entry2.o ABSOLUTE
    ../clib/microlib/init/entry.s            0x00000000   Number         0  entry5.o ABSOLUTE
    ../clib/microlib/init/entry.s            0x00000000   Number         0  entry10b.o ABSOLUTE
    ../clib/microlib/init/entry.s            0x00000000   Number         0  entry7a.o ABSOLUTE
    ../clib/microlib/init/entry.s            0x00000000   Number         0  entry7b.o ABSOLUTE
    ../clib/microlib/init/entry.s            0x00000000   Number         0  entry11b.o ABSOLUTE
    ../clib/microlib/init/entry.s            0x00000000   Number         0  entry10a.o ABSOLUTE
    ../clib/microlib/init/entry.s            0x00000000   Number         0  entry9b.o ABSOLUTE
    ../clib/microlib/init/entry.s            0x00000000   Number         0  entry9a.o ABSOLUTE
    ../clib/microlib/init/entry.s            0x00000000   Number         0  entry8b.o ABSOLUTE
    ../clib/microlib/longlong.c              0x00000000   Number         0  llsshr.o ABSOLUTE
    ../clib/microlib/longlong.c              0x00000000   Number         0  llushr.o ABSOLUTE
    ../clib/microlib/longlong.c              0x00000000   Number         0  llshl.o ABSOLUTE
    ../clib/microlib/printf/printf.c         0x00000000   Number         0  printf1.o ABSOLUTE
    ../clib/microlib/printf/printf.c         0x00000000   Number         0  printf2.o ABSOLUTE
    ../clib/microlib/printf/printf.c         0x00000000   Number         0  printf3.o ABSOLUTE
    ../clib/microlib/printf/printf.c         0x00000000   Number         0  printf5.o ABSOLUTE
    ../clib/microlib/printf/printf.c         0x00000000   Number         0  printf6.o ABSOLUTE
    ../clib/microlib/printf/printf.c         0x00000000   Number         0  printf4.o ABSOLUTE
    ../clib/microlib/printf/printf.c         0x00000000   Number         0  printfa.o ABSOLUTE
    ../clib/microlib/printf/printf.c         0x00000000   Number         0  printf8.o ABSOLUTE
    ../clib/microlib/printf/printf.c         0x00000000   Number         0  printf7.o ABSOLUTE
    ../clib/microlib/printf/printf.c         0x00000000   Number         0  printf0.o ABSOLUTE
    ../clib/microlib/printf/printf.c         0x00000000   Number         0  printfb.o ABSOLUTE
    ../clib/microlib/printf/stubs.s          0x00000000   Number         0  stubs.o ABSOLUTE
    ../clib/microlib/stdio/streams.c         0x00000000   Number         0  stdout.o ABSOLUTE
    ../clib/microlib/stdlib/rand.c           0x00000000   Number         0  rand.o ABSOLUTE
    ../clib/microlib/string/memcmp.c         0x00000000   Number         0  memcmp.o ABSOLUTE
    ../clib/microlib/string/memcpy.c         0x00000000   Number         0  memcpya.o ABSOLUTE
    ../clib/microlib/string/memcpy.c         0x00000000   Number         0  memcpyb.o ABSOLUTE
    ../clib/microlib/string/memset.c         0x00000000   Number         0  memseta.o ABSOLUTE
    ../clib/microlib/string/strlen.c         0x00000000   Number         0  strlen.o ABSOLUTE
    ../clib/microlib/string/strncmp.c        0x00000000   Number         0  strncmp.o ABSOLUTE
    ../clib/microlib/stubs.s                 0x00000000   Number         0  iusefp.o ABSOLUTE
    ../fplib/microlib/fpadd.c                0x00000000   Number         0  dadd.o ABSOLUTE
    ../fplib/microlib/fpdiv.c                0x00000000   Number         0  ddiv.o ABSOLUTE
    ../fplib/microlib/fpepilogue.c           0x00000000   Number         0  depilogue.o ABSOLUTE
    ../fplib/microlib/fpfix.c                0x00000000   Number         0  dfixul.o ABSOLUTE
    ../fplib/microlib/fpmul.c                0x00000000   Number         0  dmul.o ABSOLUTE
    ..\DRIVE\mqttclient\common\mqtt_list.c   0x00000000   Number         0  mqtt_list.o ABSOLUTE
    ..\DRIVE\mqttclient\common\random.c      0x00000000   Number         0  random.o ABSOLUTE
    ..\DRIVE\mqttclient\mqtt\MQTTConnectClient.c 0x00000000   Number         0  mqttconnectclient.o ABSOLUTE
    ..\DRIVE\mqttclient\mqtt\MQTTConnectServer.c 0x00000000   Number         0  mqttconnectserver.o ABSOLUTE
    ..\DRIVE\mqttclient\mqtt\MQTTDeserializePublish.c 0x00000000   Number         0  mqttdeserializepublish.o ABSOLUTE
    ..\DRIVE\mqttclient\mqtt\MQTTFormat.c    0x00000000   Number         0  mqttformat.o ABSOLUTE
    ..\DRIVE\mqttclient\mqtt\MQTTPacket.c    0x00000000   Number         0  mqttpacket.o ABSOLUTE
    ..\DRIVE\mqttclient\mqtt\MQTTSerializePublish.c 0x00000000   Number         0  mqttserializepublish.o ABSOLUTE
    ..\DRIVE\mqttclient\mqtt\MQTTSubscribeClient.c 0x00000000   Number         0  mqttsubscribeclient.o ABSOLUTE
    ..\DRIVE\mqttclient\mqtt\MQTTSubscribeServer.c 0x00000000   Number         0  mqttsubscribeserver.o ABSOLUTE
    ..\DRIVE\mqttclient\mqtt\MQTTUnsubscribeClient.c 0x00000000   Number         0  mqttunsubscribeclient.o ABSOLUTE
    ..\DRIVE\mqttclient\mqtt\MQTTUnsubscribeServer.c 0x00000000   Number         0  mqttunsubscribeserver.o ABSOLUTE
    ..\DRIVE\mqttclient\mqttclient\mqttclient.c 0x00000000   Number         0  mqttclient.o ABSOLUTE
    ..\DRIVE\mqttclient\network\nettype_tcp.c 0x00000000   Number         0  nettype_tcp.o ABSOLUTE
    ..\DRIVE\mqttclient\network\network.c    0x00000000   Number         0  network.o ABSOLUTE
    ..\DRIVE\mqttclient\platform\FreeRTOS\platform_memory.c 0x00000000   Number         0  platform_memory.o ABSOLUTE
    ..\DRIVE\mqttclient\platform\FreeRTOS\platform_mutex.c 0x00000000   Number         0  platform_mutex.o ABSOLUTE
    ..\DRIVE\mqttclient\platform\FreeRTOS\platform_net_socket.c 0x00000000   Number         0  platform_net_socket.o ABSOLUTE
    ..\DRIVE\mqttclient\platform\FreeRTOS\platform_thread.c 0x00000000   Number         0  platform_thread.o ABSOLUTE
    ..\DRIVE\mqttclient\platform\FreeRTOS\platform_timer.c 0x00000000   Number         0  platform_timer.o ABSOLUTE
    ..\DRIVE\src\USART.c                     0x00000000   Number         0  usart.o ABSOLUTE
    ..\DRIVE\src\ringbuf.c                   0x00000000   Number         0  ringbuf.o ABSOLUTE
    ..\FreeRTOS\croutine.c                   0x00000000   Number         0  croutine.o ABSOLUTE
    ..\FreeRTOS\event_groups.c               0x00000000   Number         0  event_groups.o ABSOLUTE
    ..\FreeRTOS\list.c                       0x00000000   Number         0  list.o ABSOLUTE
    ..\FreeRTOS\portable\MemMang\heap_4.c    0x00000000   Number         0  heap_4.o ABSOLUTE
    ..\FreeRTOS\portable\RVDS\ARM_CM3\port.c 0x00000000   Number         0  port.o ABSOLUTE
    ..\FreeRTOS\queue.c                      0x00000000   Number         0  queue.o ABSOLUTE
    ..\FreeRTOS\stream_buffer.c              0x00000000   Number         0  stream_buffer.o ABSOLUTE
    ..\FreeRTOS\tasks.c                      0x00000000   Number         0  tasks.o ABSOLUTE
    ..\FreeRTOS\timers.c                     0x00000000   Number         0  timers.o ABSOLUTE
    ..\MDK_ARM\core_cm3.c                    0x00000000   Number         0  core_cm3.o ABSOLUTE
    ..\MDK_ARM\startup_stm32f10x_hd.s        0x00000000   Number         0  startup_stm32f10x_hd.o ABSOLUTE
    ..\MDK_ARM\system_stm32f10x.c            0x00000000   Number         0  system_stm32f10x.o ABSOLUTE
    ..\STM32F10xLIB\src\misc.c               0x00000000   Number         0  misc.o ABSOLUTE
    ..\STM32F10xLIB\src\stm32f10x_adc.c      0x00000000   Number         0  stm32f10x_adc.o ABSOLUTE
    ..\STM32F10xLIB\src\stm32f10x_bkp.c      0x00000000   Number         0  stm32f10x_bkp.o ABSOLUTE
    ..\STM32F10xLIB\src\stm32f10x_can.c      0x00000000   Number         0  stm32f10x_can.o ABSOLUTE
    ..\STM32F10xLIB\src\stm32f10x_cec.c      0x00000000   Number         0  stm32f10x_cec.o ABSOLUTE
    ..\STM32F10xLIB\src\stm32f10x_crc.c      0x00000000   Number         0  stm32f10x_crc.o ABSOLUTE
    ..\STM32F10xLIB\src\stm32f10x_dac.c      0x00000000   Number         0  stm32f10x_dac.o ABSOLUTE
    ..\STM32F10xLIB\src\stm32f10x_dbgmcu.c   0x00000000   Number         0  stm32f10x_dbgmcu.o ABSOLUTE
    ..\STM32F10xLIB\src\stm32f10x_dma.c      0x00000000   Number         0  stm32f10x_dma.o ABSOLUTE
    ..\STM32F10xLIB\src\stm32f10x_exti.c     0x00000000   Number         0  stm32f10x_exti.o ABSOLUTE
    ..\STM32F10xLIB\src\stm32f10x_flash.c    0x00000000   Number         0  stm32f10x_flash.o ABSOLUTE
    ..\STM32F10xLIB\src\stm32f10x_fsmc.c     0x00000000   Number         0  stm32f10x_fsmc.o ABSOLUTE
    ..\STM32F10xLIB\src\stm32f10x_gpio.c     0x00000000   Number         0  stm32f10x_gpio.o ABSOLUTE
    ..\STM32F10xLIB\src\stm32f10x_i2c.c      0x00000000   Number         0  stm32f10x_i2c.o ABSOLUTE
    ..\STM32F10xLIB\src\stm32f10x_iwdg.c     0x00000000   Number         0  stm32f10x_iwdg.o ABSOLUTE
    ..\STM32F10xLIB\src\stm32f10x_pwr.c      0x00000000   Number         0  stm32f10x_pwr.o ABSOLUTE
    ..\STM32F10xLIB\src\stm32f10x_rcc.c      0x00000000   Number         0  stm32f10x_rcc.o ABSOLUTE
    ..\STM32F10xLIB\src\stm32f10x_rtc.c      0x00000000   Number         0  stm32f10x_rtc.o ABSOLUTE
    ..\STM32F10xLIB\src\stm32f10x_sdio.c     0x00000000   Number         0  stm32f10x_sdio.o ABSOLUTE
    ..\STM32F10xLIB\src\stm32f10x_spi.c      0x00000000   Number         0  stm32f10x_spi.o ABSOLUTE
    ..\STM32F10xLIB\src\stm32f10x_tim.c      0x00000000   Number         0  stm32f10x_tim.o ABSOLUTE
    ..\STM32F10xLIB\src\stm32f10x_usart.c    0x00000000   Number         0  stm32f10x_usart.o ABSOLUTE
    ..\STM32F10xLIB\src\stm32f10x_wwdg.c     0x00000000   Number         0  stm32f10x_wwdg.o ABSOLUTE
    ..\USER\main.c                           0x00000000   Number         0  main.o ABSOLUTE
    ..\USER\stm32f10x_it.c                   0x00000000   Number         0  stm32f10x_it.o ABSOLUTE
    ..\\FreeRTOS\\portable\\RVDS\\ARM_CM3\\port.c 0x00000000   Number         0  port.o ABSOLUTE
    ..\\MDK_ARM\\core_cm3.c                  0x00000000   Number         0  core_cm3.o ABSOLUTE
    cdrcmple.s                               0x00000000   Number         0  cdrcmple.o ABSOLUTE
    dc.s                                     0x00000000   Number         0  dc.o ABSOLUTE
    handlers.s                               0x00000000   Number         0  handlers.o ABSOLUTE
    init.s                                   0x00000000   Number         0  init.o ABSOLUTE
    RESET                                    0x08000000   Section      304  startup_stm32f10x_hd.o(RESET)
    .ARM.Collect$$$$00000000                 0x08000130   Section        0  entry.o(.ARM.Collect$$$$00000000)
    .ARM.Collect$$$$00000001                 0x08000130   Section        4  entry2.o(.ARM.Collect$$$$00000001)
    .ARM.Collect$$$$00000004                 0x08000134   Section        4  entry5.o(.ARM.Collect$$$$00000004)
    .ARM.Collect$$$$00000008                 0x08000138   Section        0  entry7b.o(.ARM.Collect$$$$00000008)
    .ARM.Collect$$$$0000000A                 0x08000138   Section        0  entry8b.o(.ARM.Collect$$$$0000000A)
    .ARM.Collect$$$$0000000B                 0x08000138   Section        8  entry9a.o(.ARM.Collect$$$$0000000B)
    .ARM.Collect$$$$0000000D                 0x08000140   Section        0  entry10a.o(.ARM.Collect$$$$0000000D)
    .ARM.Collect$$$$0000000F                 0x08000140   Section        0  entry11a.o(.ARM.Collect$$$$0000000F)
    .ARM.Collect$$$$00002712                 0x08000140   Section        4  entry2.o(.ARM.Collect$$$$00002712)
    __lit__00000000                          0x08000140   Data           4  entry2.o(.ARM.Collect$$$$00002712)
    .emb_text                                0x08000144   Section      150  port.o(.emb_text)
    .text                                    0x080001dc   Section        0  main.o(.text)
    .text                                    0x0800021c   Section        0  stm32f10x_it.o(.text)
    .text                                    0x08000230   Section        0  misc.o(.text)
    .text                                    0x0800030c   Section        0  stm32f10x_gpio.o(.text)
    .text                                    0x08000668   Section        0  stm32f10x_rcc.o(.text)
    .text                                    0x08000a0c   Section        0  stm32f10x_usart.o(.text)
    .text                                    0x08000e14   Section        0  list.o(.text)
    .text                                    0x08000ea8   Section        0  tasks.o(.text)
    prvInitialiseTaskLists                   0x08000ea9   Thumb Code    70  tasks.o(.text)
    prvAddNewTaskToReadyList                 0x08000eef   Thumb Code   200  tasks.o(.text)
    prvInitialiseNewTask                     0x08000fb7   Thumb Code   124  tasks.o(.text)
    prvDeleteTCB                             0x0800109b   Thumb Code    18  tasks.o(.text)
    prvResetNextTaskUnblockTime              0x080010ad   Thumb Code    40  tasks.o(.text)
    prvAddCurrentTaskToDelayedList           0x0800146f   Thumb Code   164  tasks.o(.text)
    prvTaskIsTaskSuspended                   0x08001867   Thumb Code    56  tasks.o(.text)
    prvCheckTasksWaitingTermination          0x080019f9   Thumb Code    60  tasks.o(.text)
    prvIdleTask                              0x08001a35   Thumb Code    32  tasks.o(.text)
    .text                                    0x080026b8   Section        0  heap_4.o(.text)
    prvInsertBlockIntoFreeList               0x080026b9   Thumb Code    96  heap_4.o(.text)
    prvHeapInit                              0x08002719   Thumb Code    90  heap_4.o(.text)
    .text                                    0x08002950   Section        0  port.o(.text)
    prvTaskExitError                         0x08002951   Thumb Code    22  port.o(.text)
    .text                                    0x08002a40   Section        0  system_stm32f10x.o(.text)
    SetSysClockTo72                          0x08002a41   Thumb Code   214  system_stm32f10x.o(.text)
    SetSysClock                              0x08002b17   Thumb Code     8  system_stm32f10x.o(.text)
    .text                                    0x08002c20   Section       36  startup_stm32f10x_hd.o(.text)
    .text                                    0x08002c44   Section        0  usart.o(.text)
    .text                                    0x08002e38   Section        0  ringbuf.o(.text)
    .text                                    0x08002ed6   Section        0  memseta.o(.text)
    .text                                    0x08002efa   Section        0  uldiv.o(.text)
    .text                                    0x08002f5c   Section       36  init.o(.text)
    .text                                    0x08002f80   Section        0  llshl.o(.text)
    .text                                    0x08002f9e   Section        0  llushr.o(.text)
    i.__0printf$8                            0x08002fc0   Section        0  printf8.o(i.__0printf$8)
    i.__scatterload_copy                     0x08002fe0   Section       14  handlers.o(i.__scatterload_copy)
    i.__scatterload_null                     0x08002fee   Section        2  handlers.o(i.__scatterload_null)
    i.__scatterload_zeroinit                 0x08002ff0   Section       14  handlers.o(i.__scatterload_zeroinit)
    i._printf_core                           0x08003000   Section        0  printf8.o(i._printf_core)
    _printf_core                             0x08003001   Thumb Code   988  printf8.o(i._printf_core)
    i._printf_post_padding                   0x08003408   Section        0  printf8.o(i._printf_post_padding)
    _printf_post_padding                     0x08003409   Thumb Code    36  printf8.o(i._printf_post_padding)
    i._printf_pre_padding                    0x0800342c   Section        0  printf8.o(i._printf_pre_padding)
    _printf_pre_padding                      0x0800342d   Thumb Code    46  printf8.o(i._printf_pre_padding)
    .data                                    0x20000000   Section       20  stm32f10x_rcc.o(.data)
    APBAHBPrescTable                         0x20000000   Data          16  stm32f10x_rcc.o(.data)
    ADCPrescTable                            0x20000010   Data           4  stm32f10x_rcc.o(.data)
    .data                                    0x20000014   Section       64  tasks.o(.data)
    pxDelayedTaskList                        0x20000018   Data           4  tasks.o(.data)
    pxOverflowDelayedTaskList                0x2000001c   Data           4  tasks.o(.data)
    uxDeletedTasksWaitingCleanUp             0x20000020   Data           4  tasks.o(.data)
    uxCurrentNumberOfTasks                   0x20000024   Data           4  tasks.o(.data)
    xTickCount                               0x20000028   Data           4  tasks.o(.data)
    uxTopReadyPriority                       0x2000002c   Data           4  tasks.o(.data)
    xSchedulerRunning                        0x20000030   Data           4  tasks.o(.data)
    xPendedTicks                             0x20000034   Data           4  tasks.o(.data)
    xYieldPending                            0x20000038   Data           4  tasks.o(.data)
    xNumOfOverflows                          0x2000003c   Data           4  tasks.o(.data)
    uxTaskNumber                             0x20000040   Data           4  tasks.o(.data)
    xNextTaskUnblockTime                     0x20000044   Data           4  tasks.o(.data)
    xIdleTaskHandle                          0x20000048   Data           4  tasks.o(.data)
    uxSchedulerSuspended                     0x20000050   Data           4  tasks.o(.data)
    .data                                    0x20000054   Section       28  heap_4.o(.data)
    xStart                                   0x20000054   Data           8  heap_4.o(.data)
    pxEnd                                    0x2000005c   Data           4  heap_4.o(.data)
    xFreeBytesRemaining                      0x20000060   Data           4  heap_4.o(.data)
    xMinimumEverFreeBytesRemaining           0x20000064   Data           4  heap_4.o(.data)
    xNumberOfSuccessfulAllocations           0x20000068   Data           4  heap_4.o(.data)
    xNumberOfSuccessfulFrees                 0x2000006c   Data           4  heap_4.o(.data)
    .data                                    0x20000070   Section        4  port.o(.data)
    uxCriticalNesting                        0x20000070   Data           4  port.o(.data)
    .data                                    0x20000074   Section       20  system_stm32f10x.o(.data)
    .data                                    0x20000088   Section        4  stdout.o(.data)
    .bss                                     0x2000008c   Section      200  tasks.o(.bss)
    pxReadyTasksLists                        0x2000008c   Data         100  tasks.o(.bss)
    xDelayedTaskList1                        0x200000f0   Data          20  tasks.o(.bss)
    xDelayedTaskList2                        0x20000104   Data          20  tasks.o(.bss)
    xPendingReadyList                        0x20000118   Data          20  tasks.o(.bss)
    xTasksWaitingTermination                 0x2000012c   Data          20  tasks.o(.bss)
    xSuspendedTaskList                       0x20000140   Data          20  tasks.o(.bss)
    .bss                                     0x20000154   Section    17408  heap_4.o(.bss)
    ucHeap                                   0x20000154   Data       17408  heap_4.o(.bss)
    .bss                                     0x20004554   Section       22  usart.o(.bss)
    STACK                                    0x20004570   Section     1024  startup_stm32f10x_hd.o(STACK)

    Global Symbols

    Symbol Name                              Value     Ov Type        Size  Object(Section)

    BuildAttributes$$THM_ISAv4$P$D$K$B$S$PE$A:L22UL41UL21$X:L11$S22US41US21$IEEE1$IW$USESV6$~STKCKD$USESV7$~SHL$OSPACE$ROPI$EBA8$MICROLIB$REQ8$PRES8$EABIv2 0x00000000   Number         0  anon$$obj.o ABSOLUTE
    __ARM_use_no_argv                        0x00000000   Number         0  main.o ABSOLUTE
    _printf_a                                0x00000000   Number         0  stubs.o ABSOLUTE
    _printf_c                                0x00000000   Number         0  stubs.o ABSOLUTE
    _printf_charcount                        0x00000000   Number         0  stubs.o ABSOLUTE
    _printf_d                                0x00000000   Number         0  stubs.o ABSOLUTE
    _printf_e                                0x00000000   Number         0  stubs.o ABSOLUTE
    _printf_f                                0x00000000   Number         0  stubs.o ABSOLUTE
    _printf_flags                            0x00000000   Number         0  stubs.o ABSOLUTE
    _printf_fp_dec                           0x00000000   Number         0  stubs.o ABSOLUTE
    _printf_fp_hex                           0x00000000   Number         0  stubs.o ABSOLUTE
    _printf_g                                0x00000000   Number         0  stubs.o ABSOLUTE
    _printf_i                                0x00000000   Number         0  stubs.o ABSOLUTE
    _printf_int_dec                          0x00000000   Number         0  stubs.o ABSOLUTE
    _printf_l                                0x00000000   Number         0  stubs.o ABSOLUTE
    _printf_lc                               0x00000000   Number         0  stubs.o ABSOLUTE
    _printf_ll                               0x00000000   Number         0  stubs.o ABSOLUTE
    _printf_lld                              0x00000000   Number         0  stubs.o ABSOLUTE
    _printf_lli                              0x00000000   Number         0  stubs.o ABSOLUTE
    _printf_llo                              0x00000000   Number         0  stubs.o ABSOLUTE
    _printf_llu                              0x00000000   Number         0  stubs.o ABSOLUTE
    _printf_llx                              0x00000000   Number         0  stubs.o ABSOLUTE
    _printf_longlong_dec                     0x00000000   Number         0  stubs.o ABSOLUTE
    _printf_longlong_hex                     0x00000000   Number         0  stubs.o ABSOLUTE
    _printf_longlong_oct                     0x00000000   Number         0  stubs.o ABSOLUTE
    _printf_ls                               0x00000000   Number         0  stubs.o ABSOLUTE
    _printf_mbtowc                           0x00000000   Number         0  stubs.o ABSOLUTE
    _printf_n                                0x00000000   Number         0  stubs.o ABSOLUTE
    _printf_o                                0x00000000   Number         0  stubs.o ABSOLUTE
    _printf_p                                0x00000000   Number         0  stubs.o ABSOLUTE
    _printf_percent                          0x00000000   Number         0  stubs.o ABSOLUTE
    _printf_pre_padding                      0x00000000   Number         0  stubs.o ABSOLUTE
    _printf_return_value                     0x00000000   Number         0  stubs.o ABSOLUTE
    _printf_s                                0x00000000   Number         0  stubs.o ABSOLUTE
    _printf_sizespec                         0x00000000   Number         0  stubs.o ABSOLUTE
    _printf_str                              0x00000000   Number         0  stubs.o ABSOLUTE
    _printf_truncate_signed                  0x00000000   Number         0  stubs.o ABSOLUTE
    _printf_truncate_unsigned                0x00000000   Number         0  stubs.o ABSOLUTE
    _printf_u                                0x00000000   Number         0  stubs.o ABSOLUTE
    _printf_wc                               0x00000000   Number         0  stubs.o ABSOLUTE
    _printf_wctomb                           0x00000000   Number         0  stubs.o ABSOLUTE
    _printf_widthprec                        0x00000000   Number         0  stubs.o ABSOLUTE
    _printf_x                                0x00000000   Number         0  stubs.o ABSOLUTE
    __cpp_initialize__aeabi_                  - Undefined Weak Reference
    __cxa_finalize                            - Undefined Weak Reference
    __decompress                              - Undefined Weak Reference
    _clock_init                               - Undefined Weak Reference
    _microlib_exit                            - Undefined Weak Reference
    __Vectors_Size                           0x00000130   Number         0  startup_stm32f10x_hd.o ABSOLUTE
    __Vectors                                0x08000000   Data           4  startup_stm32f10x_hd.o(RESET)
    __Vectors_End                            0x08000130   Data           0  startup_stm32f10x_hd.o(RESET)
    __main                                   0x08000131   Thumb Code     0  entry.o(.ARM.Collect$$$$00000000)
    _main_stk                                0x08000131   Thumb Code     0  entry2.o(.ARM.Collect$$$$00000001)
    _main_scatterload                        0x08000135   Thumb Code     0  entry5.o(.ARM.Collect$$$$00000004)
    __main_after_scatterload                 0x08000139   Thumb Code     0  entry5.o(.ARM.Collect$$$$00000004)
    _main_clock                              0x08000139   Thumb Code     0  entry7b.o(.ARM.Collect$$$$00000008)
    _main_cpp_init                           0x08000139   Thumb Code     0  entry8b.o(.ARM.Collect$$$$0000000A)
    _main_init                               0x08000139   Thumb Code     0  entry9a.o(.ARM.Collect$$$$0000000B)
    __rt_final_cpp                           0x08000141   Thumb Code     0  entry10a.o(.ARM.Collect$$$$0000000D)
    __rt_final_exit                          0x08000141   Thumb Code     0  entry11a.o(.ARM.Collect$$$$0000000F)
    SVC_Handler                              0x08000145   Thumb Code    32  port.o(.emb_text)
    __asm___6_port_c_39a90d8d__prvStartFirstTask 0x08000169   Thumb Code    28  port.o(.emb_text)
    PendSV_Handler                           0x08000189   Thumb Code    72  port.o(.emb_text)
    vPortGetIPSR                             0x080001d5   Thumb Code     6  port.o(.emb_text)
    main                                     0x080001dd   Thumb Code    32  main.o(.text)
    Task1Funcation                           0x080001fd   Thumb Code    18  main.o(.text)
    NMI_Handler                              0x0800021d   Thumb Code     2  stm32f10x_it.o(.text)
    HardFault_Handler                        0x0800021f   Thumb Code     4  stm32f10x_it.o(.text)
    MemManage_Handler                        0x08000223   Thumb Code     4  stm32f10x_it.o(.text)
    BusFault_Handler                         0x08000227   Thumb Code     4  stm32f10x_it.o(.text)
    UsageFault_Handler                       0x0800022b   Thumb Code     4  stm32f10x_it.o(.text)
    DebugMon_Handler                         0x0800022f   Thumb Code     2  stm32f10x_it.o(.text)
    NVIC_PriorityGroupConfig                 0x08000231   Thumb Code    10  misc.o(.text)
    NVIC_Init                                0x0800023b   Thumb Code   100  misc.o(.text)
    NVIC_SetVectorTable                      0x0800029f   Thumb Code    14  misc.o(.text)
    NVIC_SystemLPConfig                      0x080002ad   Thumb Code    34  misc.o(.text)
    SysTick_CLKSourceConfig                  0x080002cf   Thumb Code    40  misc.o(.text)
    GPIO_DeInit                              0x0800030d   Thumb Code   172  stm32f10x_gpio.o(.text)
    GPIO_AFIODeInit                          0x080003b9   Thumb Code    20  stm32f10x_gpio.o(.text)
    GPIO_Init                                0x080003cd   Thumb Code   278  stm32f10x_gpio.o(.text)
    GPIO_StructInit                          0x080004e3   Thumb Code    16  stm32f10x_gpio.o(.text)
    GPIO_ReadInputDataBit                    0x080004f3   Thumb Code    18  stm32f10x_gpio.o(.text)
    GPIO_ReadInputData                       0x08000505   Thumb Code     8  stm32f10x_gpio.o(.text)
    GPIO_ReadOutputDataBit                   0x0800050d   Thumb Code    18  stm32f10x_gpio.o(.text)
    GPIO_ReadOutputData                      0x0800051f   Thumb Code     8  stm32f10x_gpio.o(.text)
    GPIO_SetBits                             0x08000527   Thumb Code     4  stm32f10x_gpio.o(.text)
    GPIO_ResetBits                           0x0800052b   Thumb Code     4  stm32f10x_gpio.o(.text)
    GPIO_WriteBit                            0x0800052f   Thumb Code    10  stm32f10x_gpio.o(.text)
    GPIO_Write                               0x08000539   Thumb Code     4  stm32f10x_gpio.o(.text)
    GPIO_PinLockConfig                       0x0800053d   Thumb Code    18  stm32f10x_gpio.o(.text)
    GPIO_EventOutputConfig                   0x0800054f   Thumb Code    26  stm32f10x_gpio.o(.text)
    GPIO_EventOutputCmd                      0x08000569   Thumb Code     6  stm32f10x_gpio.o(.text)
    GPIO_PinRemapConfig                      0x0800056f   Thumb Code   138  stm32f10x_gpio.o(.text)
    GPIO_EXTILineConfig                      0x080005f9   Thumb Code    66  stm32f10x_gpio.o(.text)
    GPIO_ETH_MediaInterfaceConfig            0x0800063b   Thumb Code     8  stm32f10x_gpio.o(.text)
    RCC_DeInit                               0x08000669   Thumb Code    64  stm32f10x_rcc.o(.text)
    RCC_HSEConfig                            0x080006a9   Thumb Code    70  stm32f10x_rcc.o(.text)
    RCC_GetFlagStatus                        0x080006ef   Thumb Code    56  stm32f10x_rcc.o(.text)
    RCC_WaitForHSEStartUp                    0x08000727   Thumb Code    56  stm32f10x_rcc.o(.text)
    RCC_AdjustHSICalibrationValue            0x0800075f   Thumb Code    20  stm32f10x_rcc.o(.text)
    RCC_HSICmd                               0x08000773   Thumb Code     6  stm32f10x_rcc.o(.text)
    RCC_PLLConfig                            0x08000779   Thumb Code    24  stm32f10x_rcc.o(.text)
    RCC_PLLCmd                               0x08000791   Thumb Code     6  stm32f10x_rcc.o(.text)
    RCC_SYSCLKConfig                         0x08000797   Thumb Code    18  stm32f10x_rcc.o(.text)
    RCC_GetSYSCLKSource                      0x080007a9   Thumb Code    10  stm32f10x_rcc.o(.text)
    RCC_HCLKConfig                           0x080007b3   Thumb Code    18  stm32f10x_rcc.o(.text)
    RCC_PCLK1Config                          0x080007c5   Thumb Code    18  stm32f10x_rcc.o(.text)
    RCC_PCLK2Config                          0x080007d7   Thumb Code    20  stm32f10x_rcc.o(.text)
    RCC_ITConfig                             0x080007eb   Thumb Code    26  stm32f10x_rcc.o(.text)
    RCC_USBCLKConfig                         0x08000805   Thumb Code     8  stm32f10x_rcc.o(.text)
    RCC_ADCCLKConfig                         0x0800080d   Thumb Code    18  stm32f10x_rcc.o(.text)
    RCC_LSEConfig                            0x0800081f   Thumb Code    50  stm32f10x_rcc.o(.text)
    RCC_LSICmd                               0x08000851   Thumb Code     6  stm32f10x_rcc.o(.text)
    RCC_RTCCLKConfig                         0x08000857   Thumb Code    12  stm32f10x_rcc.o(.text)
    RCC_RTCCLKCmd                            0x08000863   Thumb Code     8  stm32f10x_rcc.o(.text)
    RCC_GetClocksFreq                        0x0800086b   Thumb Code   192  stm32f10x_rcc.o(.text)
    RCC_AHBPeriphClockCmd                    0x0800092b   Thumb Code    26  stm32f10x_rcc.o(.text)
    RCC_APB2PeriphClockCmd                   0x08000945   Thumb Code    26  stm32f10x_rcc.o(.text)
    RCC_APB1PeriphClockCmd                   0x0800095f   Thumb Code    26  stm32f10x_rcc.o(.text)
    RCC_APB2PeriphResetCmd                   0x08000979   Thumb Code    26  stm32f10x_rcc.o(.text)
    RCC_APB1PeriphResetCmd                   0x08000993   Thumb Code    26  stm32f10x_rcc.o(.text)
    RCC_BackupResetCmd                       0x080009ad   Thumb Code     8  stm32f10x_rcc.o(.text)
    RCC_ClockSecuritySystemCmd               0x080009b5   Thumb Code     6  stm32f10x_rcc.o(.text)
    RCC_MCOConfig                            0x080009bb   Thumb Code     6  stm32f10x_rcc.o(.text)
    RCC_ClearFlag                            0x080009c1   Thumb Code    14  stm32f10x_rcc.o(.text)
    RCC_GetITStatus                          0x080009cf   Thumb Code    20  stm32f10x_rcc.o(.text)
    RCC_ClearITPendingBit                    0x080009e3   Thumb Code     6  stm32f10x_rcc.o(.text)
    USART_DeInit                             0x08000a0d   Thumb Code   134  stm32f10x_usart.o(.text)
    USART_Init                               0x08000a93   Thumb Code   210  stm32f10x_usart.o(.text)
    USART_StructInit                         0x08000b65   Thumb Code    24  stm32f10x_usart.o(.text)
    USART_ClockInit                          0x08000b7d   Thumb Code    34  stm32f10x_usart.o(.text)
    USART_ClockStructInit                    0x08000b9f   Thumb Code    12  stm32f10x_usart.o(.text)
    USART_Cmd                                0x08000bab   Thumb Code    24  stm32f10x_usart.o(.text)
    USART_ITConfig                           0x08000bc3   Thumb Code    74  stm32f10x_usart.o(.text)
    USART_DMACmd                             0x08000c0d   Thumb Code    18  stm32f10x_usart.o(.text)
    USART_SetAddress                         0x08000c1f   Thumb Code    18  stm32f10x_usart.o(.text)
    USART_WakeUpConfig                       0x08000c31   Thumb Code    18  stm32f10x_usart.o(.text)
    USART_ReceiverWakeUpCmd                  0x08000c43   Thumb Code    24  stm32f10x_usart.o(.text)
    USART_LINBreakDetectLengthConfig         0x08000c5b   Thumb Code    18  stm32f10x_usart.o(.text)
    USART_LINCmd                             0x08000c6d   Thumb Code    24  stm32f10x_usart.o(.text)
    USART_SendData                           0x08000c85   Thumb Code     8  stm32f10x_usart.o(.text)
    USART_ReceiveData                        0x08000c8d   Thumb Code    10  stm32f10x_usart.o(.text)
    USART_SendBreak                          0x08000c97   Thumb Code    10  stm32f10x_usart.o(.text)
    USART_SetGuardTime                       0x08000ca1   Thumb Code    16  stm32f10x_usart.o(.text)
    USART_SetPrescaler                       0x08000cb1   Thumb Code    16  stm32f10x_usart.o(.text)
    USART_SmartCardCmd                       0x08000cc1   Thumb Code    24  stm32f10x_usart.o(.text)
    USART_SmartCardNACKCmd                   0x08000cd9   Thumb Code    24  stm32f10x_usart.o(.text)
    USART_HalfDuplexCmd                      0x08000cf1   Thumb Code    24  stm32f10x_usart.o(.text)
    USART_OverSampling8Cmd                   0x08000d09   Thumb Code    22  stm32f10x_usart.o(.text)
    USART_OneBitMethodCmd                    0x08000d1f   Thumb Code    24  stm32f10x_usart.o(.text)
    USART_IrDAConfig                         0x08000d37   Thumb Code    18  stm32f10x_usart.o(.text)
    USART_IrDACmd                            0x08000d49   Thumb Code    24  stm32f10x_usart.o(.text)
    USART_GetFlagStatus                      0x08000d61   Thumb Code    26  stm32f10x_usart.o(.text)
    USART_ClearFlag                          0x08000d7b   Thumb Code    18  stm32f10x_usart.o(.text)
    USART_GetITStatus                        0x08000d8d   Thumb Code    84  stm32f10x_usart.o(.text)
    USART_ClearITPendingBit                  0x08000de1   Thumb Code    52  stm32f10x_usart.o(.text)
    vListInitialise                          0x08000e15   Thumb Code    26  list.o(.text)
    vListInitialiseItem                      0x08000e2f   Thumb Code     6  list.o(.text)
    vListInsertEnd                           0x08000e35   Thumb Code    24  list.o(.text)
    vListInsert                              0x08000e4d   Thumb Code    52  list.o(.text)
    uxListRemove                             0x08000e81   Thumb Code    40  list.o(.text)
    xTaskCreate                              0x08001033   Thumb Code   104  tasks.o(.text)
    vTaskDelete                              0x080010d5   Thumb Code   174  tasks.o(.text)
    xTaskIncrementTick                       0x08001183   Thumb Code   438  tasks.o(.text)
    xTaskResumeAll                           0x08001339   Thumb Code   310  tasks.o(.text)
    vTaskSuspendAll                          0x08001513   Thumb Code    12  tasks.o(.text)
    xTaskDelayUntil                          0x0800151f   Thumb Code   108  tasks.o(.text)
    vTaskDelay                               0x0800158b   Thumb Code    46  tasks.o(.text)
    uxTaskPriorityGet                        0x080015b9   Thumb Code    30  tasks.o(.text)
    uxTaskPriorityGetFromISR                 0x080015d7   Thumb Code    52  tasks.o(.text)
    vTaskPrioritySet                         0x0800160b   Thumb Code   340  tasks.o(.text)
    vTaskSwitchContext                       0x0800175f   Thumb Code    76  tasks.o(.text)
    vTaskSuspend                             0x080017ab   Thumb Code   188  tasks.o(.text)
    vTaskResume                              0x0800189f   Thumb Code   156  tasks.o(.text)
    xTaskResumeFromISR                       0x0800193b   Thumb Code   190  tasks.o(.text)
    vTaskStartScheduler                      0x08001a55   Thumb Code    76  tasks.o(.text)
    vTaskEndScheduler                        0x08001aa1   Thumb Code    32  tasks.o(.text)
    xTaskGetTickCount                        0x08001ac1   Thumb Code     6  tasks.o(.text)
    xTaskGetTickCountFromISR                 0x08001ac7   Thumb Code     8  tasks.o(.text)
    uxTaskGetNumberOfTasks                   0x08001acf   Thumb Code     6  tasks.o(.text)
    pcTaskGetName                            0x08001ad5   Thumb Code    20  tasks.o(.text)
    xTaskCatchUpTicks                        0x08001ae9   Thumb Code    36  tasks.o(.text)
    vTaskPlaceOnEventList                    0x08001b0d   Thumb Code   108  tasks.o(.text)
    vTaskPlaceOnUnorderedEventList           0x08001b79   Thumb Code    74  tasks.o(.text)
    xTaskRemoveFromEventList                 0x08001bc3   Thumb Code   240  tasks.o(.text)
    vTaskRemoveFromUnorderedEventList        0x08001cb3   Thumb Code   190  tasks.o(.text)
    vTaskSetTimeOutState                     0x08001d71   Thumb Code    26  tasks.o(.text)
    vTaskInternalSetTimeOutState             0x08001d8b   Thumb Code    14  tasks.o(.text)
    xTaskCheckForTimeOut                     0x08001d99   Thumb Code    88  tasks.o(.text)
    vTaskMissedYield                         0x08001df1   Thumb Code     8  tasks.o(.text)
    xTaskGetCurrentTaskHandle                0x08001df9   Thumb Code     6  tasks.o(.text)
    xTaskPriorityInherit                     0x08001dff   Thumb Code   224  tasks.o(.text)
    xTaskPriorityDisinherit                  0x08001edf   Thumb Code   194  tasks.o(.text)
    vTaskPriorityDisinheritAfterTimeout      0x08001fa1   Thumb Code   204  tasks.o(.text)
    uxTaskResetEventItemValue                0x0800206d   Thumb Code    24  tasks.o(.text)
    pvTaskIncrementMutexHeldCount            0x08002085   Thumb Code    26  tasks.o(.text)
    ulTaskGenericNotifyTake                  0x0800209f   Thumb Code   128  tasks.o(.text)
    xTaskGenericNotifyWait                   0x0800211f   Thumb Code   164  tasks.o(.text)
    xTaskGenericNotify                       0x080021c3   Thumb Code   314  tasks.o(.text)
    xTaskGenericNotifyFromISR                0x080022fd   Thumb Code   504  tasks.o(.text)
    vTaskGenericNotifyGiveFromISR            0x080024f5   Thumb Code   310  tasks.o(.text)
    xTaskGenericNotifyStateClear             0x0800262b   Thumb Code    58  tasks.o(.text)
    ulTaskGenericNotifyValueClear            0x08002665   Thumb Code    58  tasks.o(.text)
    pvPortMalloc                             0x08002773   Thumb Code   208  heap_4.o(.text)
    vPortFree                                0x08002843   Thumb Code    68  heap_4.o(.text)
    xPortGetFreeHeapSize                     0x08002887   Thumb Code     6  heap_4.o(.text)
    xPortGetMinimumEverFreeHeapSize          0x0800288d   Thumb Code     6  heap_4.o(.text)
    vPortInitialiseBlocks                    0x08002893   Thumb Code     2  heap_4.o(.text)
    pvPortCalloc                             0x08002895   Thumb Code    54  heap_4.o(.text)
    vPortGetHeapStats                        0x080028cb   Thumb Code   104  heap_4.o(.text)
    pxPortInitialiseStack                    0x08002967   Thumb Code    30  port.o(.text)
    vPortSetupTimerInterrupt                 0x08002985   Thumb Code    20  port.o(.text)
    xPortStartScheduler                      0x08002999   Thumb Code    42  port.o(.text)
    vPortEndScheduler                        0x080029c3   Thumb Code     2  port.o(.text)
    vPortEnterCritical                       0x080029c5   Thumb Code    30  port.o(.text)
    vPortExitCritical                        0x080029e3   Thumb Code    28  port.o(.text)
    SysTick_Handler                          0x080029ff   Thumb Code    48  port.o(.text)
    SystemInit                               0x08002b1f   Thumb Code    78  system_stm32f10x.o(.text)
    SystemCoreClockUpdate                    0x08002b6d   Thumb Code   142  system_stm32f10x.o(.text)
    Reset_Handler                            0x08002c21   Thumb Code     8  startup_stm32f10x_hd.o(.text)
    ADC1_2_IRQHandler                        0x08002c3b   Thumb Code     0  startup_stm32f10x_hd.o(.text)
    ADC3_IRQHandler                          0x08002c3b   Thumb Code     0  startup_stm32f10x_hd.o(.text)
    CAN1_RX1_IRQHandler                      0x08002c3b   Thumb Code     0  startup_stm32f10x_hd.o(.text)
    CAN1_SCE_IRQHandler                      0x08002c3b   Thumb Code     0  startup_stm32f10x_hd.o(.text)
    DMA1_Channel1_IRQHandler                 0x08002c3b   Thumb Code     0  startup_stm32f10x_hd.o(.text)
    DMA1_Channel2_IRQHandler                 0x08002c3b   Thumb Code     0  startup_stm32f10x_hd.o(.text)
    DMA1_Channel3_IRQHandler                 0x08002c3b   Thumb Code     0  startup_stm32f10x_hd.o(.text)
    DMA1_Channel4_IRQHandler                 0x08002c3b   Thumb Code     0  startup_stm32f10x_hd.o(.text)
    DMA1_Channel5_IRQHandler                 0x08002c3b   Thumb Code     0  startup_stm32f10x_hd.o(.text)
    DMA1_Channel6_IRQHandler                 0x08002c3b   Thumb Code     0  startup_stm32f10x_hd.o(.text)
    DMA1_Channel7_IRQHandler                 0x08002c3b   Thumb Code     0  startup_stm32f10x_hd.o(.text)
    DMA2_Channel1_IRQHandler                 0x08002c3b   Thumb Code     0  startup_stm32f10x_hd.o(.text)
    DMA2_Channel2_IRQHandler                 0x08002c3b   Thumb Code     0  startup_stm32f10x_hd.o(.text)
    DMA2_Channel3_IRQHandler                 0x08002c3b   Thumb Code     0  startup_stm32f10x_hd.o(.text)
    DMA2_Channel4_5_IRQHandler               0x08002c3b   Thumb Code     0  startup_stm32f10x_hd.o(.text)
    EXTI0_IRQHandler                         0x08002c3b   Thumb Code     0  startup_stm32f10x_hd.o(.text)
    EXTI15_10_IRQHandler                     0x08002c3b   Thumb Code     0  startup_stm32f10x_hd.o(.text)
    EXTI1_IRQHandler                         0x08002c3b   Thumb Code     0  startup_stm32f10x_hd.o(.text)
    EXTI2_IRQHandler                         0x08002c3b   Thumb Code     0  startup_stm32f10x_hd.o(.text)
    EXTI3_IRQHandler                         0x08002c3b   Thumb Code     0  startup_stm32f10x_hd.o(.text)
    EXTI4_IRQHandler                         0x08002c3b   Thumb Code     0  startup_stm32f10x_hd.o(.text)
    EXTI9_5_IRQHandler                       0x08002c3b   Thumb Code     0  startup_stm32f10x_hd.o(.text)
    FLASH_IRQHandler                         0x08002c3b   Thumb Code     0  startup_stm32f10x_hd.o(.text)
    FSMC_IRQHandler                          0x08002c3b   Thumb Code     0  startup_stm32f10x_hd.o(.text)
    I2C1_ER_IRQHandler                       0x08002c3b   Thumb Code     0  startup_stm32f10x_hd.o(.text)
    I2C1_EV_IRQHandler                       0x08002c3b   Thumb Code     0  startup_stm32f10x_hd.o(.text)
    I2C2_ER_IRQHandler                       0x08002c3b   Thumb Code     0  startup_stm32f10x_hd.o(.text)
    I2C2_EV_IRQHandler                       0x08002c3b   Thumb Code     0  startup_stm32f10x_hd.o(.text)
    PVD_IRQHandler                           0x08002c3b   Thumb Code     0  startup_stm32f10x_hd.o(.text)
    RCC_IRQHandler                           0x08002c3b   Thumb Code     0  startup_stm32f10x_hd.o(.text)
    RTCAlarm_IRQHandler                      0x08002c3b   Thumb Code     0  startup_stm32f10x_hd.o(.text)
    RTC_IRQHandler                           0x08002c3b   Thumb Code     0  startup_stm32f10x_hd.o(.text)
    SDIO_IRQHandler                          0x08002c3b   Thumb Code     0  startup_stm32f10x_hd.o(.text)
    SPI1_IRQHandler                          0x08002c3b   Thumb Code     0  startup_stm32f10x_hd.o(.text)
    SPI2_IRQHandler                          0x08002c3b   Thumb Code     0  startup_stm32f10x_hd.o(.text)
    SPI3_IRQHandler                          0x08002c3b   Thumb Code     0  startup_stm32f10x_hd.o(.text)
    TAMPER_IRQHandler                        0x08002c3b   Thumb Code     0  startup_stm32f10x_hd.o(.text)
    TIM1_BRK_IRQHandler                      0x08002c3b   Thumb Code     0  startup_stm32f10x_hd.o(.text)
    TIM1_CC_IRQHandler                       0x08002c3b   Thumb Code     0  startup_stm32f10x_hd.o(.text)
    TIM1_TRG_COM_IRQHandler                  0x08002c3b   Thumb Code     0  startup_stm32f10x_hd.o(.text)
    TIM1_UP_IRQHandler                       0x08002c3b   Thumb Code     0  startup_stm32f10x_hd.o(.text)
    TIM2_IRQHandler                          0x08002c3b   Thumb Code     0  startup_stm32f10x_hd.o(.text)
    TIM3_IRQHandler                          0x08002c3b   Thumb Code     0  startup_stm32f10x_hd.o(.text)
    TIM4_IRQHandler                          0x08002c3b   Thumb Code     0  startup_stm32f10x_hd.o(.text)
    TIM5_IRQHandler                          0x08002c3b   Thumb Code     0  startup_stm32f10x_hd.o(.text)
    TIM6_IRQHandler                          0x08002c3b   Thumb Code     0  startup_stm32f10x_hd.o(.text)
    TIM7_IRQHandler                          0x08002c3b   Thumb Code     0  startup_stm32f10x_hd.o(.text)
    TIM8_BRK_IRQHandler                      0x08002c3b   Thumb Code     0  startup_stm32f10x_hd.o(.text)
    TIM8_CC_IRQHandler                       0x08002c3b   Thumb Code     0  startup_stm32f10x_hd.o(.text)
    TIM8_TRG_COM_IRQHandler                  0x08002c3b   Thumb Code     0  startup_stm32f10x_hd.o(.text)
    TIM8_UP_IRQHandler                       0x08002c3b   Thumb Code     0  startup_stm32f10x_hd.o(.text)
    UART4_IRQHandler                         0x08002c3b   Thumb Code     0  startup_stm32f10x_hd.o(.text)
    UART5_IRQHandler                         0x08002c3b   Thumb Code     0  startup_stm32f10x_hd.o(.text)
    USART1_IRQHandler                        0x08002c3b   Thumb Code     0  startup_stm32f10x_hd.o(.text)
    USART2_IRQHandler                        0x08002c3b   Thumb Code     0  startup_stm32f10x_hd.o(.text)
    USBWakeUp_IRQHandler                     0x08002c3b   Thumb Code     0  startup_stm32f10x_hd.o(.text)
    USB_HP_CAN1_TX_IRQHandler                0x08002c3b   Thumb Code     0  startup_stm32f10x_hd.o(.text)
    USB_LP_CAN1_RX0_IRQHandler               0x08002c3b   Thumb Code     0  startup_stm32f10x_hd.o(.text)
    WWDG_IRQHandler                          0x08002c3b   Thumb Code     0  startup_stm32f10x_hd.o(.text)
    USART1_Config                            0x08002c45   Thumb Code   172  usart.o(.text)
    USART3_Config                            0x08002cf1   Thumb Code   180  usart.o(.text)
    USART3_SendByte                          0x08002da5   Thumb Code    28  usart.o(.text)
    USART3_SendArray                         0x08002dc1   Thumb Code    34  usart.o(.text)
    USART3_IRQHandler                        0x08002de3   Thumb Code    44  usart.o(.text)
    fputc                                    0x08002e0f   Thumb Code    20  usart.o(.text)
    ringbuf_init                             0x08002e39   Thumb Code    20  ringbuf.o(.text)
    ringbuf_empty                            0x08002e4d   Thumb Code    24  ringbuf.o(.text)
    ringbuf_full                             0x08002e65   Thumb Code    40  ringbuf.o(.text)
    ringbuf_write                            0x08002e8d   Thumb Code    40  ringbuf.o(.text)
    ringbuf_read                             0x08002eb5   Thumb Code    34  ringbuf.o(.text)
    __aeabi_memset                           0x08002ed7   Thumb Code    14  memseta.o(.text)
    __aeabi_memset4                          0x08002ed7   Thumb Code     0  memseta.o(.text)
    __aeabi_memset8                          0x08002ed7   Thumb Code     0  memseta.o(.text)
    __aeabi_memclr                           0x08002ee5   Thumb Code     4  memseta.o(.text)
    __aeabi_memclr4                          0x08002ee5   Thumb Code     0  memseta.o(.text)
    __aeabi_memclr8                          0x08002ee5   Thumb Code     0  memseta.o(.text)
    _memset$wrapper                          0x08002ee9   Thumb Code    18  memseta.o(.text)
    __aeabi_uldivmod                         0x08002efb   Thumb Code    98  uldiv.o(.text)
    __scatterload                            0x08002f5d   Thumb Code    28  init.o(.text)
    __scatterload_rt2                        0x08002f5d   Thumb Code     0  init.o(.text)
    __aeabi_llsl                             0x08002f81   Thumb Code    30  llshl.o(.text)
    _ll_shift_l                              0x08002f81   Thumb Code     0  llshl.o(.text)
    __aeabi_llsr                             0x08002f9f   Thumb Code    32  llushr.o(.text)
    _ll_ushift_r                             0x08002f9f   Thumb Code     0  llushr.o(.text)
    __0printf$8                              0x08002fc1   Thumb Code    22  printf8.o(i.__0printf$8)
    __1printf$8                              0x08002fc1   Thumb Code     0  printf8.o(i.__0printf$8)
    __2printf                                0x08002fc1   Thumb Code     0  printf8.o(i.__0printf$8)
    __scatterload_copy                       0x08002fe1   Thumb Code    14  handlers.o(i.__scatterload_copy)
    __scatterload_null                       0x08002fef   Thumb Code     2  handlers.o(i.__scatterload_null)
    __scatterload_zeroinit                   0x08002ff1   Thumb Code    14  handlers.o(i.__scatterload_zeroinit)
    Region$$Table$$Base                      0x0800345c   Number         0  anon$$obj.o(Region$$Table)
    Region$$Table$$Limit                     0x0800347c   Number         0  anon$$obj.o(Region$$Table)
    pxCurrentTCB                             0x20000014   Data           4  tasks.o(.data)
    uxTopUsedPriority                        0x2000004c   Data           4  tasks.o(.data)
    SystemCoreClock                          0x20000074   Data           4  system_stm32f10x.o(.data)
    AHBPrescTable                            0x20000078   Data          16  system_stm32f10x.o(.data)
    __stdout                                 0x20000088   Data           4  stdout.o(.data)
    USART3_RingBuf                           0x20004554   Data          22  usart.o(.bss)
    __initial_sp                             0x20004970   Data           0  startup_stm32f10x_hd.o(STACK)



==============================================================================

Memory Map of the image

  Image Entry point : 0x08000131

  Load Region LR_IROM1 (Base: 0x08000000, Size: 0x00003508, Max: 0x00010000, ABSOLUTE)

    Execution Region ER_IROM1 (Base: 0x08000000, Size: 0x0000347c, Max: 0x00010000, ABSOLUTE)

    Base Addr    Size         Type   Attr      Idx    E Section Name        Object

    0x08000000   0x00000130   Data   RO          673    RESET               startup_stm32f10x_hd.o
    0x08000130   0x00000000   Code   RO         1047  * .ARM.Collect$$$$00000000  mc_w.l(entry.o)
    0x08000130   0x00000004   Code   RO         1326    .ARM.Collect$$$$00000001  mc_w.l(entry2.o)
    0x08000134   0x00000004   Code   RO         1329    .ARM.Collect$$$$00000004  mc_w.l(entry5.o)
    0x08000138   0x00000000   Code   RO         1331    .ARM.Collect$$$$00000008  mc_w.l(entry7b.o)
    0x08000138   0x00000000   Code   RO         1333    .ARM.Collect$$$$0000000A  mc_w.l(entry8b.o)
    0x08000138   0x00000008   Code   RO         1334    .ARM.Collect$$$$0000000B  mc_w.l(entry9a.o)
    0x08000140   0x00000000   Code   RO         1336    .ARM.Collect$$$$0000000D  mc_w.l(entry10a.o)
    0x08000140   0x00000000   Code   RO         1338    .ARM.Collect$$$$0000000F  mc_w.l(entry11a.o)
    0x08000140   0x00000004   Code   RO         1327    .ARM.Collect$$$$00002712  mc_w.l(entry2.o)
    0x08000144   0x00000096   Code   RO          612    .emb_text           port.o
    0x080001da   0x00000002   PAD
    0x080001dc   0x00000040   Code   RO            1    .text               main.o
    0x0800021c   0x00000014   Code   RO          147    .text               stm32f10x_it.o
    0x08000230   0x000000dc   Code   RO          162    .text               misc.o
    0x0800030c   0x0000035c   Code   RO          306    .text               stm32f10x_gpio.o
    0x08000668   0x000003a4   Code   RO          354    .text               stm32f10x_rcc.o
    0x08000a0c   0x00000408   Code   RO          416    .text               stm32f10x_usart.o
    0x08000e14   0x00000094   Code   RO          497    .text               list.o
    0x08000ea8   0x00001810   Code   RO          557    .text               tasks.o
    0x080026b8   0x00000298   Code   RO          597    .text               heap_4.o
    0x08002950   0x000000f0   Code   RO          613    .text               port.o
    0x08002a40   0x000001e0   Code   RO          653    .text               system_stm32f10x.o
    0x08002c20   0x00000024   Code   RO          674    .text               startup_stm32f10x_hd.o
    0x08002c44   0x000001f4   Code   RO          678    .text               usart.o
    0x08002e38   0x0000009e   Code   RO          693    .text               ringbuf.o
    0x08002ed6   0x00000024   Code   RO         1055    .text               mc_w.l(memseta.o)
    0x08002efa   0x00000062   Code   RO         1343    .text               mc_w.l(uldiv.o)
    0x08002f5c   0x00000024   Code   RO         1356    .text               mc_w.l(init.o)
    0x08002f80   0x0000001e   Code   RO         1358    .text               mc_w.l(llshl.o)
    0x08002f9e   0x00000020   Code   RO         1360    .text               mc_w.l(llushr.o)
    0x08002fbe   0x00000002   PAD
    0x08002fc0   0x00000020   Code   RO         1272    i.__0printf$8       mc_w.l(printf8.o)
    0x08002fe0   0x0000000e   Code   RO         1368    i.__scatterload_copy  mc_w.l(handlers.o)
    0x08002fee   0x00000002   Code   RO         1369    i.__scatterload_null  mc_w.l(handlers.o)
    0x08002ff0   0x0000000e   Code   RO         1370    i.__scatterload_zeroinit  mc_w.l(handlers.o)
    0x08002ffe   0x00000002   PAD
    0x08003000   0x00000408   Code   RO         1279    i._printf_core      mc_w.l(printf8.o)
    0x08003408   0x00000024   Code   RO         1280    i._printf_post_padding  mc_w.l(printf8.o)
    0x0800342c   0x0000002e   Code   RO         1281    i._printf_pre_padding  mc_w.l(printf8.o)
    0x0800345a   0x00000002   PAD
    0x0800345c   0x00000020   Data   RO         1366    Region$$Table       anon$$obj.o


    Execution Region RW_IRAM1 (Base: 0x20000000, Size: 0x00004970, Max: 0x00005000, ABSOLUTE)

    Base Addr    Size         Type   Attr      Idx    E Section Name        Object

    0x20000000   0x00000014   Data   RW          355    .data               stm32f10x_rcc.o
    0x20000014   0x00000040   Data   RW          559    .data               tasks.o
    0x20000054   0x0000001c   Data   RW          599    .data               heap_4.o
    0x20000070   0x00000004   Data   RW          614    .data               port.o
    0x20000074   0x00000014   Data   RW          654    .data               system_stm32f10x.o
    0x20000088   0x00000004   Data   RW         1340    .data               mc_w.l(stdout.o)
    0x2000008c   0x000000c8   Zero   RW          558    .bss                tasks.o
    0x20000154   0x00004400   Zero   RW          598    .bss                heap_4.o
    0x20004554   0x00000016   Zero   RW          679    .bss                usart.o
    0x2000456a   0x00000006   PAD
    0x20004570   0x00000400   Zero   RW          671    STACK               startup_stm32f10x_hd.o


==============================================================================

Image component sizes


      Code (inc. data)   RO Data    RW Data    ZI Data      Debug   Object Name

         0          0          0          0          0       2448   event_groups.o
       664         30          0         28      17408       4575   heap_4.o
       148          0          0          0          0       1862   list.o
        64         14          0          0          0     240950   main.o
       220         22          0          0          0       1753   misc.o
       390         30          0          4          0       7060   port.o
       158          0          0          0          0       1465   ringbuf.o
        36          8        304          0       1024        784   startup_stm32f10x_hd.o
       860         38          0          0          0       5601   stm32f10x_gpio.o
        20          0          0          0          0        915   stm32f10x_it.o
       932         36          0         20          0       8756   stm32f10x_rcc.o
      1032         22          0          0          0       8324   stm32f10x_usart.o
       480         38          0         20          0       1759   system_stm32f10x.o
      6160        306          0         64        200      35095   tasks.o
       500         22          0          0         22       2284   usart.o

    ----------------------------------------------------------------------
     11666        566        336        136      18660     323631   Object Totals
         0          0         32          0          0          0   (incl. Generated)
         2          0          0          0          6          0   (incl. Padding)

    ----------------------------------------------------------------------

      Code (inc. data)   RO Data    RW Data    ZI Data      Debug   Library Member Name

         0          0          0          0          0          0   entry.o
         0          0          0          0          0          0   entry10a.o
         0          0          0          0          0          0   entry11a.o
         8          4          0          0          0          0   entry2.o
         4          0          0          0          0          0   entry5.o
         0          0          0          0          0          0   entry7b.o
         0          0          0          0          0          0   entry8b.o
         8          4          0          0          0          0   entry9a.o
        30          0          0          0          0          0   handlers.o
        36          8          0          0          0         68   init.o
        30          0          0          0          0         68   llshl.o
        32          0          0          0          0         68   llushr.o
        36          0          0          0          0        108   memseta.o
      1146         54          0          0          0        352   printf8.o
         0          0          0          4          0          0   stdout.o
        98          0          0          0          0         92   uldiv.o

    ----------------------------------------------------------------------
      1434         70          0          4          0        756   Library Totals
         6          0          0          0          0          0   (incl. Padding)

    ----------------------------------------------------------------------

      Code (inc. data)   RO Data    RW Data    ZI Data      Debug   Library Name

      1428         70          0          4          0        756   mc_w.l

    ----------------------------------------------------------------------
      1434         70          0          4          0        756   Library Totals

    ----------------------------------------------------------------------

==============================================================================


      Code (inc. data)   RO Data    RW Data    ZI Data      Debug   

     13100        636        336        140      18660     322771   Grand Totals
     13100        636        336        140      18660     322771   ELF Image Totals
     13100        636        336        140          0          0   ROM Totals

==============================================================================

    Total RO  Size (Code + RO Data)                13436 (  13.12kB)
    Total RW  Size (RW Data + ZI Data)             18800 (  18.36kB)
    Total ROM Size (Code + RO Data + RW Data)      13576 (  13.26kB)

==============================================================================

