Product: MDK Plus 5.38
Component: ARM Compiler 5.04 update 1 (build 49)
Tool: armlink [5040049]

==============================================================================

Section Cross References

    main.o(.text) refers to task_manager.o(.text) for do_create_start_task
    main.o(.text) refers to printf8.o(i.__0printf$8) for __2printf
    stm32f10x_it.o(.text) refers to stm32f10x_usart.o(.text) for USART_GetITStatus
    stm32f10x_it.o(.text) refers to platform_mutex.o(.text) for platform_mutex_unlock_from_isr
    stm32f10x_it.o(.text) refers to stm32f10x_dma.o(.text) for DMA_GetITStatus
    stm32f10x_it.o(.text) refers to dev_usart.o(.bss) for uart3_dev
    stm32f10x_bkp.o(.text) refers to stm32f10x_rcc.o(.text) for RCC_BackupResetCmd
    stm32f10x_cec.o(.text) refers to stm32f10x_rcc.o(.text) for RCC_APB1PeriphResetCmd
    stm32f10x_gpio.o(.text) refers to stm32f10x_rcc.o(.text) for RCC_APB2PeriphResetCmd
    stm32f10x_pwr.o(.text) refers to stm32f10x_rcc.o(.text) for RCC_APB1PeriphResetCmd
    stm32f10x_rcc.o(.text) refers to stm32f10x_rcc.o(.data) for .data
    stm32f10x_usart.o(.text) refers to stm32f10x_rcc.o(.text) for RCC_APB2PeriphResetCmd
    stm32f10x_wwdg.o(.text) refers to stm32f10x_rcc.o(.text) for RCC_APB1PeriphResetCmd
    event_groups.o(.text) refers to heap_4.o(.text) for pvPortMalloc
    event_groups.o(.text) refers to list.o(.text) for vListInitialise
    event_groups.o(.text) refers to tasks.o(.text) for vTaskSuspendAll
    event_groups.o(.text) refers to port.o(.text) for vPortEnterCritical
    queue.o(.text) refers to port.o(.text) for vPortEnterCritical
    queue.o(.text) refers to list.o(.text) for vListInitialise
    queue.o(.text) refers to tasks.o(.text) for xTaskRemoveFromEventList
    queue.o(.text) refers to heap_4.o(.text) for pvPortMalloc
    queue.o(.text) refers to memcpya.o(.text) for __aeabi_memcpy
    stream_buffer.o(.text) refers to memseta.o(.text) for __aeabi_memclr4
    stream_buffer.o(.text) refers to heap_4.o(.text) for pvPortMalloc
    stream_buffer.o(.text) refers to port.o(.text) for vPortEnterCritical
    stream_buffer.o(.text) refers to memcpya.o(.text) for __aeabi_memcpy
    stream_buffer.o(.text) refers to tasks.o(.text) for vTaskSetTimeOutState
    tasks.o(.text) refers to list.o(.text) for vListInitialise
    tasks.o(.text) refers to port.o(.text) for vPortEnterCritical
    tasks.o(.text) refers to heap_4.o(.text) for pvPortMalloc
    tasks.o(.text) refers to memseta.o(.text) for __aeabi_memclr4
    tasks.o(.text) refers to tasks.o(.bss) for .bss
    tasks.o(.text) refers to tasks.o(.data) for .data
    heap_4.o(.text) refers to tasks.o(.text) for vTaskSuspendAll
    heap_4.o(.text) refers to memseta.o(.text) for __aeabi_memclr
    heap_4.o(.text) refers to memcpya.o(.text) for __aeabi_memcpy
    heap_4.o(.text) refers to port.o(.text) for vPortEnterCritical
    heap_4.o(.text) refers to heap_4.o(.data) for .data
    heap_4.o(.text) refers to heap_4.o(.bss) for .bss
    port.o(.emb_text) refers to tasks.o(.text) for vTaskSwitchContext
    port.o(.emb_text) refers to tasks.o(.data) for pxCurrentTCB
    port.o(.text) refers to port.o(.emb_text) for __asm___6_port_c_39a90d8d__prvStartFirstTask
    port.o(.text) refers to tasks.o(.text) for xTaskIncrementTick
    port.o(.text) refers to port.o(.data) for .data
    system_stm32f10x.o(.text) refers to system_stm32f10x.o(.data) for .data
    startup_stm32f10x_hd.o(RESET) refers to startup_stm32f10x_hd.o(STACK) for __initial_sp
    startup_stm32f10x_hd.o(RESET) refers to startup_stm32f10x_hd.o(.text) for Reset_Handler
    startup_stm32f10x_hd.o(RESET) refers to stm32f10x_it.o(.text) for NMI_Handler
    startup_stm32f10x_hd.o(RESET) refers to port.o(.emb_text) for SVC_Handler
    startup_stm32f10x_hd.o(RESET) refers to port.o(.text) for SysTick_Handler
    startup_stm32f10x_hd.o(.text) refers to system_stm32f10x.o(.text) for SystemInit
    startup_stm32f10x_hd.o(.text) refers to entry.o(.ARM.Collect$$$$00000000) for __main
    ringbuf.o(.text) refers to memseta.o(.text) for __aeabi_memclr
    esp8266_at.o(.text) refers to heap_4.o(.text) for pvPortCalloc
    esp8266_at.o(.text) refers to strlen.o(.text) for strlen
    esp8266_at.o(.text) refers to sscanf.o(.text) for sscanf
    esp8266_at.o(.text) refers to printf8.o(i.__0printf$8) for __2printf
    esp8266_at.o(.text) refers to memcpya.o(.text) for __aeabi_memcpy4
    esp8266_at.o(.text) refers to strstr.o(.text) for strstr
    esp8266_at.o(.text) refers to strncmp.o(.text) for strncmp
    esp8266_at.o(.text) refers to hal_at.o(.text) for HAL_AT_read_buf
    esp8266_at.o(.text) refers to platform_mutex.o(.text) for platform_semphr_lock
    esp8266_at.o(.text) refers to memseta.o(.text) for __aeabi_memclr
    esp8266_at.o(.text) refers to memcmp.o(.text) for memcmp
    esp8266_at.o(.text) refers to ringbuf.o(.text) for ringbuf_init
    esp8266_at.o(.text) refers to esp8266_at.o(.conststring) for .conststring
[...]
    Removing random.o(.text), (272 bytes).
    Removing random.o(.data), (4 bytes).
    Removing mqttconnectclient.o(.text), (592 bytes).
    Removing mqttconnectserver.o(.text), (432 bytes).
    Removing mqttdeserializepublish.o(.text), (216 bytes).
    Removing mqttformat.o(.text), (648 bytes).
    Removing mqttformat.o(.conststring), (383 bytes).
    Removing mqttformat.o(.data), (60 bytes).
    Removing mqttpacket.o(.text), (836 bytes).
    Removing mqttpacket.o(.data), (4 bytes).
    Removing mqttserializepublish.o(.text), (292 bytes).
    Removing mqttsubscribeclient.o(.text), (324 bytes).
    Removing mqttsubscribeserver.o(.text), (256 bytes).
    Removing mqttunsubscribeclient.o(.text), (216 bytes).
    Removing mqttunsubscribeserver.o(.text), (204 bytes).
    Removing mqttclient.o(.text), (7116 bytes).
    Removing mqttclient.o(.constdata), (740 bytes).
    Removing mqttclient.o(.conststring), (70 bytes).
    Removing mqttclient.o(.data), (4 bytes).
    Removing nettype_tcp.o(.text), (58 bytes).
    Removing network.o(.text), (94 bytes).
    Removing platform_memory.o(.text), (80 bytes).
    Removing platform_net_socket.o(.text), (24 bytes).
    Removing platform_thread.o(.text), (98 bytes).
    Removing platform_timer.o(.text), (96 bytes).
    Removing segger_rtt_printf.o(.text), (932 bytes).
    Removing segger_rtt_printf.o(.constdata), (16 bytes).
    Removing dadd.o(.text), (334 bytes).
    Removing dfixul.o(.text), (48 bytes).
    Removing cdrcmple.o(.text), (40 bytes).

50 unused section(s) (total 20315 bytes) removed from the image.

==============================================================================

Image Symbol Table

    Local Symbols

    Symbol Name                              Value     Ov Type        Size  Object(Section)

    ../clib/microlib/ctype/ctype.c           0x00000000   Number         0  isspace_c.o ABSOLUTE
    ../clib/microlib/ctype/ctype.c           0x00000000   Number         0  ctype_c.o ABSOLUTE
    ../clib/microlib/division.c              0x00000000   Number         0  uldiv.o ABSOLUTE
    ../clib/microlib/division.c              0x00000000   Number         0  uidiv.o ABSOLUTE
    ../clib/microlib/init/entry.s            0x00000000   Number         0  entry2.o ABSOLUTE
    ../clib/microlib/init/entry.s            0x00000000   Number         0  entry8b.o ABSOLUTE
    ../clib/microlib/init/entry.s            0x00000000   Number         0  entry9a.o ABSOLUTE
    ../clib/microlib/init/entry.s            0x00000000   Number         0  entry5.o ABSOLUTE
    ../clib/microlib/init/entry.s            0x00000000   Number         0  entry10a.o ABSOLUTE
    ../clib/microlib/init/entry.s            0x00000000   Number         0  entry8a.o ABSOLUTE
    ../clib/microlib/init/entry.s            0x00000000   Number         0  entry.o ABSOLUTE
    ../clib/microlib/init/entry.s            0x00000000   Number         0  entry11b.o ABSOLUTE
    ../clib/microlib/init/entry.s            0x00000000   Number         0  entry7a.o ABSOLUTE
    ../clib/microlib/init/entry.s            0x00000000   Number         0  entry7b.o ABSOLUTE
    ../clib/microlib/init/entry.s            0x00000000   Number         0  entry9b.o ABSOLUTE
    ../clib/microlib/init/entry.s            0x00000000   Number         0  entry10b.o ABSOLUTE
    ../clib/microlib/init/entry.s            0x00000000   Number         0  entry11a.o ABSOLUTE
    ../clib/microlib/longlong.c              0x00000000   Number         0  llushr.o ABSOLUTE
    ../clib/microlib/longlong.c              0x00000000   Number         0  llshl.o ABSOLUTE
    ../clib/microlib/longlong.c              0x00000000   Number         0  llsshr.o ABSOLUTE
    ../clib/microlib/printf/printf.c         0x00000000   Number         0  printf0.o ABSOLUTE
    ../clib/microlib/printf/printf.c         0x00000000   Number         0  printf7.o ABSOLUTE
    ../clib/microlib/printf/printf.c         0x00000000   Number         0  printfb.o ABSOLUTE
    ../clib/microlib/printf/printf.c         0x00000000   Number         0  printf8.o ABSOLUTE
    ../clib/microlib/printf/printf.c         0x00000000   Number         0  printfa.o ABSOLUTE
    ../clib/microlib/printf/printf.c         0x00000000   Number         0  printf6.o ABSOLUTE
    ../clib/microlib/printf/printf.c         0x00000000   Number         0  printf5.o ABSOLUTE
    ../clib/microlib/printf/printf.c         0x00000000   Number         0  printf4.o ABSOLUTE
    ../clib/microlib/printf/printf.c         0x00000000   Number         0  printf3.o ABSOLUTE
    ../clib/microlib/printf/printf.c         0x00000000   Number         0  printf2.o ABSOLUTE
    ../clib/microlib/printf/printf.c         0x00000000   Number         0  printf1.o ABSOLUTE
    ../clib/microlib/printf/stubs.s          0x00000000   Number         0  stubs.o ABSOLUTE
    ../clib/microlib/stdio/streams.c         0x00000000   Number         0  stdout.o ABSOLUTE
    ../clib/microlib/stdlib/rand.c           0x00000000   Number         0  rand.o ABSOLUTE
    ../clib/microlib/string/memcmp.c         0x00000000   Number         0  memcmp.o ABSOLUTE
    ../clib/microlib/string/memcpy.c         0x00000000   Number         0  memcpyb.o ABSOLUTE
    ../clib/microlib/string/memcpy.c         0x00000000   Number         0  memcpya.o ABSOLUTE
    ../clib/microlib/string/memset.c         0x00000000   Number         0  memseta.o ABSOLUTE
    ../clib/microlib/string/strlen.c         0x00000000   Number         0  strlen.o ABSOLUTE
    ../clib/microlib/string/strncmp.c        0x00000000   Number         0  strncmp.o ABSOLUTE
    ../clib/microlib/string/strncpy.c        0x00000000   Number         0  strncpy.o ABSOLUTE
    ../clib/microlib/string/strstr.c         0x00000000   Number         0  strstr.o ABSOLUTE
    ../clib/microlib/stubs.s                 0x00000000   Number         0  iusefp.o ABSOLUTE
    ../clib/scanf.c                          0x00000000   Number         0  _scanf_int.o ABSOLUTE
    ../clib/scanf.c                          0x00000000   Number         0  _scanf_str.o ABSOLUTE
    ../clib/scanf.c                          0x00000000   Number         0  scanf_fp.o ABSOLUTE
    ../clib/scanf.c                          0x00000000   Number         0  scanf_char.o ABSOLUTE
    ../clib/scanf.c                          0x00000000   Number         0  sscanf.o ABSOLUTE
    ../clib/scanf.c                          0x00000000   Number         0  _sgetc.o ABSOLUTE
    ../clib/scanf.c                          0x00000000   Number         0  _scanf_longlong.o ABSOLUTE
    ../clib/scanf.c                          0x00000000   Number         0  _scanf.o ABSOLUTE
    ../clib/scanf.c                          0x00000000   Number         0  _chval.o ABSOLUTE
    ../fplib/microlib/d2f.c                  0x00000000   Number         0  d2f.o ABSOLUTE
    ../fplib/microlib/fpadd.c                0x00000000   Number         0  dadd.o ABSOLUTE
    ../fplib/microlib/fpdiv.c                0x00000000   Number         0  ddiv.o ABSOLUTE
    ../fplib/microlib/fpepilogue.c           0x00000000   Number         0  fepilogue.o ABSOLUTE
    ../fplib/microlib/fpepilogue.c           0x00000000   Number         0  depilogue.o ABSOLUTE
    ../fplib/microlib/fpfix.c                0x00000000   Number         0  dfixul.o ABSOLUTE
    ../fplib/microlib/fpflt.c                0x00000000   Number         0  dfltul.o ABSOLUTE
    ../fplib/microlib/fpmul.c                0x00000000   Number         0  dmul.o ABSOLUTE
    ..\DRIVE\HAL\hal_at.c                    0x00000000   Number         0  hal_at.o ABSOLUTE
    ..\DRIVE\RTT\SEGGER_RTT_V782a\RTT\SEGGER_RTT.c 0x00000000   Number         0  segger_rtt.o ABSOLUTE
    ..\DRIVE\RTT\SEGGER_RTT_V782a\RTT\SEGGER_RTT_printf.c 0x00000000   Number         0  segger_rtt_printf.o ABSOLUTE
    ..\DRIVE\mqttclient\common\mqtt_list.c   0x00000000   Number         0  mqtt_list.o ABSOLUTE
    ..\DRIVE\mqttclient\common\random.c      0x00000000   Number         0  random.o ABSOLUTE
    ..\DRIVE\mqttclient\mqtt\MQTTConnectClient.c 0x00000000   Number         0  mqttconnectclient.o ABSOLUTE
    ..\DRIVE\mqttclient\mqtt\MQTTConnectServer.c 0x00000000   Number         0  mqttconnectserver.o ABSOLUTE
    ..\DRIVE\mqttclient\mqtt\MQTTDeserializePublish.c 0x00000000   Number         0  mqttdeserializepublish.o ABSOLUTE
    ..\DRIVE\mqttclient\mqtt\MQTTFormat.c    0x00000000   Number         0  mqttformat.o ABSOLUTE
    ..\DRIVE\mqttclient\mqtt\MQTTPacket.c    0x00000000   Number         0  mqttpacket.o ABSOLUTE
    ..\DRIVE\mqttclient\mqtt\MQTTSerializePublish.c 0x00000000   Number         0  mqttserializepublish.o ABSOLUTE
    ..\DRIVE\mqttclient\mqtt\MQTTSubscribeClient.c 0x00000000   Number         0  mqttsubscribeclient.o ABSOLUTE
    ..\DRIVE\mqttclient\mqtt\MQTTSubscribeServer.c 0x00000000   Number         0  mqttsubscribeserver.o ABSOLUTE
    ..\DRIVE\mqttclient\mqtt\MQTTUnsubscribeClient.c 0x00000000   Number         0  mqttunsubscribeclient.o ABSOLUTE
    ..\DRIVE\mqttclient\mqtt\MQTTUnsubscribeServer.c 0x00000000   Number         0  mqttunsubscribeserver.o ABSOLUTE
    ..\DRIVE\mqttclient\mqttclient\mqttclient.c 0x00000000   Number         0  mqttclient.o ABSOLUTE
    ..\DRIVE\mqttclient\network\nettype_tcp.c 0x00000000   Number         0  nettype_tcp.o ABSOLUTE
    ..\DRIVE\mqttclient\network\network.c    0x00000000   Number         0  network.o ABSOLUTE
    ..\DRIVE\mqttclient\platform\FreeRTOS\platform_memory.c 0x00000000   Number         0  platform_memory.o ABSOLUTE
    ..\DRIVE\mqttclient\platform\FreeRTOS\platform_mutex.c 0x00000000   Number         0  platform_mutex.o ABSOLUTE
    ..\DRIVE\mqttclient\platform\FreeRTOS\platform_net_socket.c 0x00000000   Number         0  platform_net_socket.o ABSOLUTE
    ..\DRIVE\mqttclient\platform\FreeRTOS\platform_thread.c 0x00000000   Number         0  platform_thread.o ABSOLUTE
    ..\DRIVE\mqttclient\platform\FreeRTOS\platform_timer.c 0x00000000   Number         0  platform_timer.o ABSOLUTE
    ..\DRIVE\src\ESP8266_AT.c                0x00000000   Number         0  esp8266_at.o ABSOLUTE
    ..\DRIVE\src\bsp_usart_config.c          0x00000000   Number         0  bsp_usart_config.o ABSOLUTE
    ..\DRIVE\src\dev_usart.c                 0x00000000   Number         0  dev_usart.o ABSOLUTE
    ..\DRIVE\src\fifo.c                      0x00000000   Number         0  fifo.o ABSOLUTE
    ..\DRIVE\src\ringbuf.c                   0x00000000   Number         0  ringbuf.o ABSOLUTE
    ..\DRIVE\src\task_manager.c              0x00000000   Number         0  task_manager.o ABSOLUTE
    ..\FreeRTOS\croutine.c                   0x00000000   Number         0  croutine.o ABSOLUTE
    ..\FreeRTOS\event_groups.c               0x00000000   Number         0  event_groups.o ABSOLUTE
    ..\FreeRTOS\list.c                       0x00000000   Number         0  list.o ABSOLUTE
    ..\FreeRTOS\portable\MemMang\heap_4.c    0x00000000   Number         0  heap_4.o ABSOLUTE
    ..\FreeRTOS\portable\RVDS\ARM_CM3\port.c 0x00000000   Number         0  port.o ABSOLUTE
    ..\FreeRTOS\queue.c                      0x00000000   Number         0  queue.o ABSOLUTE
    ..\FreeRTOS\stream_buffer.c              0x00000000   Number         0  stream_buffer.o ABSOLUTE
    ..\FreeRTOS\tasks.c                      0x00000000   Number         0  tasks.o ABSOLUTE
    ..\FreeRTOS\timers.c                     0x00000000   Number         0  timers.o ABSOLUTE
    ..\MDK_ARM\core_cm3.c                    0x00000000   Number         0  core_cm3.o ABSOLUTE
    ..\MDK_ARM\startup_stm32f10x_hd.s        0x00000000   Number         0  startup_stm32f10x_hd.o ABSOLUTE
    ..\MDK_ARM\system_stm32f10x.c            0x00000000   Number         0  system_stm32f10x.o ABSOLUTE
    ..\STM32F10xLIB\src\misc.c               0x00000000   Number         0  misc.o ABSOLUTE
    ..\STM32F10xLIB\src\stm32f10x_bkp.c      0x00000000   Number         0  stm32f10x_bkp.o ABSOLUTE
    ..\STM32F10xLIB\src\stm32f10x_cec.c      0x00000000   Number         0  stm32f10x_cec.o ABSOLUTE
    ..\STM32F10xLIB\src\stm32f10x_crc.c      0x00000000   Number         0  stm32f10x_crc.o ABSOLUTE
    ..\STM32F10xLIB\src\stm32f10x_dbgmcu.c   0x00000000   Number         0  stm32f10x_dbgmcu.o ABSOLUTE
    ..\STM32F10xLIB\src\stm32f10x_dma.c      0x00000000   Number         0  stm32f10x_dma.o ABSOLUTE
    ..\STM32F10xLIB\src\stm32f10x_exti.c     0x00000000   Number         0  stm32f10x_exti.o ABSOLUTE
    ..\STM32F10xLIB\src\stm32f10x_fsmc.c     0x00000000   Number         0  stm32f10x_fsmc.o ABSOLUTE
    ..\STM32F10xLIB\src\stm32f10x_gpio.c     0x00000000   Number         0  stm32f10x_gpio.o ABSOLUTE
    ..\STM32F10xLIB\src\stm32f10x_iwdg.c     0x00000000   Number         0  stm32f10x_iwdg.o ABSOLUTE
    ..\STM32F10xLIB\src\stm32f10x_pwr.c      0x00000000   Number         0  stm32f10x_pwr.o ABSOLUTE
    ..\STM32F10xLIB\src\stm32f10x_rcc.c      0x00000000   Number         0  stm32f10x_rcc.o ABSOLUTE
    ..\STM32F10xLIB\src\stm32f10x_rtc.c      0x00000000   Number         0  stm32f10x_rtc.o ABSOLUTE
    ..\STM32F10xLIB\src\stm32f10x_sdio.c     0x00000000   Number         0  stm32f10x_sdio.o ABSOLUTE
    ..\STM32F10xLIB\src\stm32f10x_usart.c    0x00000000   Number         0  stm32f10x_usart.o ABSOLUTE
    ..\STM32F10xLIB\src\stm32f10x_wwdg.c     0x00000000   Number         0  stm32f10x_wwdg.o ABSOLUTE
    ..\USER\main.c                           0x00000000   Number         0  main.o ABSOLUTE
    ..\USER\stm32f10x_it.c                   0x00000000   Number         0  stm32f10x_it.o ABSOLUTE
    ..\\FreeRTOS\\portable\\RVDS\\ARM_CM3\\port.c 0x00000000   Number         0  port.o ABSOLUTE
    ..\\MDK_ARM\\core_cm3.c                  0x00000000   Number         0  core_cm3.o ABSOLUTE
    cdrcmple.s                               0x00000000   Number         0  cdrcmple.o ABSOLUTE
    dc.s                                     0x00000000   Number         0  dc.o ABSOLUTE
    handlers.s                               0x00000000   Number         0  handlers.o ABSOLUTE
    init.s                                   0x00000000   Number         0  init.o ABSOLUTE
    RESET                                    0x08000000   Section      304  startup_stm32f10x_hd.o(RESET)
    .ARM.Collect$$$$00000000                 0x08000130   Section        0  entry.o(.ARM.Collect$$$$00000000)
    .ARM.Collect$$$$00000001                 0x08000130   Section        4  entry2.o(.ARM.Collect$$$$00000001)
    .ARM.Collect$$$$00000004                 0x08000134   Section        4  entry5.o(.ARM.Collect$$$$00000004)
    .ARM.Collect$$$$00000008                 0x08000138   Section        0  entry7b.o(.ARM.Collect$$$$00000008)
    .ARM.Collect$$$$0000000A                 0x08000138   Section        0  entry8b.o(.ARM.Collect$$$$0000000A)
    .ARM.Collect$$$$0000000B                 0x08000138   Section        8  entry9a.o(.ARM.Collect$$$$0000000B)
    .ARM.Collect$$$$0000000D                 0x08000140   Section        0  entry10a.o(.ARM.Collect$$$$0000000D)
    .ARM.Collect$$$$0000000F                 0x08000140   Section        0  entry11a.o(.ARM.Collect$$$$0000000F)
    .ARM.Collect$$$$00002712                 0x08000140   Section        4  entry2.o(.ARM.Collect$$$$00002712)
    __lit__00000000                          0x08000140   Data           4  entry2.o(.ARM.Collect$$$$00002712)
    .emb_text                                0x08000144   Section      150  port.o(.emb_text)
    .text                                    0x080001dc   Section        0  main.o(.text)
    .text                                    0x08000204   Section        0  stm32f10x_it.o(.text)
    .text                                    0x08000268   Section        0  misc.o(.text)
    .text                                    0x08000320   Section        0  stm32f10x_dma.o(.text)
    .text                                    0x08000508   Section        0  stm32f10x_gpio.o(.text)
    .text                                    0x080007a0   Section        0  stm32f10x_rcc.o(.text)
    .text                                    0x08000a94   Section        0  stm32f10x_usart.o(.text)
    .text                                    0x08000e30   Section        0  list.o(.text)
    .text                                    0x08000ebc   Section        0  queue.o(.text)
    prvInitialiseNewQueue                    0x08000f4b   Thumb Code    22  queue.o(.text)
    prvUnlockQueue                           0x08000fa1   Thumb Code   106  queue.o(.text)
    prvIsQueueFull                           0x0800100b   Thumb Code    30  queue.o(.text)
    prvCopyDataToQueue                       0x08001029   Thumb Code   108  queue.o(.text)
    prvInitialiseMutex                       0x08001189   Thumb Code    22  queue.o(.text)
    prvIsQueueEmpty                          0x080012ab   Thumb Code    26  queue.o(.text)
    prvCopyDataFromQueue                     0x080012c5   Thumb Code    40  queue.o(.text)
    prvGetDisinheritPriorityAfterTimeout     0x080013dd   Thumb Code    20  queue.o(.text)
    .text                                    0x080016e8   Section        0  tasks.o(.text)
    prvInitialiseTaskLists                   0x080016e9   Thumb Code    78  tasks.o(.text)
    prvAddNewTaskToReadyList                 0x08001737   Thumb Code   156  tasks.o(.text)
    prvInitialiseNewTask                     0x080017d3   Thumb Code   112  tasks.o(.text)
    prvDeleteTCB                             0x080018ab   Thumb Code    20  tasks.o(.text)
    prvResetNextTaskUnblockTime              0x080018bf   Thumb Code    28  tasks.o(.text)
    prvAddCurrentTaskToDelayedList           0x08001b91   Thumb Code   130  tasks.o(.text)
    prvTaskIsTaskSuspended                   0x08001e89   Thumb Code    30  tasks.o(.text)
    prvCheckTasksWaitingTermination          0x08001fdd   Thumb Code    54  tasks.o(.text)
    prvIdleTask                              0x08002013   Thumb Code    32  tasks.o(.text)
    .text                                    0x08002998   Section        0  heap_4.o(.text)
    prvInsertBlockIntoFreeList               0x08002999   Thumb Code    78  heap_4.o(.text)
    prvHeapInit                              0x080029e7   Thumb Code    62  heap_4.o(.text)
    .text                                    0x08002c94   Section        0  port.o(.text)
    prvTaskExitError                         0x08002c95   Thumb Code    16  port.o(.text)
    .text                                    0x08002d5c   Section        0  system_stm32f10x.o(.text)
    SetSysClockTo72                          0x08002d5d   Thumb Code   166  system_stm32f10x.o(.text)
    SetSysClock                              0x08002e03   Thumb Code     2  system_stm32f10x.o(.text)
    .text                                    0x08002ed0   Section       36  startup_stm32f10x_hd.o(.text)
    .text                                    0x08002ef4   Section        0  ringbuf.o(.text)
    ringbuf_empty                            0x08002f05   Thumb Code    26  ringbuf.o(.text)
    ringbuf_full                             0x08002f1f   Thumb Code    38  ringbuf.o(.text)
    .text                                    0x08002fa8   Section        0  esp8266_at.o(.text)
    urc_func                                 0x0800310f   Thumb Code    48  esp8266_at.o(.text)
    get_urc_obj                              0x0800313f   Thumb Code   140  esp8266_at.o(.text)
    device_read_buf                          0x080031cb   Thumb Code    12  esp8266_at.o(.text)
    at_client_getchar                        0x080031d7   Thumb Code    36  esp8266_at.o(.text)
    at_recv_readline                         0x080031fb   Thumb Code   136  esp8266_at.o(.text)
    at_client_para_init                      0x0800334f   Thumb Code    52  esp8266_at.o(.text)
    .text                                    0x080035a0   Section        0  hal_at.o(.text)
    .text                                    0x080035b0   Section        0  task_manager.o(.text)
    .text                                    0x0800383c   Section        0  fifo.o(.text)
    get_fifo_occupy_size                     0x0800386d   Thumb Code    12  fifo.o(.text)
    get_fifo_free_size                       0x08003879   Thumb Code    16  fifo.o(.text)
    .text                                    0x08003948   Section        0  dev_usart.o(.text)
    fifo_lock                                0x080039d5   Thumb Code     4  dev_usart.o(.text)
    fifo_unlock                              0x080039d9   Thumb Code     4  dev_usart.o(.text)
    .text                                    0x08003a8c   Section        0  bsp_usart_config.o(.text)
    .text                                    0x08003d18   Section        0  platform_mutex.o(.text)
    .text                                    0x08003de4   Section        0  segger_rtt.o(.text)
    _DoInit                                  0x08003de5   Thumb Code    80  segger_rtt.o(.text)
    _WriteBlocking                           0x08003e35   Thumb Code    92  segger_rtt.o(.text)
    _WriteNoCheck                            0x08003e91   Thumb Code    68  segger_rtt.o(.text)
    _PostTerminalSwitch                      0x08003ed5   Thumb Code    26  segger_rtt.o(.text)
    _GetAvailWriteSpace                      0x08003eef   Thumb Code    24  segger_rtt.o(.text)
    .text                                    0x080047f4   Section        0  memcpya.o(.text)
    .text                                    0x08004818   Section        0  memseta.o(.text)
    .text                                    0x0800483c   Section        0  strstr.o(.text)
    .text                                    0x08004860   Section        0  strncpy.o(.text)
    .text                                    0x08004878   Section        0  strlen.o(.text)
    .text                                    0x08004886   Section        0  memcmp.o(.text)
    .text                                    0x080048a0   Section        0  strncmp.o(.text)
    .text                                    0x080048c0   Section        0  sscanf.o(.text)
    .text                                    0x080048f8   Section        0  uldiv.o(.text)
    .text                                    0x0800495a   Section        0  _scanf_longlong.o(.text)
    .text                                    0x08004ab0   Section        0  _scanf_int.o(.text)
    .text                                    0x08004bfc   Section        0  _scanf_str.o(.text)
    .text                                    0x08004cd8   Section        0  scanf_fp.o(.text)
    _fp_value                                0x08004cd9   Thumb Code   256  scanf_fp.o(.text)
    .text                                    0x08005010   Section        0  scanf_char.o(.text)
    _scanf_char_input                        0x08005011   Thumb Code    12  scanf_char.o(.text)
    .text                                    0x08005038   Section        0  _sgetc.o(.text)
    .text                                    0x08005078   Section        0  iusefp.o(.text)
    .text                                    0x08005078   Section        0  dmul.o(.text)
    .text                                    0x0800515c   Section        0  ddiv.o(.text)
    .text                                    0x0800523c   Section       36  init.o(.text)
    .text                                    0x08005260   Section        0  llshl.o(.text)
    .text                                    0x0800527e   Section        0  llushr.o(.text)
    .text                                    0x0800529e   Section        0  isspace_c.o(.text)
    .text                                    0x080052a8   Section        0  _chval.o(.text)
    .text                                    0x080052c4   Section        0  _scanf.o(.text)
    .text                                    0x080055ec   Section        0  depilogue.o(.text)
    .text                                    0x080056a2   Section        0  dfltul.o(.text)
    .text                                    0x080056ba   Section        0  d2f.o(.text)
    .text                                    0x080056f4   Section        0  ctype_c.o(.text)
    .text                                    0x0800571c   Section        0  fepilogue.o(.text)
    i.__0printf$8                            0x0800578c   Section        0  printf8.o(i.__0printf$8)
    i.__scatterload_copy                     0x080057ac   Section       14  handlers.o(i.__scatterload_copy)
    i.__scatterload_null                     0x080057ba   Section        2  handlers.o(i.__scatterload_null)
    i.__scatterload_zeroinit                 0x080057bc   Section       14  handlers.o(i.__scatterload_zeroinit)
    i._is_digit                              0x080057ca   Section        0  scanf_fp.o(i._is_digit)
    i._printf_core                           0x080057d8   Section        0  printf8.o(i._printf_core)
    _printf_core                             0x080057d9   Thumb Code   988  printf8.o(i._printf_core)
    i._printf_post_padding                   0x08005be0   Section        0  printf8.o(i._printf_post_padding)
    _printf_post_padding                     0x08005be1   Thumb Code    36  printf8.o(i._printf_post_padding)
    i._printf_pre_padding                    0x08005c04   Section        0  printf8.o(i._printf_pre_padding)
    _printf_pre_padding                      0x08005c05   Thumb Code    46  printf8.o(i._printf_pre_padding)
    .constdata                               0x08005c32   Section       14  esp8266_at.o(.constdata)
    __func__                                 0x08005c32   Data          14  esp8266_at.o(.constdata)
    .constdata                               0x08005c40   Section       17  segger_rtt.o(.constdata)
    _aInitStr                                0x08005c40   Data          17  segger_rtt.o(.constdata)
    .constdata                               0x08005c51   Section       64  ctype_c.o(.constdata)
    .conststring                             0x08005c94   Section      174  esp8266_at.o(.conststring)
    .data                                    0x20000000   Section       20  stm32f10x_rcc.o(.data)
    ADCPrescTable                            0x20000000   Data           4  stm32f10x_rcc.o(.data)
    APBAHBPrescTable                         0x20000004   Data          16  stm32f10x_rcc.o(.data)
    .data                                    0x20000014   Section       64  tasks.o(.data)
    uxDeletedTasksWaitingCleanUp             0x20000018   Data           4  tasks.o(.data)
    uxCurrentNumberOfTasks                   0x2000001c   Data           4  tasks.o(.data)
    xTickCount                               0x20000020   Data           4  tasks.o(.data)
    uxTopReadyPriority                       0x20000024   Data           4  tasks.o(.data)
    xSchedulerRunning                        0x20000028   Data           4  tasks.o(.data)
    xPendedTicks                             0x2000002c   Data           4  tasks.o(.data)
    xYieldPending                            0x20000030   Data           4  tasks.o(.data)
    xNumOfOverflows                          0x20000034   Data           4  tasks.o(.data)
    uxTaskNumber                             0x20000038   Data           4  tasks.o(.data)
    xNextTaskUnblockTime                     0x2000003c   Data           4  tasks.o(.data)
    xIdleTaskHandle                          0x20000040   Data           4  tasks.o(.data)
    uxSchedulerSuspended                     0x20000048   Data           4  tasks.o(.data)
    pxDelayedTaskList                        0x2000004c   Data           4  tasks.o(.data)
    pxOverflowDelayedTaskList                0x20000050   Data           4  tasks.o(.data)
    .data                                    0x20000054   Section       28  heap_4.o(.data)
    pxEnd                                    0x20000054   Data           4  heap_4.o(.data)
    xFreeBytesRemaining                      0x20000058   Data           4  heap_4.o(.data)
    xMinimumEverFreeBytesRemaining           0x2000005c   Data           4  heap_4.o(.data)
    xNumberOfSuccessfulAllocations           0x20000060   Data           4  heap_4.o(.data)
    xNumberOfSuccessfulFrees                 0x20000064   Data           4  heap_4.o(.data)
    xStart                                   0x20000068   Data           8  heap_4.o(.data)
    .data                                    0x20000070   Section        4  port.o(.data)
    uxCriticalNesting                        0x20000070   Data           4  port.o(.data)
    .data                                    0x20000074   Section       20  system_stm32f10x.o(.data)
    .data                                    0x20000088   Section       36  esp8266_at.o(.data)
    urc_table                                0x20000088   Data          36  esp8266_at.o(.data)
    .data                                    0x200000ac   Section       16  task_manager.o(.data)
    .data                                    0x200000bc   Section        8  platform_mutex.o(.data)
    xHigherPriorityTaskWoken                 0x200000bc   Data           4  platform_mutex.o(.data)
    xHigherPriorityTaskWoken                 0x200000c0   Data           4  platform_mutex.o(.data)
    .data                                    0x200000c4   Section       17  segger_rtt.o(.data)
    _ActiveTerminal                          0x200000c4   Data           1  segger_rtt.o(.data)
    _aTerminalId                             0x200000c5   Data          16  segger_rtt.o(.data)
    .data                                    0x200000d8   Section        4  stdout.o(.data)
    .bss                                     0x200000dc   Section      200  tasks.o(.bss)
    pxReadyTasksLists                        0x200000dc   Data         100  tasks.o(.bss)
    xDelayedTaskList1                        0x20000140   Data          20  tasks.o(.bss)
    xDelayedTaskList2                        0x20000154   Data          20  tasks.o(.bss)
    xPendingReadyList                        0x20000168   Data          20  tasks.o(.bss)
    xTasksWaitingTermination                 0x2000017c   Data          20  tasks.o(.bss)
    xSuspendedTaskList                       0x20000190   Data          20  tasks.o(.bss)
    .bss                                     0x200001a4   Section    15360  heap_4.o(.bss)
    ucHeap                                   0x200001a4   Data       15360  heap_4.o(.bss)
    .bss                                     0x20003da4   Section       56  task_manager.o(.bss)
    .bss                                     0x20003ddc   Section       84  dev_usart.o(.bss)
    .bss                                     0x20003e30   Section      384  dev_usart.o(.bss)
    uart_rx_buf                              0x20003e30   Data         128  dev_usart.o(.bss)
    uart_tx_buf                              0x20003eb0   Data          64  dev_usart.o(.bss)
    uart_dma_rx_buf                          0x20003ef0   Data         128  dev_usart.o(.bss)
    uart_dma_tx_buf                          0x20003f70   Data          64  dev_usart.o(.bss)
    .bss                                     0x20003fb0   Section      202  bsp_usart_config.o(.bss)
    .bss                                     0x2000407c   Section     1208  segger_rtt.o(.bss)
    _acUpBuffer                              0x20004124   Data        1024  segger_rtt.o(.bss)
    _acDownBuffer                            0x20004524   Data          16  segger_rtt.o(.bss)
    STACK                                    0x20004538   Section     1024  startup_stm32f10x_hd.o(STACK)

    Global Symbols

    Symbol Name                              Value     Ov Type        Size  Object(Section)

    BuildAttributes$$THM_ISAv4$P$D$K$B$S$PE$A:L22UL41UL21$X:L11$S22US41US21$IEEE1$IW$USESV6$~STKCKD$USESV7$~SHL$OTIME$ROPI$EBA8$MICROLIB$REQ8$PRES8$EABIv2 0x00000000   Number         0  anon$$obj.o ABSOLUTE
    __ARM_use_no_argv                        0x00000000   Number         0  main.o ABSOLUTE
    _printf_a                                0x00000000   Number         0  stubs.o ABSOLUTE
    _printf_c                                0x00000000   Number         0  stubs.o ABSOLUTE
    _printf_charcount                        0x00000000   Number         0  stubs.o ABSOLUTE
    _printf_d                                0x00000000   Number         0  stubs.o ABSOLUTE
    _printf_e                                0x00000000   Number         0  stubs.o ABSOLUTE
    _printf_f                                0x00000000   Number         0  stubs.o ABSOLUTE
    _printf_flags                            0x00000000   Number         0  stubs.o ABSOLUTE
    _printf_fp_dec                           0x00000000   Number         0  stubs.o ABSOLUTE
    _printf_fp_hex                           0x00000000   Number         0  stubs.o ABSOLUTE
    _printf_g                                0x00000000   Number         0  stubs.o ABSOLUTE
    _printf_i                                0x00000000   Number         0  stubs.o ABSOLUTE
    _printf_int_dec                          0x00000000   Number         0  stubs.o ABSOLUTE
    _printf_l                                0x00000000   Number         0  stubs.o ABSOLUTE
    _printf_lc                               0x00000000   Number         0  stubs.o ABSOLUTE
    _printf_ll                               0x00000000   Number         0  stubs.o ABSOLUTE
    _printf_lld                              0x00000000   Number         0  stubs.o ABSOLUTE
    _printf_lli                              0x00000000   Number         0  stubs.o ABSOLUTE
    _printf_llo                              0x00000000   Number         0  stubs.o ABSOLUTE
    _printf_llu                              0x00000000   Number         0  stubs.o ABSOLUTE
    _printf_llx                              0x00000000   Number         0  stubs.o ABSOLUTE
    _printf_longlong_dec                     0x00000000   Number         0  stubs.o ABSOLUTE
    _printf_longlong_hex                     0x00000000   Number         0  stubs.o ABSOLUTE
    _printf_longlong_oct                     0x00000000   Number         0  stubs.o ABSOLUTE
    _printf_ls                               0x00000000   Number         0  stubs.o ABSOLUTE
    _printf_mbtowc                           0x00000000   Number         0  stubs.o ABSOLUTE
    _printf_n                                0x00000000   Number         0  stubs.o ABSOLUTE
    _printf_o                                0x00000000   Number         0  stubs.o ABSOLUTE
    _printf_p                                0x00000000   Number         0  stubs.o ABSOLUTE
    _printf_percent                          0x00000000   Number         0  stubs.o ABSOLUTE
    _printf_pre_padding                      0x00000000   Number         0  stubs.o ABSOLUTE
    _printf_return_value                     0x00000000   Number         0  stubs.o ABSOLUTE
    _printf_s                                0x00000000   Number         0  stubs.o ABSOLUTE
    _printf_sizespec                         0x00000000   Number         0  stubs.o ABSOLUTE
    _printf_str                              0x00000000   Number         0  stubs.o ABSOLUTE
    _printf_truncate_signed                  0x00000000   Number         0  stubs.o ABSOLUTE
    _printf_truncate_unsigned                0x00000000   Number         0  stubs.o ABSOLUTE
    _printf_u                                0x00000000   Number         0  stubs.o ABSOLUTE
    _printf_wc                               0x00000000   Number         0  stubs.o ABSOLUTE
    _printf_wctomb                           0x00000000   Number         0  stubs.o ABSOLUTE
    _printf_widthprec                        0x00000000   Number         0  stubs.o ABSOLUTE
    _printf_x                                0x00000000   Number         0  stubs.o ABSOLUTE
    __cpp_initialize__aeabi_                  - Undefined Weak Reference
    __cxa_finalize                            - Undefined Weak Reference
    __decompress                              - Undefined Weak Reference
    _clock_init                               - Undefined Weak Reference
    _microlib_exit                            - Undefined Weak Reference
    __Vectors_Size                           0x00000130   Number         0  startup_stm32f10x_hd.o ABSOLUTE
    __Vectors                                0x08000000   Data           4  startup_stm32f10x_hd.o(RESET)
    __Vectors_End                            0x08000130   Data           0  startup_stm32f10x_hd.o(RESET)
    __main                                   0x08000131   Thumb Code     0  entry.o(.ARM.Collect$$$$00000000)
    _main_stk                                0x08000131   Thumb Code     0  entry2.o(.ARM.Collect$$$$00000001)
    _main_scatterload                        0x08000135   Thumb Code     0  entry5.o(.ARM.Collect$$$$00000004)
    __main_after_scatterload                 0x08000139   Thumb Code     0  entry5.o(.ARM.Collect$$$$00000004)
    _main_clock                              0x08000139   Thumb Code     0  entry7b.o(.ARM.Collect$$$$00000008)
    _main_cpp_init                           0x08000139   Thumb Code     0  entry8b.o(.ARM.Collect$$$$0000000A)
    _main_init                               0x08000139   Thumb Code     0  entry9a.o(.ARM.Collect$$$$0000000B)
    __rt_final_cpp                           0x08000141   Thumb Code     0  entry10a.o(.ARM.Collect$$$$0000000D)
    __rt_final_exit                          0x08000141   Thumb Code     0  entry11a.o(.ARM.Collect$$$$0000000F)
    SVC_Handler                              0x08000145   Thumb Code    32  port.o(.emb_text)
    __asm___6_port_c_39a90d8d__prvStartFirstTask 0x08000169   Thumb Code    28  port.o(.emb_text)
    PendSV_Handler                           0x08000189   Thumb Code    72  port.o(.emb_text)
    vPortGetIPSR                             0x080001d5   Thumb Code     6  port.o(.emb_text)
    main                                     0x080001dd   Thumb Code    16  main.o(.text)
    NMI_Handler                              0x08000205   Thumb Code     2  stm32f10x_it.o(.text)
    HardFault_Handler                        0x08000207   Thumb Code     2  stm32f10x_it.o(.text)
    MemManage_Handler                        0x08000209   Thumb Code     2  stm32f10x_it.o(.text)
    BusFault_Handler                         0x0800020b   Thumb Code     2  stm32f10x_it.o(.text)
    UsageFault_Handler                       0x0800020d   Thumb Code     2  stm32f10x_it.o(.text)
    DebugMon_Handler                         0x0800020f   Thumb Code     2  stm32f10x_it.o(.text)
    USART3_IRQHandler                        0x08000211   Thumb Code    38  stm32f10x_it.o(.text)
    DMA1_Channel2_IRQHandler                 0x08000237   Thumb Code     2  stm32f10x_it.o(.text)
    DMA1_Channel3_IRQHandler                 0x08000239   Thumb Code    34  stm32f10x_it.o(.text)
    NVIC_PriorityGroupConfig                 0x08000269   Thumb Code    10  misc.o(.text)
    NVIC_Init                                0x08000273   Thumb Code    96  misc.o(.text)
    NVIC_SetVectorTable                      0x080002d3   Thumb Code    14  misc.o(.text)
    NVIC_SystemLPConfig                      0x080002e1   Thumb Code    24  misc.o(.text)
    SysTick_CLKSourceConfig                  0x080002f9   Thumb Code    28  misc.o(.text)
    DMA_DeInit                               0x08000321   Thumb Code   238  stm32f10x_dma.o(.text)
    DMA_Init                                 0x0800040f   Thumb Code    58  stm32f10x_dma.o(.text)
    DMA_StructInit                           0x08000449   Thumb Code    26  stm32f10x_dma.o(.text)
    DMA_Cmd                                  0x08000463   Thumb Code    26  stm32f10x_dma.o(.text)
    DMA_ITConfig                             0x0800047d   Thumb Code    20  stm32f10x_dma.o(.text)
    DMA_SetCurrDataCounter                   0x08000491   Thumb Code     4  stm32f10x_dma.o(.text)
    DMA_GetCurrDataCounter                   0x08000495   Thumb Code     6  stm32f10x_dma.o(.text)
    DMA_GetFlagStatus                        0x0800049b   Thumb Code    30  stm32f10x_dma.o(.text)
    DMA_ClearFlag                            0x080004b9   Thumb Code    20  stm32f10x_dma.o(.text)
    DMA_GetITStatus                          0x080004cd   Thumb Code    30  stm32f10x_dma.o(.text)
    DMA_ClearITPendingBit                    0x080004eb   Thumb Code    20  stm32f10x_dma.o(.text)
    GPIO_DeInit                              0x08000509   Thumb Code   188  stm32f10x_gpio.o(.text)
    GPIO_AFIODeInit                          0x080005c5   Thumb Code    22  stm32f10x_gpio.o(.text)
    GPIO_Init                                0x080005db   Thumb Code   166  stm32f10x_gpio.o(.text)
    GPIO_StructInit                          0x08000681   Thumb Code    16  stm32f10x_gpio.o(.text)
    GPIO_ReadInputDataBit                    0x08000691   Thumb Code    14  stm32f10x_gpio.o(.text)
    GPIO_ReadInputData                       0x0800069f   Thumb Code     6  stm32f10x_gpio.o(.text)
    GPIO_ReadOutputDataBit                   0x080006a5   Thumb Code    14  stm32f10x_gpio.o(.text)
    GPIO_ReadOutputData                      0x080006b3   Thumb Code     6  stm32f10x_gpio.o(.text)
    GPIO_SetBits                             0x080006b9   Thumb Code     4  stm32f10x_gpio.o(.text)
    GPIO_ResetBits                           0x080006bd   Thumb Code     4  stm32f10x_gpio.o(.text)
    GPIO_WriteBit                            0x080006c1   Thumb Code    12  stm32f10x_gpio.o(.text)
    GPIO_Write                               0x080006cd   Thumb Code     4  stm32f10x_gpio.o(.text)
    GPIO_PinLockConfig                       0x080006d1   Thumb Code    16  stm32f10x_gpio.o(.text)
    GPIO_EventOutputConfig                   0x080006e1   Thumb Code    22  stm32f10x_gpio.o(.text)
    GPIO_EventOutputCmd                      0x080006f7   Thumb Code     6  stm32f10x_gpio.o(.text)
    GPIO_PinRemapConfig                      0x080006fd   Thumb Code    86  stm32f10x_gpio.o(.text)
    GPIO_EXTILineConfig                      0x08000753   Thumb Code    34  stm32f10x_gpio.o(.text)
    GPIO_ETH_MediaInterfaceConfig            0x08000775   Thumb Code     8  stm32f10x_gpio.o(.text)
    RCC_DeInit                               0x080007a1   Thumb Code    50  stm32f10x_rcc.o(.text)
    RCC_HSEConfig                            0x080007d3   Thumb Code    50  stm32f10x_rcc.o(.text)
    RCC_GetFlagStatus                        0x08000805   Thumb Code    42  stm32f10x_rcc.o(.text)
    RCC_WaitForHSEStartUp                    0x0800082f   Thumb Code    48  stm32f10x_rcc.o(.text)
    RCC_AdjustHSICalibrationValue            0x0800085f   Thumb Code    16  stm32f10x_rcc.o(.text)
    RCC_HSICmd                               0x0800086f   Thumb Code     6  stm32f10x_rcc.o(.text)
    RCC_PLLConfig                            0x08000875   Thumb Code    16  stm32f10x_rcc.o(.text)
    RCC_PLLCmd                               0x08000885   Thumb Code     6  stm32f10x_rcc.o(.text)
    RCC_SYSCLKConfig                         0x0800088b   Thumb Code    14  stm32f10x_rcc.o(.text)
    RCC_GetSYSCLKSource                      0x08000899   Thumb Code    10  stm32f10x_rcc.o(.text)
    RCC_HCLKConfig                           0x080008a3   Thumb Code    14  stm32f10x_rcc.o(.text)
    RCC_PCLK1Config                          0x080008b1   Thumb Code    14  stm32f10x_rcc.o(.text)
    RCC_PCLK2Config                          0x080008bf   Thumb Code    16  stm32f10x_rcc.o(.text)
    RCC_ITConfig                             0x080008cf   Thumb Code    22  stm32f10x_rcc.o(.text)
    RCC_USBCLKConfig                         0x080008e5   Thumb Code     8  stm32f10x_rcc.o(.text)
    RCC_ADCCLKConfig                         0x080008ed   Thumb Code    14  stm32f10x_rcc.o(.text)
    RCC_LSEConfig                            0x080008fb   Thumb Code    36  stm32f10x_rcc.o(.text)
    RCC_LSICmd                               0x0800091f   Thumb Code     6  stm32f10x_rcc.o(.text)
    RCC_RTCCLKConfig                         0x08000925   Thumb Code    10  stm32f10x_rcc.o(.text)
    RCC_RTCCLKCmd                            0x0800092f   Thumb Code     8  stm32f10x_rcc.o(.text)
    RCC_GetClocksFreq                        0x08000937   Thumb Code   154  stm32f10x_rcc.o(.text)
    RCC_AHBPeriphClockCmd                    0x080009d1   Thumb Code    22  stm32f10x_rcc.o(.text)
    RCC_APB2PeriphClockCmd                   0x080009e7   Thumb Code    22  stm32f10x_rcc.o(.text)
    RCC_APB1PeriphClockCmd                   0x080009fd   Thumb Code    22  stm32f10x_rcc.o(.text)
    RCC_APB2PeriphResetCmd                   0x08000a13   Thumb Code    22  stm32f10x_rcc.o(.text)
    RCC_APB1PeriphResetCmd                   0x08000a29   Thumb Code    22  stm32f10x_rcc.o(.text)
    RCC_BackupResetCmd                       0x08000a3f   Thumb Code     8  stm32f10x_rcc.o(.text)
    RCC_ClockSecuritySystemCmd               0x08000a47   Thumb Code     6  stm32f10x_rcc.o(.text)
    RCC_MCOConfig                            0x08000a4d   Thumb Code     6  stm32f10x_rcc.o(.text)
    RCC_ClearFlag                            0x08000a53   Thumb Code    12  stm32f10x_rcc.o(.text)
    RCC_GetITStatus                          0x08000a5f   Thumb Code    16  stm32f10x_rcc.o(.text)
    RCC_ClearITPendingBit                    0x08000a6f   Thumb Code     6  stm32f10x_rcc.o(.text)
    USART_DeInit                             0x08000a95   Thumb Code   144  stm32f10x_usart.o(.text)
    USART_Init                               0x08000b25   Thumb Code   182  stm32f10x_usart.o(.text)
    USART_StructInit                         0x08000bdb   Thumb Code    22  stm32f10x_usart.o(.text)
    USART_ClockInit                          0x08000bf1   Thumb Code    30  stm32f10x_usart.o(.text)
    USART_ClockStructInit                    0x08000c0f   Thumb Code    12  stm32f10x_usart.o(.text)
    USART_Cmd                                0x08000c1b   Thumb Code    24  stm32f10x_usart.o(.text)
    USART_ITConfig                           0x08000c33   Thumb Code    54  stm32f10x_usart.o(.text)
    USART_DMACmd                             0x08000c69   Thumb Code    20  stm32f10x_usart.o(.text)
    USART_SetAddress                         0x08000c7d   Thumb Code    16  stm32f10x_usart.o(.text)
    USART_WakeUpConfig                       0x08000c8d   Thumb Code    16  stm32f10x_usart.o(.text)
    USART_ReceiverWakeUpCmd                  0x08000c9d   Thumb Code    24  stm32f10x_usart.o(.text)
    USART_LINBreakDetectLengthConfig         0x08000cb5   Thumb Code    16  stm32f10x_usart.o(.text)
    USART_LINCmd                             0x08000cc5   Thumb Code    24  stm32f10x_usart.o(.text)
    USART_SendData                           0x08000cdd   Thumb Code     8  stm32f10x_usart.o(.text)
    USART_ReceiveData                        0x08000ce5   Thumb Code     8  stm32f10x_usart.o(.text)
    USART_SendBreak                          0x08000ced   Thumb Code    10  stm32f10x_usart.o(.text)
    USART_SetGuardTime                       0x08000cf7   Thumb Code    16  stm32f10x_usart.o(.text)
    USART_SetPrescaler                       0x08000d07   Thumb Code    16  stm32f10x_usart.o(.text)
    USART_SmartCardCmd                       0x08000d17   Thumb Code    24  stm32f10x_usart.o(.text)
    USART_SmartCardNACKCmd                   0x08000d2f   Thumb Code    24  stm32f10x_usart.o(.text)
    USART_HalfDuplexCmd                      0x08000d47   Thumb Code    24  stm32f10x_usart.o(.text)
    USART_OverSampling8Cmd                   0x08000d5f   Thumb Code    24  stm32f10x_usart.o(.text)
    USART_OneBitMethodCmd                    0x08000d77   Thumb Code    24  stm32f10x_usart.o(.text)
    USART_IrDAConfig                         0x08000d8f   Thumb Code    16  stm32f10x_usart.o(.text)
    USART_IrDACmd                            0x08000d9f   Thumb Code    24  stm32f10x_usart.o(.text)
    USART_GetFlagStatus                      0x08000db7   Thumb Code    14  stm32f10x_usart.o(.text)
    USART_ClearFlag                          0x08000dc5   Thumb Code     8  stm32f10x_usart.o(.text)
    USART_GetITStatus                        0x08000dcd   Thumb Code    64  stm32f10x_usart.o(.text)
    USART_ClearITPendingBit                  0x08000e0d   Thumb Code    16  stm32f10x_usart.o(.text)
    vListInitialise                          0x08000e31   Thumb Code    22  list.o(.text)
    vListInitialiseItem                      0x08000e47   Thumb Code     6  list.o(.text)
    vListInsertEnd                           0x08000e4d   Thumb Code    24  list.o(.text)
    vListInsert                              0x08000e65   Thumb Code    48  list.o(.text)
    uxListRemove                             0x08000e95   Thumb Code    38  list.o(.text)
    xQueueGenericReset                       0x08000ebd   Thumb Code   142  queue.o(.text)
    xQueueGenericCreate                      0x08000f61   Thumb Code    64  queue.o(.text)
    xQueueGenericSend                        0x08001095   Thumb Code   244  queue.o(.text)
    xQueueCreateMutex                        0x0800119f   Thumb Code    24  queue.o(.text)
    xQueueCreateCountingSemaphore            0x080011b7   Thumb Code    34  queue.o(.text)
    xQueueGenericSendFromISR                 0x080011d9   Thumb Code   110  queue.o(.text)
    xQueueGiveFromISR                        0x08001247   Thumb Code   100  queue.o(.text)
    xQueueReceive                            0x080012ed   Thumb Code   240  queue.o(.text)
    xQueueSemaphoreTake                      0x080013f1   Thumb Code   286  queue.o(.text)
    xQueuePeek                               0x0800150f   Thumb Code   232  queue.o(.text)
    xQueueReceiveFromISR                     0x080015f7   Thumb Code   108  queue.o(.text)
    xQueuePeekFromISR                        0x08001663   Thumb Code    50  queue.o(.text)
    uxQueueMessagesWaiting                   0x08001695   Thumb Code    18  queue.o(.text)
    uxQueueSpacesAvailable                   0x080016a7   Thumb Code    22  queue.o(.text)
    uxQueueMessagesWaitingFromISR            0x080016bd   Thumb Code     4  queue.o(.text)
    vQueueDelete                             0x080016c1   Thumb Code     4  queue.o(.text)
    xQueueIsQueueEmptyFromISR                0x080016c5   Thumb Code    14  queue.o(.text)
    xQueueIsQueueFullFromISR                 0x080016d3   Thumb Code    16  queue.o(.text)
    xTaskCreate                              0x08001843   Thumb Code   104  tasks.o(.text)
    vTaskDelete                              0x080018db   Thumb Code   144  tasks.o(.text)
    xTaskIncrementTick                       0x0800196b   Thumb Code   274  tasks.o(.text)
    xTaskResumeAll                           0x08001a7d   Thumb Code   276  tasks.o(.text)
    vTaskSuspendAll                          0x08001c13   Thumb Code    10  tasks.o(.text)
    xTaskDelayUntil                          0x08001c1d   Thumb Code    84  tasks.o(.text)
    vTaskDelay                               0x08001c71   Thumb Code    48  tasks.o(.text)
    uxTaskPriorityGet                        0x08001ca1   Thumb Code    24  tasks.o(.text)
    uxTaskPriorityGetFromISR                 0x08001cb9   Thumb Code    34  tasks.o(.text)
    vTaskPrioritySet                         0x08001cdb   Thumb Code   204  tasks.o(.text)
    vTaskSwitchContext                       0x08001da7   Thumb Code    64  tasks.o(.text)
    vTaskSuspend                             0x08001de7   Thumb Code   162  tasks.o(.text)
    vTaskResume                              0x08001ea7   Thumb Code   152  tasks.o(.text)
    xTaskResumeFromISR                       0x08001f3f   Thumb Code   158  tasks.o(.text)
    vTaskStartScheduler                      0x08002033   Thumb Code    64  tasks.o(.text)
    vTaskEndScheduler                        0x08002073   Thumb Code    24  tasks.o(.text)
    xTaskGetTickCount                        0x0800208b   Thumb Code     6  tasks.o(.text)
    xTaskGetTickCountFromISR                 0x08002091   Thumb Code     6  tasks.o(.text)
    uxTaskGetNumberOfTasks                   0x08002097   Thumb Code     6  tasks.o(.text)
    pcTaskGetName                            0x0800209d   Thumb Code    12  tasks.o(.text)
    xTaskCatchUpTicks                        0x080020a9   Thumb Code    30  tasks.o(.text)
    vTaskPlaceOnEventList                    0x080020c7   Thumb Code    24  tasks.o(.text)
    vTaskPlaceOnUnorderedEventList           0x080020df   Thumb Code    58  tasks.o(.text)
    xTaskRemoveFromEventList                 0x08002119   Thumb Code   192  tasks.o(.text)
    vTaskRemoveFromUnorderedEventList        0x080021d9   Thumb Code   156  tasks.o(.text)
    vTaskSetTimeOutState                     0x08002275   Thumb Code    26  tasks.o(.text)
    vTaskInternalSetTimeOutState             0x0800228f   Thumb Code    12  tasks.o(.text)
    xTaskCheckForTimeOut                     0x0800229b   Thumb Code    82  tasks.o(.text)
    vTaskMissedYield                         0x080022ed   Thumb Code     8  tasks.o(.text)
    xTaskGetCurrentTaskHandle                0x080022f5   Thumb Code     6  tasks.o(.text)
    xTaskPriorityInherit                     0x080022fb   Thumb Code   198  tasks.o(.text)
    xTaskPriorityDisinherit                  0x080023c1   Thumb Code   132  tasks.o(.text)
    vTaskPriorityDisinheritAfterTimeout      0x08002445   Thumb Code   148  tasks.o(.text)
    uxTaskResetEventItemValue                0x080024d9   Thumb Code    20  tasks.o(.text)
    pvTaskIncrementMutexHeldCount            0x080024ed   Thumb Code    20  tasks.o(.text)
    ulTaskGenericNotifyTake                  0x08002501   Thumb Code   120  tasks.o(.text)
    xTaskGenericNotifyWait                   0x08002579   Thumb Code   158  tasks.o(.text)
    xTaskGenericNotify                       0x08002617   Thumb Code   234  tasks.o(.text)
    xTaskGenericNotifyFromISR                0x08002701   Thumb Code   340  tasks.o(.text)
    vTaskGenericNotifyGiveFromISR            0x08002855   Thumb Code   222  tasks.o(.text)
    xTaskGenericNotifyStateClear             0x08002933   Thumb Code    50  tasks.o(.text)
    ulTaskGenericNotifyValueClear            0x08002965   Thumb Code    42  tasks.o(.text)
    pvPortMalloc                             0x08002a25   Thumb Code   154  heap_4.o(.text)
    vPortFree                                0x08002abf   Thumb Code    66  heap_4.o(.text)
    xPortGetFreeHeapSize                     0x08002b01   Thumb Code     8  heap_4.o(.text)
    xPortGetMinimumEverFreeHeapSize          0x08002b09   Thumb Code     8  heap_4.o(.text)
    vPortInitialiseBlocks                    0x08002b11   Thumb Code     2  heap_4.o(.text)
    pvPortCalloc                             0x08002b13   Thumb Code    42  heap_4.o(.text)
    pvPortRealloc                            0x08002b3d   Thumb Code   224  heap_4.o(.text)
    vPortGetHeapStats                        0x08002c1d   Thumb Code   106  heap_4.o(.text)
    pxPortInitialiseStack                    0x08002ca5   Thumb Code    24  port.o(.text)
    vPortSetupTimerInterrupt                 0x08002cbd   Thumb Code    20  port.o(.text)
    xPortStartScheduler                      0x08002cd1   Thumb Code    38  port.o(.text)
    vPortEndScheduler                        0x08002cf7   Thumb Code     2  port.o(.text)
    vPortEnterCritical                       0x08002cf9   Thumb Code    24  port.o(.text)
    vPortExitCritical                        0x08002d11   Thumb Code    18  port.o(.text)
    SysTick_Handler                          0x08002d23   Thumb Code    40  port.o(.text)
    SystemInit                               0x08002e05   Thumb Code    64  system_stm32f10x.o(.text)
    SystemCoreClockUpdate                    0x08002e45   Thumb Code   106  system_stm32f10x.o(.text)
    Reset_Handler                            0x08002ed1   Thumb Code     8  startup_stm32f10x_hd.o(.text)
    ADC1_2_IRQHandler                        0x08002eeb   Thumb Code     0  startup_stm32f10x_hd.o(.text)
    ADC3_IRQHandler                          0x08002eeb   Thumb Code     0  startup_stm32f10x_hd.o(.text)
    CAN1_RX1_IRQHandler                      0x08002eeb   Thumb Code     0  startup_stm32f10x_hd.o(.text)
    CAN1_SCE_IRQHandler                      0x08002eeb   Thumb Code     0  startup_stm32f10x_hd.o(.text)
    DMA1_Channel1_IRQHandler                 0x08002eeb   Thumb Code     0  startup_stm32f10x_hd.o(.text)
    DMA1_Channel4_IRQHandler                 0x08002eeb   Thumb Code     0  startup_stm32f10x_hd.o(.text)
    DMA1_Channel5_IRQHandler                 0x08002eeb   Thumb Code     0  startup_stm32f10x_hd.o(.text)
    DMA1_Channel6_IRQHandler                 0x08002eeb   Thumb Code     0  startup_stm32f10x_hd.o(.text)
    DMA1_Channel7_IRQHandler                 0x08002eeb   Thumb Code     0  startup_stm32f10x_hd.o(.text)
    DMA2_Channel1_IRQHandler                 0x08002eeb   Thumb Code     0  startup_stm32f10x_hd.o(.text)
    DMA2_Channel2_IRQHandler                 0x08002eeb   Thumb Code     0  startup_stm32f10x_hd.o(.text)
    DMA2_Channel3_IRQHandler                 0x08002eeb   Thumb Code     0  startup_stm32f10x_hd.o(.text)
    DMA2_Channel4_5_IRQHandler               0x08002eeb   Thumb Code     0  startup_stm32f10x_hd.o(.text)
    EXTI0_IRQHandler                         0x08002eeb   Thumb Code     0  startup_stm32f10x_hd.o(.text)
    EXTI15_10_IRQHandler                     0x08002eeb   Thumb Code     0  startup_stm32f10x_hd.o(.text)
    EXTI1_IRQHandler                         0x08002eeb   Thumb Code     0  startup_stm32f10x_hd.o(.text)
    EXTI2_IRQHandler                         0x08002eeb   Thumb Code     0  startup_stm32f10x_hd.o(.text)
    EXTI3_IRQHandler                         0x08002eeb   Thumb Code     0  startup_stm32f10x_hd.o(.text)
    EXTI4_IRQHandler                         0x08002eeb   Thumb Code     0  startup_stm32f10x_hd.o(.text)
    EXTI9_5_IRQHandler                       0x08002eeb   Thumb Code     0  startup_stm32f10x_hd.o(.text)
    FLASH_IRQHandler                         0x08002eeb   Thumb Code     0  startup_stm32f10x_hd.o(.text)
    FSMC_IRQHandler                          0x08002eeb   Thumb Code     0  startup_stm32f10x_hd.o(.text)
    I2C1_ER_IRQHandler                       0x08002eeb   Thumb Code     0  startup_stm32f10x_hd.o(.text)
    I2C1_EV_IRQHandler                       0x08002eeb   Thumb Code     0  startup_stm32f10x_hd.o(.text)
    I2C2_ER_IRQHandler                       0x08002eeb   Thumb Code     0  startup_stm32f10x_hd.o(.text)
    I2C2_EV_IRQHandler                       0x08002eeb   Thumb Code     0  startup_stm32f10x_hd.o(.text)
    PVD_IRQHandler                           0x08002eeb   Thumb Code     0  startup_stm32f10x_hd.o(.text)
    RCC_IRQHandler                           0x08002eeb   Thumb Code     0  startup_stm32f10x_hd.o(.text)
    RTCAlarm_IRQHandler                      0x08002eeb   Thumb Code     0  startup_stm32f10x_hd.o(.text)
    RTC_IRQHandler                           0x08002eeb   Thumb Code     0  startup_stm32f10x_hd.o(.text)
    SDIO_IRQHandler                          0x08002eeb   Thumb Code     0  startup_stm32f10x_hd.o(.text)
    SPI1_IRQHandler                          0x08002eeb   Thumb Code     0  startup_stm32f10x_hd.o(.text)
    SPI2_IRQHandler                          0x08002eeb   Thumb Code     0  startup_stm32f10x_hd.o(.text)
    SPI3_IRQHandler                          0x08002eeb   Thumb Code     0  startup_stm32f10x_hd.o(.text)
    TAMPER_IRQHandler                        0x08002eeb   Thumb Code     0  startup_stm32f10x_hd.o(.text)
    TIM1_BRK_IRQHandler                      0x08002eeb   Thumb Code     0  startup_stm32f10x_hd.o(.text)
    TIM1_CC_IRQHandler                       0x08002eeb   Thumb Code     0  startup_stm32f10x_hd.o(.text)
    TIM1_TRG_COM_IRQHandler                  0x08002eeb   Thumb Code     0  startup_stm32f10x_hd.o(.text)
    TIM1_UP_IRQHandler                       0x08002eeb   Thumb Code     0  startup_stm32f10x_hd.o(.text)
    TIM2_IRQHandler                          0x08002eeb   Thumb Code     0  startup_stm32f10x_hd.o(.text)
    TIM3_IRQHandler                          0x08002eeb   Thumb Code     0  startup_stm32f10x_hd.o(.text)
    TIM4_IRQHandler                          0x08002eeb   Thumb Code     0  startup_stm32f10x_hd.o(.text)
    TIM5_IRQHandler                          0x08002eeb   Thumb Code     0  startup_stm32f10x_hd.o(.text)
    TIM6_IRQHandler                          0x08002eeb   Thumb Code     0  startup_stm32f10x_hd.o(.text)
    TIM7_IRQHandler                          0x08002eeb   Thumb Code     0  startup_stm32f10x_hd.o(.text)
    TIM8_BRK_IRQHandler                      0x08002eeb   Thumb Code     0  startup_stm32f10x_hd.o(.text)
    TIM8_CC_IRQHandler                       0x08002eeb   Thumb Code     0  startup_stm32f10x_hd.o(.text)
    TIM8_TRG_COM_IRQHandler                  0x08002eeb   Thumb Code     0  startup_stm32f10x_hd.o(.text)
    TIM8_UP_IRQHandler                       0x08002eeb   Thumb Code     0  startup_stm32f10x_hd.o(.text)
    UART4_IRQHandler                         0x08002eeb   Thumb Code     0  startup_stm32f10x_hd.o(.text)
    UART5_IRQHandler                         0x08002eeb   Thumb Code     0  startup_stm32f10x_hd.o(.text)
    USART1_IRQHandler                        0x08002eeb   Thumb Code     0  startup_stm32f10x_hd.o(.text)
    USART2_IRQHandler                        0x08002eeb   Thumb Code     0  startup_stm32f10x_hd.o(.text)
    USBWakeUp_IRQHandler                     0x08002eeb   Thumb Code     0  startup_stm32f10x_hd.o(.text)
    USB_HP_CAN1_TX_IRQHandler                0x08002eeb   Thumb Code     0  startup_stm32f10x_hd.o(.text)
    USB_LP_CAN1_RX0_IRQHandler               0x08002eeb   Thumb Code     0  startup_stm32f10x_hd.o(.text)
    WWDG_IRQHandler                          0x08002eeb   Thumb Code     0  startup_stm32f10x_hd.o(.text)
    ringbuf_init                             0x08002ef5   Thumb Code    16  ringbuf.o(.text)
    ringbuf_write                            0x08002f45   Thumb Code    46  ringbuf.o(.text)
    ringbuf_read                             0x08002f73   Thumb Code    54  ringbuf.o(.text)
    at_create_resp                           0x08002fa9   Thumb Code    64  esp8266_at.o(.text)
    at_delete_resp                           0x08002fe9   Thumb Code    32  esp8266_at.o(.text)
    resp_get_line                            0x08003009   Thumb Code    60  esp8266_at.o(.text)
    resp_parse_line_args                     0x08003045   Thumb Code    30  esp8266_at.o(.text)
    at_obj_set_urc_table                     0x08003063   Thumb Code   172  esp8266_at.o(.text)
    client_parser                            0x08003283   Thumb Code   204  esp8266_at.o(.text)
    at_client_init                           0x08003383   Thumb Code    18  esp8266_at.o(.text)
    esp8266_init                             0x08003395   Thumb Code    86  esp8266_at.o(.text)
    esp8266_destory                          0x080033eb   Thumb Code    54  esp8266_at.o(.text)
    AT_send_obj_cmd                          0x08003421   Thumb Code   280  esp8266_at.o(.text)
    AT_recv_cmd_task                         0x08003539   Thumb Code    70  esp8266_at.o(.text)
    HAL_AT_send_cmd                          0x080035a1   Thumb Code     6  hal_at.o(.text)
    HAL_AT_recv                              0x080035a7   Thumb Code     4  hal_at.o(.text)
    HAL_AT_read_buf                          0x080035ab   Thumb Code     4  hal_at.o(.text)
    at_test                                  0x080035b1   Thumb Code   122  task_manager.o(.text)
    do_create_test_task                      0x0800362b   Thumb Code    50  task_manager.o(.text)
    do_create_parse_task                     0x0800365d   Thumb Code    48  task_manager.o(.text)
    task_start                               0x0800368d   Thumb Code    62  task_manager.o(.text)
    do_create_start_task                     0x080036cb   Thumb Code    40  task_manager.o(.text)
    uart_dma_task                            0x080036f3   Thumb Code     8  task_manager.o(.text)
    fifo_create                              0x0800383d   Thumb Code    26  fifo.o(.text)
    fifo_destory                             0x08003857   Thumb Code    22  fifo.o(.text)
    fifo_write                               0x08003889   Thumb Code    96  fifo.o(.text)
    fifo_read                                0x080038e9   Thumb Code    94  fifo.o(.text)
    USART3_SendByte                          0x08003949   Thumb Code    30  dev_usart.o(.text)
    USART3_SendArray                         0x08003967   Thumb Code    26  dev_usart.o(.text)
    USART3_Recv                              0x08003981   Thumb Code    32  dev_usart.o(.text)
    USART3_Recv_buf                          0x080039a1   Thumb Code    52  dev_usart.o(.text)
    uart_device_init                         0x080039dd   Thumb Code   106  dev_usart.o(.text)
    uart_read                                0x08003a47   Thumb Code     6  dev_usart.o(.text)
    uart_write                               0x08003a4d   Thumb Code     6  dev_usart.o(.text)
    uart_dma_rx_done_isr                     0x08003a53   Thumb Code    34  dev_usart.o(.text)
    USART1_Config                            0x08003a8d   Thumb Code   172  bsp_usart_config.o(.text)
    USART3_Config                            0x08003b39   Thumb Code   176  bsp_usart_config.o(.text)
    usart3_rx_DMA_config                     0x08003be9   Thumb Code   134  bsp_usart_config.o(.text)
    usart3_tx_DMA_config                     0x08003c6f   Thumb Code   130  bsp_usart_config.o(.text)
    fputc                                    0x08003cf1   Thumb Code    16  bsp_usart_config.o(.text)
    platform_mutex_init                      0x08003d19   Thumb Code    16  platform_mutex.o(.text)
    platform_mutex_lock                      0x08003d29   Thumb Code    10  platform_mutex.o(.text)
    platform_mutex_lock_timeout              0x08003d33   Thumb Code     6  platform_mutex.o(.text)
    platform_mutex_trylock                   0x08003d39   Thumb Code     8  platform_mutex.o(.text)
    platform_mutex_unlock                    0x08003d41   Thumb Code    12  platform_mutex.o(.text)
    platform_mutex_unlock_from_isr           0x08003d4d   Thumb Code    36  platform_mutex.o(.text)
    platform_mutex_destroy                   0x08003d71   Thumb Code    12  platform_mutex.o(.text)
    platform_semaphore_init                  0x08003d7d   Thumb Code    18  platform_mutex.o(.text)
    platform_semphr_lock                     0x08003d8f   Thumb Code    10  platform_mutex.o(.text)
    platform_semphr_lock_timeout             0x08003d99   Thumb Code     6  platform_mutex.o(.text)
    platform_semphr_unlock                   0x08003d9f   Thumb Code    12  platform_mutex.o(.text)
    platform_semphr_destroy                  0x08003dab   Thumb Code    12  platform_mutex.o(.text)
    platform_semphr_unlock_from_isr          0x08003db7   Thumb Code    38  platform_mutex.o(.text)
    SEGGER_RTT_ReadUpBufferNoLock            0x08003f07   Thumb Code   118  segger_rtt.o(.text)
    SEGGER_RTT_ReadNoLock                    0x08003f7d   Thumb Code   118  segger_rtt.o(.text)
    SEGGER_RTT_ReadUpBuffer                  0x08003ff3   Thumb Code    24  segger_rtt.o(.text)
    SEGGER_RTT_Read                          0x0800400b   Thumb Code    24  segger_rtt.o(.text)
    SEGGER_RTT_WriteWithOverwriteNoLock      0x08004023   Thumb Code   154  segger_rtt.o(.text)
    SEGGER_RTT_WriteSkipNoLock               0x080040bd   Thumb Code   112  segger_rtt.o(.text)
    SEGGER_RTT_WriteDownBufferNoLock         0x0800412d   Thumb Code   102  segger_rtt.o(.text)
    SEGGER_RTT_WriteNoLock                   0x08004193   Thumb Code   128  segger_rtt.o(.text)
    SEGGER_RTT_WriteDownBuffer               0x08004213   Thumb Code    50  segger_rtt.o(.text)
    SEGGER_RTT_Write                         0x08004245   Thumb Code    50  segger_rtt.o(.text)
    SEGGER_RTT_WriteString                   0x08004277   Thumb Code    24  segger_rtt.o(.text)
    SEGGER_RTT_PutCharSkipNoLock             0x0800428f   Thumb Code    50  segger_rtt.o(.text)
    SEGGER_RTT_PutCharSkip                   0x080042c1   Thumb Code    82  segger_rtt.o(.text)
    SEGGER_RTT_PutChar                       0x08004313   Thumb Code    94  segger_rtt.o(.text)
    SEGGER_RTT_GetKey                        0x08004371   Thumb Code    28  segger_rtt.o(.text)
    SEGGER_RTT_WaitKey                       0x0800438d   Thumb Code    12  segger_rtt.o(.text)
    SEGGER_RTT_HasKey                        0x08004399   Thumb Code    32  segger_rtt.o(.text)
    SEGGER_RTT_HasData                       0x080043b9   Thumb Code    18  segger_rtt.o(.text)
    SEGGER_RTT_HasDataUp                     0x080043cb   Thumb Code    18  segger_rtt.o(.text)
    SEGGER_RTT_AllocDownBuffer               0x080043dd   Thumb Code   102  segger_rtt.o(.text)
    SEGGER_RTT_AllocUpBuffer                 0x08004443   Thumb Code   102  segger_rtt.o(.text)
    SEGGER_RTT_ConfigUpBuffer                0x080044a9   Thumb Code    90  segger_rtt.o(.text)
    SEGGER_RTT_ConfigDownBuffer              0x08004503   Thumb Code    90  segger_rtt.o(.text)
    SEGGER_RTT_SetNameUpBuffer               0x0800455d   Thumb Code    60  segger_rtt.o(.text)
    SEGGER_RTT_SetNameDownBuffer             0x08004599   Thumb Code    60  segger_rtt.o(.text)
    SEGGER_RTT_SetFlagsUpBuffer              0x080045d5   Thumb Code    66  segger_rtt.o(.text)
    SEGGER_RTT_SetFlagsDownBuffer            0x08004617   Thumb Code    60  segger_rtt.o(.text)
    SEGGER_RTT_Init                          0x08004653   Thumb Code     4  segger_rtt.o(.text)
    SEGGER_RTT_SetTerminal                   0x08004657   Thumb Code   134  segger_rtt.o(.text)
    SEGGER_RTT_TerminalOut                   0x080046dd   Thumb Code   224  segger_rtt.o(.text)
    SEGGER_RTT_GetAvailWriteSpace            0x080047bd   Thumb Code    16  segger_rtt.o(.text)
    SEGGER_RTT_GetBytesInBuffer              0x080047cd   Thumb Code    30  segger_rtt.o(.text)
    __aeabi_memcpy                           0x080047f5   Thumb Code    36  memcpya.o(.text)
    __aeabi_memcpy4                          0x080047f5   Thumb Code     0  memcpya.o(.text)
    __aeabi_memcpy8                          0x080047f5   Thumb Code     0  memcpya.o(.text)
    __aeabi_memset                           0x08004819   Thumb Code    14  memseta.o(.text)
    __aeabi_memset4                          0x08004819   Thumb Code     0  memseta.o(.text)
    __aeabi_memset8                          0x08004819   Thumb Code     0  memseta.o(.text)
    __aeabi_memclr                           0x08004827   Thumb Code     4  memseta.o(.text)
    __aeabi_memclr4                          0x08004827   Thumb Code     0  memseta.o(.text)
    __aeabi_memclr8                          0x08004827   Thumb Code     0  memseta.o(.text)
    _memset$wrapper                          0x0800482b   Thumb Code    18  memseta.o(.text)
    strstr                                   0x0800483d   Thumb Code    36  strstr.o(.text)
    strncpy                                  0x08004861   Thumb Code    24  strncpy.o(.text)
    strlen                                   0x08004879   Thumb Code    14  strlen.o(.text)
    memcmp                                   0x08004887   Thumb Code    26  memcmp.o(.text)
    strncmp                                  0x080048a1   Thumb Code    30  strncmp.o(.text)
    sscanf                                   0x080048c1   Thumb Code    48  sscanf.o(.text)
    __aeabi_uldivmod                         0x080048f9   Thumb Code    98  uldiv.o(.text)
    _scanf_longlong                          0x0800495b   Thumb Code   342  _scanf_longlong.o(.text)
    _scanf_int                               0x08004ab1   Thumb Code   332  _scanf_int.o(.text)
    _scanf_string                            0x08004bfd   Thumb Code   218  _scanf_str.o(.text)
    _scanf_real                              0x08004dd9   Thumb Code     0  scanf_fp.o(.text)
    _scanf_really_real                       0x08004dd9   Thumb Code   556  scanf_fp.o(.text)
    __vfscanf_char                           0x0800501d   Thumb Code    20  scanf_char.o(.text)
    _sgetc                                   0x08005039   Thumb Code    30  _sgetc.o(.text)
    _sbackspace                              0x08005057   Thumb Code    34  _sgetc.o(.text)
    __I$use$fp                               0x08005079   Thumb Code     0  iusefp.o(.text)
    __aeabi_dmul                             0x08005079   Thumb Code   228  dmul.o(.text)
    __aeabi_ddiv                             0x0800515d   Thumb Code   222  ddiv.o(.text)
    __scatterload                            0x0800523d   Thumb Code    28  init.o(.text)
    __scatterload_rt2                        0x0800523d   Thumb Code     0  init.o(.text)
    __aeabi_llsl                             0x08005261   Thumb Code    30  llshl.o(.text)
    _ll_shift_l                              0x08005261   Thumb Code     0  llshl.o(.text)
    __aeabi_llsr                             0x0800527f   Thumb Code    32  llushr.o(.text)
    _ll_ushift_r                             0x0800527f   Thumb Code     0  llushr.o(.text)
    isspace                                  0x0800529f   Thumb Code    10  isspace_c.o(.text)
    _chval                                   0x080052a9   Thumb Code    28  _chval.o(.text)
    __vfscanf                                0x080052c5   Thumb Code   802  _scanf.o(.text)
    _double_round                            0x080055ed   Thumb Code    26  depilogue.o(.text)
    _double_epilogue                         0x08005607   Thumb Code   156  depilogue.o(.text)
    __aeabi_ul2d                             0x080056a3   Thumb Code    24  dfltul.o(.text)
    __aeabi_d2f                              0x080056bb   Thumb Code    56  d2f.o(.text)
    __ctype_lookup                           0x080056f5   Thumb Code    34  ctype_c.o(.text)
    _float_round                             0x0800571d   Thumb Code    18  fepilogue.o(.text)
    _float_epilogue                          0x0800572f   Thumb Code    92  fepilogue.o(.text)
    __0printf$8                              0x0800578d   Thumb Code    22  printf8.o(i.__0printf$8)
    __1printf$8                              0x0800578d   Thumb Code     0  printf8.o(i.__0printf$8)
    __2printf                                0x0800578d   Thumb Code     0  printf8.o(i.__0printf$8)
    __scatterload_copy                       0x080057ad   Thumb Code    14  handlers.o(i.__scatterload_copy)
    __scatterload_null                       0x080057bb   Thumb Code     2  handlers.o(i.__scatterload_null)
    __scatterload_zeroinit                   0x080057bd   Thumb Code    14  handlers.o(i.__scatterload_zeroinit)
    _is_digit                                0x080057cb   Thumb Code    14  scanf_fp.o(i._is_digit)
    __ctype_categories                       0x08005c51   Data          64  ctype_c.o(.constdata)
    Region$$Table$$Base                      0x08005d44   Number         0  anon$$obj.o(Region$$Table)
    Region$$Table$$Limit                     0x08005d64   Number         0  anon$$obj.o(Region$$Table)
    pxCurrentTCB                             0x20000014   Data           4  tasks.o(.data)
    uxTopUsedPriority                        0x20000044   Data           4  tasks.o(.data)
    SystemCoreClock                          0x20000074   Data           4  system_stm32f10x.o(.data)
    AHBPrescTable                            0x20000078   Data          16  system_stm32f10x.o(.data)
    task_start_handle                        0x200000ac   Data           4  task_manager.o(.data)
    task_parse_handle                        0x200000b0   Data           4  task_manager.o(.data)
    task_test_handle                         0x200000b4   Data           4  task_manager.o(.data)
    uart_dma_mutex                           0x200000b8   Data           4  task_manager.o(.data)
    __stdout                                 0x200000d8   Data           4  stdout.o(.data)
    esp8266_dev                              0x20003da4   Data          56  task_manager.o(.bss)
    uart3_dev                                0x20003ddc   Data          84  dev_usart.o(.bss)
    USART3_RingBuf                           0x20003fb0   Data         202  bsp_usart_config.o(.bss)
    _SEGGER_RTT                              0x2000407c   Data         168  segger_rtt.o(.bss)
    __initial_sp                             0x20004938   Data           0  startup_stm32f10x_hd.o(STACK)



==============================================================================

Memory Map of the image

  Image Entry point : 0x08000131

  Load Region LR_IROM1 (Base: 0x08000000, Size: 0x00005e40, Max: 0x00010000, ABSOLUTE)

    Execution Region ER_IROM1 (Exec base: 0x08000000, Load base: 0x08000000, Size: 0x00005d64, Max: 0x00010000, ABSOLUTE)

    Exec Addr    Load Addr    Size         Type   Attr      Idx    E Section Name        Object

    0x08000000   0x08000000   0x00000130   Data   RO          637    RESET               startup_stm32f10x_hd.o
    0x08000130   0x08000130   0x00000000   Code   RO         1117  * .ARM.Collect$$$$00000000  mc_w.l(entry.o)
    0x08000130   0x08000130   0x00000004   Code   RO         1402    .ARM.Collect$$$$00000001  mc_w.l(entry2.o)
    0x08000134   0x08000134   0x00000004   Code   RO         1405    .ARM.Collect$$$$00000004  mc_w.l(entry5.o)
    0x08000138   0x08000138   0x00000000   Code   RO         1407    .ARM.Collect$$$$00000008  mc_w.l(entry7b.o)
    0x08000138   0x08000138   0x00000000   Code   RO         1409    .ARM.Collect$$$$0000000A  mc_w.l(entry8b.o)
    0x08000138   0x08000138   0x00000008   Code   RO         1410    .ARM.Collect$$$$0000000B  mc_w.l(entry9a.o)
    0x08000140   0x08000140   0x00000000   Code   RO         1412    .ARM.Collect$$$$0000000D  mc_w.l(entry10a.o)
    0x08000140   0x08000140   0x00000000   Code   RO         1414    .ARM.Collect$$$$0000000F  mc_w.l(entry11a.o)
    0x08000140   0x08000140   0x00000004   Code   RO         1403    .ARM.Collect$$$$00002712  mc_w.l(entry2.o)
    0x08000144   0x08000144   0x00000096   Code   RO          576    .emb_text           port.o
    0x080001da   0x080001da   0x00000002   PAD
    0x080001dc   0x080001dc   0x00000028   Code   RO            1    .text               main.o
    0x08000204   0x08000204   0x00000064   Code   RO          184    .text               stm32f10x_it.o
    0x08000268   0x08000268   0x000000b8   Code   RO          222    .text               misc.o
    0x08000320   0x08000320   0x000001e8   Code   RO          282    .text               stm32f10x_dma.o
    0x08000508   0x08000508   0x00000298   Code   RO          318    .text               stm32f10x_gpio.o
    0x080007a0   0x080007a0   0x000002f4   Code   RO          354    .text               stm32f10x_rcc.o
    0x08000a94   0x08000a94   0x0000039c   Code   RO          392    .text               stm32f10x_usart.o
    0x08000e30   0x08000e30   0x0000008a   Code   RO          464    .text               list.o
    0x08000eba   0x08000eba   0x00000002   PAD
    0x08000ebc   0x08000ebc   0x0000082c   Code   RO          479    .text               queue.o
    0x080016e8   0x080016e8   0x000012b0   Code   RO          524    .text               tasks.o
    0x08002998   0x08002998   0x000002fc   Code   RO          561    .text               heap_4.o
    0x08002c94   0x08002c94   0x000000c8   Code   RO          577    .text               port.o
    0x08002d5c   0x08002d5c   0x00000174   Code   RO          617    .text               system_stm32f10x.o
    0x08002ed0   0x08002ed0   0x00000024   Code   RO          638    .text               startup_stm32f10x_hd.o
    0x08002ef4   0x08002ef4   0x000000b4   Code   RO          642    .text               ringbuf.o
    0x08002fa8   0x08002fa8   0x000005f8   Code   RO          654    .text               esp8266_at.o
    0x080035a0   0x080035a0   0x0000000e   Code   RO          670    .text               hal_at.o
    0x080035ae   0x080035ae   0x00000002   PAD
    0x080035b0   0x080035b0   0x0000028c   Code   RO          682    .text               task_manager.o
    0x0800383c   0x0800383c   0x0000010a   Code   RO          702    .text               fifo.o
    0x08003946   0x08003946   0x00000002   PAD
    0x08003948   0x08003948   0x00000144   Code   RO          714    .text               dev_usart.o
    0x08003a8c   0x08003a8c   0x0000028c   Code   RO          737    .text               bsp_usart_config.o
    0x08003d18   0x08003d18   0x000000cc   Code   RO         1035    .text               platform_mutex.o
    0x08003de4   0x08003de4   0x00000a10   Code   RO         1084    .text               segger_rtt.o
    0x080047f4   0x080047f4   0x00000024   Code   RO         1123    .text               mc_w.l(memcpya.o)
    0x08004818   0x08004818   0x00000024   Code   RO         1125    .text               mc_w.l(memseta.o)
    0x0800483c   0x0800483c   0x00000024   Code   RO         1127    .text               mc_w.l(strstr.o)
    0x08004860   0x08004860   0x00000018   Code   RO         1129    .text               mc_w.l(strncpy.o)
    0x08004878   0x08004878   0x0000000e   Code   RO         1131    .text               mc_w.l(strlen.o)
    0x08004886   0x08004886   0x0000001a   Code   RO         1133    .text               mc_w.l(memcmp.o)
    0x080048a0   0x080048a0   0x0000001e   Code   RO         1135    .text               mc_w.l(strncmp.o)
    0x080048be   0x080048be   0x00000002   PAD
    0x080048c0   0x080048c0   0x00000038   Code   RO         1400    .text               mc_w.l(sscanf.o)
    0x080048f8   0x080048f8   0x00000062   Code   RO         1419    .text               mc_w.l(uldiv.o)
    0x0800495a   0x0800495a   0x00000156   Code   RO         1421    .text               mc_w.l(_scanf_longlong.o)
    0x08004ab0   0x08004ab0   0x0000014c   Code   RO         1423    .text               mc_w.l(_scanf_int.o)
    0x08004bfc   0x08004bfc   0x000000da   Code   RO         1425    .text               mc_w.l(_scanf_str.o)
    0x08004cd6   0x08004cd6   0x00000002   PAD
    0x08004cd8   0x08004cd8   0x00000338   Code   RO         1427    .text               mc_w.l(scanf_fp.o)
    0x08005010   0x08005010   0x00000028   Code   RO         1431    .text               mc_w.l(scanf_char.o)
    0x08005038   0x08005038   0x00000040   Code   RO         1433    .text               mc_w.l(_sgetc.o)
    0x08005078   0x08005078   0x00000000   Code   RO         1435    .text               mc_w.l(iusefp.o)
    0x08005078   0x08005078   0x000000e4   Code   RO         1438    .text               mf_w.l(dmul.o)
    0x0800515c   0x0800515c   0x000000de   Code   RO         1440    .text               mf_w.l(ddiv.o)
    0x0800523a   0x0800523a   0x00000002   PAD
    0x0800523c   0x0800523c   0x00000024   Code   RO         1446    .text               mc_w.l(init.o)
    0x08005260   0x08005260   0x0000001e   Code   RO         1448    .text               mc_w.l(llshl.o)
    0x0800527e   0x0800527e   0x00000020   Code   RO         1450    .text               mc_w.l(llushr.o)
    0x0800529e   0x0800529e   0x0000000a   Code   RO         1454    .text               mc_w.l(isspace_c.o)
    0x080052a8   0x080052a8   0x0000001c   Code   RO         1456    .text               mc_w.l(_chval.o)
    0x080052c4   0x080052c4   0x00000328   Code   RO         1458    .text               mc_w.l(_scanf.o)
    0x080055ec   0x080055ec   0x000000b6   Code   RO         1460    .text               mf_w.l(depilogue.o)
    0x080056a2   0x080056a2   0x00000018   Code   RO         1462    .text               mf_w.l(dfltul.o)
    0x080056ba   0x080056ba   0x00000038   Code   RO         1464    .text               mf_w.l(d2f.o)
    0x080056f2   0x080056f2   0x00000002   PAD
    0x080056f4   0x080056f4   0x00000028   Code   RO         1466    .text               mc_w.l(ctype_c.o)
    0x0800571c   0x0800571c   0x0000006e   Code   RO         1469    .text               mf_w.l(fepilogue.o)
    0x0800578a   0x0800578a   0x00000002   PAD
    0x0800578c   0x0800578c   0x00000020   Code   RO         1346    i.__0printf$8       mc_w.l(printf8.o)
    0x080057ac   0x080057ac   0x0000000e   Code   RO         1473    i.__scatterload_copy  mc_w.l(handlers.o)
    0x080057ba   0x080057ba   0x00000002   Code   RO         1474    i.__scatterload_null  mc_w.l(handlers.o)
    0x080057bc   0x080057bc   0x0000000e   Code   RO         1475    i.__scatterload_zeroinit  mc_w.l(handlers.o)
    0x080057ca   0x080057ca   0x0000000e   Code   RO         1429    i._is_digit         mc_w.l(scanf_fp.o)
    0x080057d8   0x080057d8   0x00000408   Code   RO         1353    i._printf_core      mc_w.l(printf8.o)
    0x08005be0   0x08005be0   0x00000024   Code   RO         1354    i._printf_post_padding  mc_w.l(printf8.o)
    0x08005c04   0x08005c04   0x0000002e   Code   RO         1355    i._printf_pre_padding  mc_w.l(printf8.o)
    0x08005c32   0x08005c32   0x0000000e   Data   RO          655    .constdata          esp8266_at.o
    0x08005c40   0x08005c40   0x00000011   Data   RO         1086    .constdata          segger_rtt.o
    0x08005c51   0x08005c51   0x00000040   Data   RO         1467    .constdata          mc_w.l(ctype_c.o)
    0x08005c91   0x08005c91   0x00000003   PAD
    0x08005c94   0x08005c94   0x000000ae   Data   RO          656    .conststring        esp8266_at.o
    0x08005d42   0x08005d42   0x00000002   PAD
    0x08005d44   0x08005d44   0x00000020   Data   RO         1471    Region$$Table       anon$$obj.o


    Execution Region RW_IRAM1 (Exec base: 0x20000000, Load base: 0x08005d64, Size: 0x00004938, Max: 0x00005000, ABSOLUTE)

    Exec Addr    Load Addr    Size         Type   Attr      Idx    E Section Name        Object

    0x20000000   0x08005d64   0x00000014   Data   RW          355    .data               stm32f10x_rcc.o
    0x20000014   0x08005d78   0x00000040   Data   RW          526    .data               tasks.o
    0x20000054   0x08005db8   0x0000001c   Data   RW          563    .data               heap_4.o
    0x20000070   0x08005dd4   0x00000004   Data   RW          578    .data               port.o
    0x20000074   0x08005dd8   0x00000014   Data   RW          618    .data               system_stm32f10x.o
    0x20000088   0x08005dec   0x00000024   Data   RW          657    .data               esp8266_at.o
    0x200000ac   0x08005e10   0x00000010   Data   RW          684    .data               task_manager.o
    0x200000bc   0x08005e20   0x00000008   Data   RW         1036    .data               platform_mutex.o
    0x200000c4   0x08005e28   0x00000011   Data   RW         1087    .data               segger_rtt.o
    0x200000d5   0x08005e39   0x00000003   PAD
    0x200000d8   0x08005e3c   0x00000004   Data   RW         1416    .data               mc_w.l(stdout.o)
    0x200000dc        -       0x000000c8   Zero   RW          525    .bss                tasks.o
    0x200001a4        -       0x00003c00   Zero   RW          562    .bss                heap_4.o
    0x20003da4        -       0x00000038   Zero   RW          683    .bss                task_manager.o
    0x20003ddc        -       0x00000054   Zero   RW          716    .bss                dev_usart.o
    0x20003e30        -       0x00000180   Zero   RW          717    .bss                dev_usart.o
    0x20003fb0        -       0x000000ca   Zero   RW          738    .bss                bsp_usart_config.o
    0x2000407a   0x08005e40   0x00000002   PAD
    0x2000407c        -       0x000004b8   Zero   RW         1085    .bss                segger_rtt.o
    0x20004534   0x08005e40   0x00000004   PAD
    0x20004538        -       0x00000400   Zero   RW          635    STACK               startup_stm32f10x_hd.o


==============================================================================

Image component sizes


      Code (inc. data)   RO Data    RW Data    ZI Data      Debug   Object Name

       652         24          0          0        202       2259   bsp_usart_config.o
       324         24          0          0        468       4203   dev_usart.o
      1528        194        188         36          0       7191   esp8266_at.o
         0          0          0          0          0      14484   event_groups.o
       266          0          0          0          0       2472   fifo.o
        14          0          0          0          0       1226   hal_at.o
       764         14          0         28      15360       5721   heap_4.o
       138          0          0          0          0       1890   list.o
        40         24          0          0          0     263667   main.o
       184         12          0          0          0       1901   misc.o
       204          8          0          8          0       3358   platform_mutex.o
       350         30          0          4          0       7032   port.o
      2092         12          0          0          0      16574   queue.o
       180          0          0          0          0       1762   ringbuf.o
      2576         42         17         17       1208      22300   segger_rtt.o
        36          8        304          0       1024        784   startup_stm32f10x_hd.o
       488         10          0          0          0       4750   stm32f10x_dma.o
       664         36          0          0          0       6165   stm32f10x_gpio.o
       100         14          0          0          0       1399   stm32f10x_it.o
       756         32          0         20          0       9280   stm32f10x_rcc.o
       924         20          0          0          0       9116   stm32f10x_usart.o
       372         34          0         20          0       1807   system_stm32f10x.o
       652        322          0         16         56       2120   task_manager.o
      4784         82          0         64        200      36027   tasks.o

    ----------------------------------------------------------------------
     18096        942        543        216      18524     427488   Object Totals
         0          0         32          0          0          0   (incl. Generated)
         8          0          2          3          6          0   (incl. Padding)

    ----------------------------------------------------------------------

      Code (inc. data)   RO Data    RW Data    ZI Data      Debug   Library Member Name

        28          0          0          0          0         68   _chval.o
       808          6          0          0          0        112   _scanf.o
       332          0          0          0          0         96   _scanf_int.o
       342          0          0          0          0        100   _scanf_longlong.o
       218          0          0          0          0         96   _scanf_str.o
        64          0          0          0          0         84   _sgetc.o
        40          6         64          0          0         68   ctype_c.o
         0          0          0          0          0          0   entry.o
         0          0          0          0          0          0   entry10a.o
         0          0          0          0          0          0   entry11a.o
         8          4          0          0          0          0   entry2.o
         4          0          0          0          0          0   entry5.o
         0          0          0          0          0          0   entry7b.o
         0          0          0          0          0          0   entry8b.o
         8          4          0          0          0          0   entry9a.o
        30          0          0          0          0          0   handlers.o
        36          8          0          0          0         68   init.o
        10          0          0          0          0         68   isspace_c.o
         0          0          0          0          0          0   iusefp.o
        30          0          0          0          0         68   llshl.o
        32          0          0          0          0         68   llushr.o
        26          0          0          0          0         80   memcmp.o
        36          0          0          0          0         68   memcpya.o
        36          0          0          0          0        108   memseta.o
      1146         54          0          0          0        352   printf8.o
        40          8          0          0          0         84   scanf_char.o
       838         12          0          0          0        216   scanf_fp.o
        56          8          0          0          0         84   sscanf.o
         0          0          0          4          0          0   stdout.o
        14          0          0          0          0         68   strlen.o
        30          0          0          0          0         80   strncmp.o
        24          0          0          0          0         76   strncpy.o
        36          0          0          0          0         80   strstr.o
        98          0          0          0          0         92   uldiv.o
        56          0          0          0          0         88   d2f.o
       222          0          0          0          0        100   ddiv.o
       182          0          0          0          0        176   depilogue.o
        24          0          0          0          0         76   dfltul.o
       228          0          0          0          0         96   dmul.o
       110          0          0          0          0        168   fepilogue.o

    ----------------------------------------------------------------------
      5202        110         67          4          0       2988   Library Totals
        10          0          3          0          0          0   (incl. Padding)

    ----------------------------------------------------------------------

      Code (inc. data)   RO Data    RW Data    ZI Data      Debug   Library Name

      4370        110         64          4          0       2284   mc_w.l
       822          0          0          0          0        704   mf_w.l

    ----------------------------------------------------------------------
      5202        110         67          4          0       2988   Library Totals

    ----------------------------------------------------------------------

==============================================================================


      Code (inc. data)   RO Data    RW Data    ZI Data      Debug   

     23298       1052        610        220      18524     426624   Grand Totals
     23298       1052        610        220      18524     426624   ELF Image Totals
     23298       1052        610        220          0          0   ROM Totals

==============================================================================

    Total RO  Size (Code + RO Data)                23908 (  23.35kB)
    Total RW  Size (RW Data + ZI Data)             18744 (  18.30kB)
    Total ROM Size (Code + RO Data + RW Data)      24128 (  23.56kB)

==============================================================================

