<html>
<body>
<pre>
<h1>µVision Build Log</h1>
<h2>Tool Versions:</h2>
IDE-Version: ¦ÌVision V5.38.0.0
Copyright (C) 2022 ARM Ltd and ARM Germany GmbH. All rights reserved.
License Information: En Windows, HP Inc., LIC=SDA0P-MHUBL-634MB-2JW6G-PZ1PI-JPW54
 
Tool Versions:
Toolchain:       MDK-ARM Plus  Version: 5.38.0.0
Toolchain Path:  D:\Keil_v5\ARM\ARMCC\Bin
C Compiler:      Armcc.exe V5.04 update 1 (build 49)
Assembler:       Armasm.exe V5.04 update 1 (build 49)
Linker/Locator:  ArmLink.exe V5.04 update 1 (build 49)
Library Manager: ArmAr.exe V5.04 update 1 (build 49)
Hex Converter:   FromElf.exe V5.04 update 1 (build 49)
CPU DLL:         SARMCM3.DLL V5.38.0.0
Dialog DLL:      DARMSTM.DLL V1.69.1.0
Target DLL:      Segger\JL2CM3.dll V2.99.42.0
Dialog DLL:      TARMSTM.DLL V1.67.1.0
 
<h2>Project:</h2>
D:\OpenSource\RTOS\stm32_FreeRTOS_mqtt\PROJECT\stm32_FreeRTOS_template.uvprojx
Project File Date:  11/23/2023

<h2>Output:</h2>
*** Using Compiler 'V5.04 update 1 (build 49)', folder: 'D:\Keil_v5\ARM\ARMCC\Bin'
Build target 'stm32_FreeRTOS_template'
compiling fifo.c...
..\DRIVE\inc\fifo.h(39): warning:  #1-D: last line of file ends without a newline
  #endif
..\DRIVE\src\fifo.c(107): warning:  #174-D: expression has no effect
      pfifo->lock;
..\DRIVE\src\fifo.c(122): warning:  #174-D: expression has no effect
      pfifo->unlock;
..\DRIVE\src\fifo.c(149): warning:  #174-D: expression has no effect
      pfifo->lock;
..\DRIVE\src\fifo.c(164): warning:  #174-D: expression has no effect
      pfifo->unlock;
..\DRIVE\src\fifo.c(46): warning:  #177-D: function "get_fifo_total_size" was declared but never referenced
  static uint32_t get_fifo_total_size(fifo_t *pfifo)
..\DRIVE\src\fifo.c: 6 warnings, 0 errors
linking...
Program Size: Code=22766 RO-data=610 RW-data=220 ZI-data=18252  
FromELF: creating hex file...
"..\OBJ\stm32_FreeRTOS_template.axf" - 0 Error(s), 6 Warning(s).

<h2>Software Packages used:</h2>

Package Vendor: ARM
                http://www.keil.com/pack/ARM.CMSIS.5.9.0.pack
                ARM.CMSIS.5.9.0
                CMSIS (Common Microcontroller Software Interface Standard)
   * Component: CORE Version: 5.6.0

Package Vendor: Keil
                https://www.keil.com/pack/Keil.STM32F1xx_DFP.2.4.1.pack
                Keil.STM32F1xx_DFP.2.4.1
                STMicroelectronics STM32F1 Series Device Support, Drivers and Examples

<h2>Collection of Component include folders:</h2>
  ./RTE/_stm32_FreeRTOS_template
  D:/Keil_v5/ARM/Packs/ARM/CMSIS/5.9.0/CMSIS/Core/Include
  D:/Keil_v5/ARM/Packs/Keil/STM32F1xx_DFP/2.4.1/Device/Include

<h2>Collection of Component Files used:</h2>

   * Component: ARM::CMSIS:CORE:5.6.0
Build Time Elapsed:  00:00:01
</pre>
</body>
</html>
